Archive member included to satisfy reference by file (symbol)

/usr/lib/gcc/arm-none-eabi/9.2.1/thumb/v7e-m+fp/hard/libgcc.a(_aeabi_uldivmod.o)
                              CMakeFiles/Demo.elf.dir/Drivers/STM32F4xx_HAL_Driver/Src/stm32f4xx_hal_rcc.c.obj (__aeabi_uldivmod)
/usr/lib/gcc/arm-none-eabi/9.2.1/thumb/v7e-m+fp/hard/libgcc.a(_udivmoddi4.o)
                              /usr/lib/gcc/arm-none-eabi/9.2.1/thumb/v7e-m+fp/hard/libgcc.a(_aeabi_uldivmod.o) (__udivmoddi4)
/usr/lib/gcc/arm-none-eabi/9.2.1/thumb/v7e-m+fp/hard/libgcc.a(_dvmd_tls.o)
                              /usr/lib/gcc/arm-none-eabi/9.2.1/thumb/v7e-m+fp/hard/libgcc.a(_aeabi_uldivmod.o) (__aeabi_ldiv0)
/usr/lib/gcc/arm-none-eabi/9.2.1/../../../arm-none-eabi/lib/thumb/v7e-m+fp/hard/libg.a(lib_a-atexit.o)
                              /usr/lib/gcc/arm-none-eabi/9.2.1/../../../arm-none-eabi/lib/thumb/v7e-m+fp/hard/crt0.o (atexit)
/usr/lib/gcc/arm-none-eabi/9.2.1/../../../arm-none-eabi/lib/thumb/v7e-m+fp/hard/libg.a(lib_a-errno.o)
                              CMakeFiles/Demo.elf.dir/Core/Src/syscalls.c.obj (__errno)
/usr/lib/gcc/arm-none-eabi/9.2.1/../../../arm-none-eabi/lib/thumb/v7e-m+fp/hard/libg.a(lib_a-exit.o)
                              /usr/lib/gcc/arm-none-eabi/9.2.1/../../../arm-none-eabi/lib/thumb/v7e-m+fp/hard/crt0.o (exit)
/usr/lib/gcc/arm-none-eabi/9.2.1/../../../arm-none-eabi/lib/thumb/v7e-m+fp/hard/libg.a(lib_a-fini.o)
                              /usr/lib/gcc/arm-none-eabi/9.2.1/../../../arm-none-eabi/lib/thumb/v7e-m+fp/hard/crt0.o (__libc_fini_array)
/usr/lib/gcc/arm-none-eabi/9.2.1/../../../arm-none-eabi/lib/thumb/v7e-m+fp/hard/libg.a(lib_a-impure.o)
                              /usr/lib/gcc/arm-none-eabi/9.2.1/../../../arm-none-eabi/lib/thumb/v7e-m+fp/hard/libg.a(lib_a-exit.o) (_global_impure_ptr)
/usr/lib/gcc/arm-none-eabi/9.2.1/../../../arm-none-eabi/lib/thumb/v7e-m+fp/hard/libg.a(lib_a-init.o)
                              /usr/lib/gcc/arm-none-eabi/9.2.1/../../../arm-none-eabi/lib/thumb/v7e-m+fp/hard/crt0.o (__libc_init_array)
/usr/lib/gcc/arm-none-eabi/9.2.1/../../../arm-none-eabi/lib/thumb/v7e-m+fp/hard/libg.a(lib_a-memcpy.o)
                              CMakeFiles/Demo.elf.dir/Middlewares/Third_Party/FreeRTOS/Source/CMSIS_RTOS_V2/cmsis_os2.c.obj (memcpy)
/usr/lib/gcc/arm-none-eabi/9.2.1/../../../arm-none-eabi/lib/thumb/v7e-m+fp/hard/libg.a(lib_a-memset.o)
                              /usr/lib/gcc/arm-none-eabi/9.2.1/../../../arm-none-eabi/lib/thumb/v7e-m+fp/hard/crt0.o (memset)
/usr/lib/gcc/arm-none-eabi/9.2.1/../../../arm-none-eabi/lib/thumb/v7e-m+fp/hard/libg.a(lib_a-puts.o)
                              CMakeFiles/Demo.elf.dir/Core/Src/freertos.c.obj (puts)
/usr/lib/gcc/arm-none-eabi/9.2.1/../../../arm-none-eabi/lib/thumb/v7e-m+fp/hard/libg.a(lib_a-strlen.o)
                              /usr/lib/gcc/arm-none-eabi/9.2.1/../../../arm-none-eabi/lib/thumb/v7e-m+fp/hard/libg.a(lib_a-puts.o) (strlen)
/usr/lib/gcc/arm-none-eabi/9.2.1/../../../arm-none-eabi/lib/thumb/v7e-m+fp/hard/libg.a(lib_a-__atexit.o)
                              /usr/lib/gcc/arm-none-eabi/9.2.1/../../../arm-none-eabi/lib/thumb/v7e-m+fp/hard/libg.a(lib_a-atexit.o) (__register_exitproc)
/usr/lib/gcc/arm-none-eabi/9.2.1/../../../arm-none-eabi/lib/thumb/v7e-m+fp/hard/libg.a(lib_a-__call_atexit.o)
                              /usr/lib/gcc/arm-none-eabi/9.2.1/../../../arm-none-eabi/lib/thumb/v7e-m+fp/hard/libg.a(lib_a-exit.o) (__call_exitprocs)
/usr/lib/gcc/arm-none-eabi/9.2.1/../../../arm-none-eabi/lib/thumb/v7e-m+fp/hard/libg.a(lib_a-findfp.o)
                              /usr/lib/gcc/arm-none-eabi/9.2.1/../../../arm-none-eabi/lib/thumb/v7e-m+fp/hard/libg.a(lib_a-puts.o) (__sinit)
/usr/lib/gcc/arm-none-eabi/9.2.1/../../../arm-none-eabi/lib/thumb/v7e-m+fp/hard/libg.a(lib_a-fvwrite.o)
                              /usr/lib/gcc/arm-none-eabi/9.2.1/../../../arm-none-eabi/lib/thumb/v7e-m+fp/hard/libg.a(lib_a-puts.o) (__sfvwrite_r)
/usr/lib/gcc/arm-none-eabi/9.2.1/../../../arm-none-eabi/lib/thumb/v7e-m+fp/hard/libg.a(lib_a-fwalk.o)
                              /usr/lib/gcc/arm-none-eabi/9.2.1/../../../arm-none-eabi/lib/thumb/v7e-m+fp/hard/libg.a(lib_a-findfp.o) (_fwalk)
/usr/lib/gcc/arm-none-eabi/9.2.1/../../../arm-none-eabi/lib/thumb/v7e-m+fp/hard/libg.a(lib_a-mallocr.o)
                              /usr/lib/gcc/arm-none-eabi/9.2.1/../../../arm-none-eabi/lib/thumb/v7e-m+fp/hard/libg.a(lib_a-findfp.o) (_malloc_r)
/usr/lib/gcc/arm-none-eabi/9.2.1/../../../arm-none-eabi/lib/thumb/v7e-m+fp/hard/libg.a(lib_a-memchr.o)
                              /usr/lib/gcc/arm-none-eabi/9.2.1/../../../arm-none-eabi/lib/thumb/v7e-m+fp/hard/libg.a(lib_a-fvwrite.o) (memchr)
/usr/lib/gcc/arm-none-eabi/9.2.1/../../../arm-none-eabi/lib/thumb/v7e-m+fp/hard/libg.a(lib_a-memmove.o)
                              /usr/lib/gcc/arm-none-eabi/9.2.1/../../../arm-none-eabi/lib/thumb/v7e-m+fp/hard/libg.a(lib_a-fvwrite.o) (memmove)
[...]
Memory Configuration

Name             Origin             Length             Attributes
CCMRAM           0x0000000010000000 0x0000000000010000 xrw
RAM              0x0000000020000000 0x0000000000030000 xrw
FLASH            0x0000000008000000 0x0000000000200000 xr
*default*        0x0000000000000000 0xffffffffffffffff

Linker script and memory map

LOAD /usr/lib/gcc/arm-none-eabi/9.2.1/thumb/v7e-m+fp/hard/crti.o
LOAD /usr/lib/gcc/arm-none-eabi/9.2.1/thumb/v7e-m+fp/hard/crtbegin.o
LOAD /usr/lib/gcc/arm-none-eabi/9.2.1/../../../arm-none-eabi/lib/thumb/v7e-m+fp/hard/crt0.o
LOAD CMakeFiles/Demo.elf.dir/Core/Src/dma.c.obj
LOAD CMakeFiles/Demo.elf.dir/Core/Src/freertos.c.obj
LOAD CMakeFiles/Demo.elf.dir/Core/Src/gpio.c.obj
LOAD CMakeFiles/Demo.elf.dir/Core/Src/main.c.obj
LOAD CMakeFiles/Demo.elf.dir/Core/Src/stm32f4xx_hal_msp.c.obj
LOAD CMakeFiles/Demo.elf.dir/Core/Src/stm32f4xx_hal_timebase_tim.c.obj
LOAD CMakeFiles/Demo.elf.dir/Core/Src/stm32f4xx_it.c.obj
LOAD CMakeFiles/Demo.elf.dir/Core/Src/syscalls.c.obj
LOAD CMakeFiles/Demo.elf.dir/Core/Src/sysmem.c.obj
LOAD CMakeFiles/Demo.elf.dir/Core/Src/system_stm32f4xx.c.obj
LOAD CMakeFiles/Demo.elf.dir/Core/Src/usart.c.obj
LOAD CMakeFiles/Demo.elf.dir/Core/Startup/startup_stm32f427iihx.s.obj
LOAD CMakeFiles/Demo.elf.dir/Drivers/STM32F4xx_HAL_Driver/Src/stm32f4xx_hal.c.obj
LOAD CMakeFiles/Demo.elf.dir/Drivers/STM32F4xx_HAL_Driver/Src/stm32f4xx_hal_cortex.c.obj
LOAD CMakeFiles/Demo.elf.dir/Drivers/STM32F4xx_HAL_Driver/Src/stm32f4xx_hal_dma.c.obj
LOAD CMakeFiles/Demo.elf.dir/Drivers/STM32F4xx_HAL_Driver/Src/stm32f4xx_hal_dma_ex.c.obj
LOAD CMakeFiles/Demo.elf.dir/Drivers/STM32F4xx_HAL_Driver/Src/stm32f4xx_hal_exti.c.obj
LOAD CMakeFiles/Demo.elf.dir/Drivers/STM32F4xx_HAL_Driver/Src/stm32f4xx_hal_flash.c.obj
LOAD CMakeFiles/Demo.elf.dir/Drivers/STM32F4xx_HAL_Driver/Src/stm32f4xx_hal_flash_ex.c.obj
LOAD CMakeFiles/Demo.elf.dir/Drivers/STM32F4xx_HAL_Driver/Src/stm32f4xx_hal_flash_ramfunc.c.obj
LOAD CMakeFiles/Demo.elf.dir/Drivers/STM32F4xx_HAL_Driver/Src/stm32f4xx_hal_gpio.c.obj
LOAD CMakeFiles/Demo.elf.dir/Drivers/STM32F4xx_HAL_Driver/Src/stm32f4xx_hal_pwr.c.obj
LOAD CMakeFiles/Demo.elf.dir/Drivers/STM32F4xx_HAL_Driver/Src/stm32f4xx_hal_pwr_ex.c.obj
LOAD CMakeFiles/Demo.elf.dir/Drivers/STM32F4xx_HAL_Driver/Src/stm32f4xx_hal_rcc.c.obj
LOAD CMakeFiles/Demo.elf.dir/Drivers/STM32F4xx_HAL_Driver/Src/stm32f4xx_hal_rcc_ex.c.obj
LOAD CMakeFiles/Demo.elf.dir/Drivers/STM32F4xx_HAL_Driver/Src/stm32f4xx_hal_tim.c.obj
LOAD CMakeFiles/Demo.elf.dir/Drivers/STM32F4xx_HAL_Driver/Src/stm32f4xx_hal_tim_ex.c.obj
LOAD CMakeFiles/Demo.elf.dir/Drivers/STM32F4xx_HAL_Driver/Src/stm32f4xx_hal_uart.c.obj
LOAD CMakeFiles/Demo.elf.dir/Middlewares/Third_Party/FreeRTOS/Source/CMSIS_RTOS_V2/cmsis_os2.c.obj
LOAD CMakeFiles/Demo.elf.dir/Middlewares/Third_Party/FreeRTOS/Source/croutine.c.obj
LOAD CMakeFiles/Demo.elf.dir/Middlewares/Third_Party/FreeRTOS/Source/event_groups.c.obj
LOAD CMakeFiles/Demo.elf.dir/Middlewares/Third_Party/FreeRTOS/Source/list.c.obj
LOAD CMakeFiles/Demo.elf.dir/Middlewares/Third_Party/FreeRTOS/Source/portable/GCC/ARM_CM4F/port.c.obj
LOAD CMakeFiles/Demo.elf.dir/Middlewares/Third_Party/FreeRTOS/Source/portable/MemMang/heap_4.c.obj
LOAD CMakeFiles/Demo.elf.dir/Middlewares/Third_Party/FreeRTOS/Source/queue.c.obj
LOAD CMakeFiles/Demo.elf.dir/Middlewares/Third_Party/FreeRTOS/Source/stream_buffer.c.obj
LOAD CMakeFiles/Demo.elf.dir/Middlewares/Third_Party/FreeRTOS/Source/tasks.c.obj
LOAD CMakeFiles/Demo.elf.dir/Middlewares/Third_Party/FreeRTOS/Source/timers.c.obj
START GROUP
LOAD /usr/lib/gcc/arm-none-eabi/9.2.1/thumb/v7e-m+fp/hard/libgcc.a
LOAD /usr/lib/gcc/arm-none-eabi/9.2.1/../../../arm-none-eabi/lib/thumb/v7e-m+fp/hard/libg.a
LOAD /usr/lib/gcc/arm-none-eabi/9.2.1/../../../arm-none-eabi/lib/thumb/v7e-m+fp/hard/libc.a
END GROUP
LOAD /usr/lib/gcc/arm-none-eabi/9.2.1/thumb/v7e-m+fp/hard/crtend.o
LOAD /usr/lib/gcc/arm-none-eabi/9.2.1/thumb/v7e-m+fp/hard/crtn.o
                0x0000000020030000                _estack = (ORIGIN (RAM) + LENGTH (RAM))
                0x0000000000000200                _Min_Heap_Size = 0x200
                0x0000000000000400                _Min_Stack_Size = 0x400

.isr_vector     0x0000000008000000      0x1ac
                0x0000000008000000                . = ALIGN (0x4)
 *(.isr_vector)
 .isr_vector    0x0000000008000000      0x1ac CMakeFiles/Demo.elf.dir/Core/Startup/startup_stm32f427iihx.s.obj
                0x0000000008000000                g_pfnVectors
                0x00000000080001ac                . = ALIGN (0x4)

.text           0x00000000080001c0     0x6078
                0x00000000080001c0                . = ALIGN (0x4)
 *(.text)
 .text          0x00000000080001c0       0x88 /usr/lib/gcc/arm-none-eabi/9.2.1/thumb/v7e-m+fp/hard/crtbegin.o
 .text          0x0000000008000248       0x30 /usr/lib/gcc/arm-none-eabi/9.2.1/thumb/v7e-m+fp/hard/libgcc.a(_aeabi_uldivmod.o)
                0x0000000008000248                __aeabi_uldivmod
 .text          0x0000000008000278      0x2c4 /usr/lib/gcc/arm-none-eabi/9.2.1/thumb/v7e-m+fp/hard/libgcc.a(_udivmoddi4.o)
                0x0000000008000278                __udivmoddi4
 .text          0x000000000800053c        0x4 /usr/lib/gcc/arm-none-eabi/9.2.1/thumb/v7e-m+fp/hard/libgcc.a(_dvmd_tls.o)
                0x000000000800053c                __aeabi_ldiv0
                0x000000000800053c                __aeabi_idiv0
 .text          0x0000000008000540        0xc /usr/lib/gcc/arm-none-eabi/9.2.1/../../../arm-none-eabi/lib/thumb/v7e-m+fp/hard/libg.a(lib_a-atexit.o)
                0x0000000008000540                atexit
 .text          0x000000000800054c        0xc /usr/lib/gcc/arm-none-eabi/9.2.1/../../../arm-none-eabi/lib/thumb/v7e-m+fp/hard/libg.a(lib_a-errno.o)
                0x000000000800054c                __errno
 .text          0x0000000008000558       0x34 /usr/lib/gcc/arm-none-eabi/9.2.1/../../../arm-none-eabi/lib/thumb/v7e-m+fp/hard/libg.a(lib_a-fini.o)
                0x0000000008000558                __libc_fini_array
 .text          0x000000000800058c       0x48 /usr/lib/gcc/arm-none-eabi/9.2.1/../../../arm-none-eabi/lib/thumb/v7e-m+fp/hard/libg.a(lib_a-init.o)
                0x000000000800058c                __libc_init_array
 .text          0x00000000080005d4      0x134 /usr/lib/gcc/arm-none-eabi/9.2.1/../../../arm-none-eabi/lib/thumb/v7e-m+fp/hard/libg.a(lib_a-memcpy.o)
                0x00000000080005d4                memcpy
 .text          0x0000000008000708       0xa0 /usr/lib/gcc/arm-none-eabi/9.2.1/../../../arm-none-eabi/lib/thumb/v7e-m+fp/hard/libg.a(lib_a-memset.o)
                0x0000000008000708                memset
 .text          0x00000000080007a8       0x78 /usr/lib/gcc/arm-none-eabi/9.2.1/../../../arm-none-eabi/lib/thumb/v7e-m+fp/hard/libg.a(lib_a-puts.o)
                0x00000000080007a8                _puts_r
                0x0000000008000810                puts
 *fill*         0x0000000008000820       0x20 
 .text          0x0000000008000840       0xdc /usr/lib/gcc/arm-none-eabi/9.2.1/../../../arm-none-eabi/lib/thumb/v7e-m+fp/hard/libg.a(lib_a-strlen.o)
                0x0000000008000840                strlen
 .text          0x000000000800091c       0x68 /usr/lib/gcc/arm-none-eabi/9.2.1/../../../arm-none-eabi/lib/thumb/v7e-m+fp/hard/libg.a(lib_a-__atexit.o)
                0x000000000800091c                __register_exitproc
 .text          0x0000000008000984      0x1f4 /usr/lib/gcc/arm-none-eabi/9.2.1/../../../arm-none-eabi/lib/thumb/v7e-m+fp/hard/libg.a(lib_a-findfp.o)
                0x0000000008000988                _cleanup_r
                0x0000000008000a6c                __sfmoreglue
                0x0000000008000a9c                __sfp
                0x0000000008000b24                _cleanup
                0x0000000008000b38                __sinit
                0x0000000008000b40                __sfp_lock_acquire
                0x0000000008000b44                __sfp_lock_release
                0x0000000008000b48                __sinit_lock_acquire
                0x0000000008000b4c                __sinit_lock_release
                0x0000000008000b50                __fp_lock_all
                0x0000000008000b64                __fp_unlock_all
 .text          0x0000000008000b78      0x308 /usr/lib/gcc/arm-none-eabi/9.2.1/../../../arm-none-eabi/lib/thumb/v7e-m+fp/hard/libg.a(lib_a-fvwrite.o)
                0x0000000008000b78                __sfvwrite_r
 .text          0x0000000008000e80       0xa0 /usr/lib/gcc/arm-none-eabi/9.2.1/../../../arm-none-eabi/lib/thumb/v7e-m+fp/hard/libg.a(lib_a-fwalk.o)
                0x0000000008000e80                _fwalk
                0x0000000008000ecc                _fwalk_reent
 .text          0x0000000008000f20      0x564 /usr/lib/gcc/arm-none-eabi/9.2.1/../../../arm-none-eabi/lib/thumb/v7e-m+fp/hard/libg.a(lib_a-mallocr.o)
                0x0000000008000f20                _malloc_r
 *fill*         0x0000000008001484        0xc 
 .text          0x0000000008001490       0xa0 /usr/lib/gcc/arm-none-eabi/9.2.1/../../../arm-none-eabi/lib/thumb/v7e-m+fp/hard/libg.a(lib_a-memchr.o)
                0x0000000008001490                memchr
 .text          0x0000000008001530       0xd0 /usr/lib/gcc/arm-none-eabi/9.2.1/../../../arm-none-eabi/lib/thumb/v7e-m+fp/hard/libg.a(lib_a-memmove.o)
                0x0000000008001530                memmove
 .text          0x0000000008001600        0x8 /usr/lib/gcc/arm-none-eabi/9.2.1/../../../arm-none-eabi/lib/thumb/v7e-m+fp/hard/libg.a(lib_a-mlock.o)
                0x0000000008001600                __malloc_lock
                0x0000000008001604                __malloc_unlock
 .text          0x0000000008001608      0x36c /usr/lib/gcc/arm-none-eabi/9.2.1/../../../arm-none-eabi/lib/thumb/v7e-m+fp/hard/libg.a(lib_a-reallocr.o)
                0x0000000008001608                _realloc_r
 .text          0x0000000008001974       0x24 /usr/lib/gcc/arm-none-eabi/9.2.1/../../../arm-none-eabi/lib/thumb/v7e-m+fp/hard/libg.a(lib_a-sbrkr.o)
                0x0000000008001974                _sbrk_r
 .text          0x0000000008001998       0x90 /usr/lib/gcc/arm-none-eabi/9.2.1/../../../arm-none-eabi/lib/thumb/v7e-m+fp/hard/libg.a(lib_a-stdio.o)
                0x0000000008001998                __sread
                0x00000000080019bc                __seofread
                0x00000000080019c0                __swrite
                0x0000000008001a00                __sseek
                0x0000000008001a20                __sclose
 .text          0x0000000008001a28       0x2c /usr/lib/gcc/arm-none-eabi/9.2.1/../../../arm-none-eabi/lib/thumb/v7e-m+fp/hard/libg.a(lib_a-writer.o)
                0x0000000008001a28                _write_r
 .text          0x0000000008001a54       0xd0 /usr/lib/gcc/arm-none-eabi/9.2.1/../../../arm-none-eabi/lib/thumb/v7e-m+fp/hard/libg.a(lib_a-wsetup.o)
                0x0000000008001a54                __swsetup_r
 .text          0x0000000008001b24       0x24 /usr/lib/gcc/arm-none-eabi/9.2.1/../../../arm-none-eabi/lib/thumb/v7e-m+fp/hard/libg.a(lib_a-closer.o)
                0x0000000008001b24                _close_r
 .text          0x0000000008001b48       0x98 /usr/lib/gcc/arm-none-eabi/9.2.1/../../../arm-none-eabi/lib/thumb/v7e-m+fp/hard/libg.a(lib_a-fclose.o)
                0x0000000008001b48                _fclose_r
                0x0000000008001bd0                fclose
 .text          0x0000000008001be0      0x1a4 /usr/lib/gcc/arm-none-eabi/9.2.1/../../../arm-none-eabi/lib/thumb/v7e-m+fp/hard/libg.a(lib_a-fflush.o)
                0x0000000008001be0                __sflush_r
                0x0000000008001d2c                _fflush_r
                0x0000000008001d60                fflush
 .text          0x0000000008001d84      0x294 /usr/lib/gcc/arm-none-eabi/9.2.1/../../../arm-none-eabi/lib/thumb/v7e-m+fp/hard/libg.a(lib_a-freer.o)
                0x0000000008001d84                _malloc_trim_r
                0x0000000008001e24                _free_r
 .text          0x0000000008002018       0x2c /usr/lib/gcc/arm-none-eabi/9.2.1/../../../arm-none-eabi/lib/thumb/v7e-m+fp/hard/libg.a(lib_a-lseekr.o)
                0x0000000008002018                _lseek_r
 .text          0x0000000008002044       0xf0 /usr/lib/gcc/arm-none-eabi/9.2.1/../../../arm-none-eabi/lib/thumb/v7e-m+fp/hard/libg.a(lib_a-makebuf.o)
                0x0000000008002044                __swhatbuf_r
                0x00000000080020a0                __smakebuf_r
 .text          0x0000000008002134       0x2c /usr/lib/gcc/arm-none-eabi/9.2.1/../../../arm-none-eabi/lib/thumb/v7e-m+fp/hard/libg.a(lib_a-readr.o)
                0x0000000008002134                _read_r
 .text          0x0000000008002160       0x28 /usr/lib/gcc/arm-none-eabi/9.2.1/../../../arm-none-eabi/lib/thumb/v7e-m+fp/hard/libg.a(lib_a-fstatr.o)
                0x0000000008002160                _fstat_r
 .text          0x0000000008002188       0x24 /usr/lib/gcc/arm-none-eabi/9.2.1/../../../arm-none-eabi/lib/thumb/v7e-m+fp/hard/libg.a(lib_a-isattyr.o)
                0x0000000008002188                _isatty_r
 *(.text*)
 .text.MX_DMA_Init
                0x00000000080021ac       0x44 CMakeFiles/Demo.elf.dir/Core/Src/dma.c.obj
                0x00000000080021ac                MX_DMA_Init
 .text.myTimer_Callback
                0x00000000080021f0       0x30 CMakeFiles/Demo.elf.dir/Core/Src/freertos.c.obj
                0x00000000080021f0                myTimer_Callback
 .text.StartDefaultTask
                0x0000000008002220       0x28 CMakeFiles/Demo.elf.dir/Core/Src/freertos.c.obj
                0x0000000008002220                StartDefaultTask
 .text.LED_Task
                0x0000000008002248       0x50 CMakeFiles/Demo.elf.dir/Core/Src/freertos.c.obj
                0x0000000008002248                LED_Task
 .text.MX_FREERTOS_Init
                0x0000000008002298       0x54 CMakeFiles/Demo.elf.dir/Core/Src/freertos.c.obj
                0x0000000008002298                MX_FREERTOS_Init
 .text.MX_GPIO_Init
                0x00000000080022ec       0xa4 CMakeFiles/Demo.elf.dir/Core/Src/gpio.c.obj
                0x00000000080022ec                MX_GPIO_Init
 .text.HAL_TIM_PeriodElapsedCallback
                0x0000000008002390       0x18 CMakeFiles/Demo.elf.dir/Core/Src/main.c.obj
                0x0000000008002390                HAL_TIM_PeriodElapsedCallback
 .text.Error_Handler
                0x00000000080023a8        0x4 CMakeFiles/Demo.elf.dir/Core/Src/main.c.obj
                0x00000000080023a8                Error_Handler
 .text.SystemClock_Config
                0x00000000080023ac       0xa8 CMakeFiles/Demo.elf.dir/Core/Src/main.c.obj
                0x00000000080023ac                SystemClock_Config
 .text.main     0x0000000008002454       0x24 CMakeFiles/Demo.elf.dir/Core/Src/main.c.obj
                0x0000000008002454                main
 .text.HAL_MspInit
                0x0000000008002478       0x44 CMakeFiles/Demo.elf.dir/Core/Src/stm32f4xx_hal_msp.c.obj
                0x0000000008002478                HAL_MspInit
 .text.HAL_InitTick
                0x00000000080024bc       0x98 CMakeFiles/Demo.elf.dir/Core/Src/stm32f4xx_hal_timebase_tim.c.obj
                0x00000000080024bc                HAL_InitTick
 .text.NMI_Handler
                0x0000000008002554        0x2 CMakeFiles/Demo.elf.dir/Core/Src/stm32f4xx_it.c.obj
                0x0000000008002554                NMI_Handler
 .text.HardFault_Handler
                0x0000000008002556        0x2 CMakeFiles/Demo.elf.dir/Core/Src/stm32f4xx_it.c.obj
                0x0000000008002556                HardFault_Handler
 .text.MemManage_Handler
                0x0000000008002558        0x2 CMakeFiles/Demo.elf.dir/Core/Src/stm32f4xx_it.c.obj
                0x0000000008002558                MemManage_Handler
 .text.BusFault_Handler
                0x000000000800255a        0x2 CMakeFiles/Demo.elf.dir/Core/Src/stm32f4xx_it.c.obj
                0x000000000800255a                BusFault_Handler
 .text.UsageFault_Handler
                0x000000000800255c        0x2 CMakeFiles/Demo.elf.dir/Core/Src/stm32f4xx_it.c.obj
                0x000000000800255c                UsageFault_Handler
 .text.DebugMon_Handler
                0x000000000800255e        0x2 CMakeFiles/Demo.elf.dir/Core/Src/stm32f4xx_it.c.obj
                0x000000000800255e                DebugMon_Handler
 .text.DMA1_Stream0_IRQHandler
                0x0000000008002560       0x10 CMakeFiles/Demo.elf.dir/Core/Src/stm32f4xx_it.c.obj
                0x0000000008002560                DMA1_Stream0_IRQHandler
 .text.DMA1_Stream6_IRQHandler
                0x0000000008002570       0x10 CMakeFiles/Demo.elf.dir/Core/Src/stm32f4xx_it.c.obj
                0x0000000008002570                DMA1_Stream6_IRQHandler
 .text.TIM1_UP_TIM10_IRQHandler
                0x0000000008002580       0x10 CMakeFiles/Demo.elf.dir/Core/Src/stm32f4xx_it.c.obj
                0x0000000008002580                TIM1_UP_TIM10_IRQHandler
 .text.UART8_IRQHandler
                0x0000000008002590       0x58 CMakeFiles/Demo.elf.dir/Core/Src/stm32f4xx_it.c.obj
                0x0000000008002590                UART8_IRQHandler
 .text._read    0x00000000080025e8       0x20 CMakeFiles/Demo.elf.dir/Core/Src/syscalls.c.obj
                0x00000000080025e8                _read
 .text._write   0x0000000008002608       0x1c CMakeFiles/Demo.elf.dir/Core/Src/syscalls.c.obj
                0x0000000008002608                _write
 .text._close   0x0000000008002624        0x6 CMakeFiles/Demo.elf.dir/Core/Src/syscalls.c.obj
                0x0000000008002624                _close
 .text._fstat   0x000000000800262a        0xa CMakeFiles/Demo.elf.dir/Core/Src/syscalls.c.obj
                0x000000000800262a                _fstat
 .text._isatty  0x0000000008002634        0x4 CMakeFiles/Demo.elf.dir/Core/Src/syscalls.c.obj
                0x0000000008002634                _isatty
 .text._lseek   0x0000000008002638        0x4 CMakeFiles/Demo.elf.dir/Core/Src/syscalls.c.obj
                0x0000000008002638                _lseek
 .text._sbrk    0x000000000800263c       0x48 CMakeFiles/Demo.elf.dir/Core/Src/sysmem.c.obj
                0x000000000800263c                _sbrk
 .text.SystemInit
                0x0000000008002684       0x14 CMakeFiles/Demo.elf.dir/Core/Src/system_stm32f4xx.c.obj
                0x0000000008002684                SystemInit
 .text.__io_putchar
                0x0000000008002698       0x20 CMakeFiles/Demo.elf.dir/Core/Src/usart.c.obj
                0x0000000008002698                __io_putchar
 .text.MX_UART8_Init
                0x00000000080026b8       0x4c CMakeFiles/Demo.elf.dir/Core/Src/usart.c.obj
                0x00000000080026b8                MX_UART8_Init
 .text.HAL_UART_MspInit
                0x0000000008002704       0xf8 CMakeFiles/Demo.elf.dir/Core/Src/usart.c.obj
                0x0000000008002704                HAL_UART_MspInit
 .text.Reset_Handler
                0x00000000080027fc       0x50 CMakeFiles/Demo.elf.dir/Core/Startup/startup_stm32f427iihx.s.obj
                0x00000000080027fc                Reset_Handler
 .text.Default_Handler
                0x000000000800284c        0x2 CMakeFiles/Demo.elf.dir/Core/Startup/startup_stm32f427iihx.s.obj
                0x000000000800284c                RTC_Alarm_IRQHandler
                0x000000000800284c                HASH_RNG_IRQHandler
                0x000000000800284c                EXTI2_IRQHandler
                0x000000000800284c                TIM8_CC_IRQHandler
                0x000000000800284c                SPI4_IRQHandler
                0x000000000800284c                TIM1_CC_IRQHandler
                0x000000000800284c                DMA2_Stream5_IRQHandler
                0x000000000800284c                DMA1_Stream5_IRQHandler
                0x000000000800284c                PVD_IRQHandler
                0x000000000800284c                SDIO_IRQHandler
                0x000000000800284c                TAMP_STAMP_IRQHandler
                0x000000000800284c                CAN2_RX1_IRQHandler
                0x000000000800284c                EXTI3_IRQHandler
                0x000000000800284c                TIM8_TRG_COM_TIM14_IRQHandler
                0x000000000800284c                TIM8_UP_TIM13_IRQHandler
                0x000000000800284c                I2C3_ER_IRQHandler
                0x000000000800284c                EXTI0_IRQHandler
                0x000000000800284c                I2C2_EV_IRQHandler
                0x000000000800284c                DMA1_Stream2_IRQHandler
                0x000000000800284c                CAN1_RX0_IRQHandler
                0x000000000800284c                FPU_IRQHandler
                0x000000000800284c                OTG_HS_WKUP_IRQHandler
                0x000000000800284c                CAN2_SCE_IRQHandler
                0x000000000800284c                DMA2_Stream2_IRQHandler
                0x000000000800284c                SPI1_IRQHandler
                0x000000000800284c                TIM6_DAC_IRQHandler
                0x000000000800284c                TIM1_BRK_TIM9_IRQHandler
                0x000000000800284c                DCMI_IRQHandler
                0x000000000800284c                CAN2_RX0_IRQHandler
                0x000000000800284c                DMA2_Stream3_IRQHandler
                0x000000000800284c                USART6_IRQHandler
                0x000000000800284c                USART3_IRQHandler
                0x000000000800284c                CAN1_RX1_IRQHandler
                0x000000000800284c                UART5_IRQHandler
                0x000000000800284c                DMA2_Stream0_IRQHandler
                0x000000000800284c                TIM4_IRQHandler
                0x000000000800284c                I2C1_EV_IRQHandler
                0x000000000800284c                DMA1_Stream1_IRQHandler
                0x000000000800284c                UART4_IRQHandler
                0x000000000800284c                TIM3_IRQHandler
                0x000000000800284c                RCC_IRQHandler
                0x000000000800284c                TIM8_BRK_TIM12_IRQHandler
                0x000000000800284c                Default_Handler
                0x000000000800284c                EXTI15_10_IRQHandler
                0x000000000800284c                ADC_IRQHandler
                0x000000000800284c                DMA1_Stream7_IRQHandler
                0x000000000800284c                SPI5_IRQHandler
                0x000000000800284c                TIM7_IRQHandler
                0x000000000800284c                CAN2_TX_IRQHandler
                0x000000000800284c                TIM5_IRQHandler
                0x000000000800284c                DMA2_Stream7_IRQHandler
                0x000000000800284c                I2C3_EV_IRQHandler
                0x000000000800284c                EXTI9_5_IRQHandler
                0x000000000800284c                RTC_WKUP_IRQHandler
                0x000000000800284c                ETH_WKUP_IRQHandler
                0x000000000800284c                SPI2_IRQHandler
                0x000000000800284c                OTG_HS_EP1_IN_IRQHandler
                0x000000000800284c                CAN1_TX_IRQHandler
                0x000000000800284c                EXTI4_IRQHandler
                0x000000000800284c                ETH_IRQHandler
                0x000000000800284c                OTG_HS_EP1_OUT_IRQHandler
                0x000000000800284c                WWDG_IRQHandler
                0x000000000800284c                SPI6_IRQHandler
                0x000000000800284c                TIM2_IRQHandler
                0x000000000800284c                OTG_FS_WKUP_IRQHandler
                0x000000000800284c                TIM1_TRG_COM_TIM11_IRQHandler
                0x000000000800284c                OTG_HS_IRQHandler
                0x000000000800284c                DMA2D_IRQHandler
                0x000000000800284c                EXTI1_IRQHandler
                0x000000000800284c                UART7_IRQHandler
                0x000000000800284c                USART2_IRQHandler
                0x000000000800284c                I2C2_ER_IRQHandler
                0x000000000800284c                DMA2_Stream1_IRQHandler
                0x000000000800284c                CAN1_SCE_IRQHandler
                0x000000000800284c                FLASH_IRQHandler
                0x000000000800284c                DMA2_Stream4_IRQHandler
                0x000000000800284c                USART1_IRQHandler
                0x000000000800284c                OTG_FS_IRQHandler
                0x000000000800284c                SPI3_IRQHandler
                0x000000000800284c                DMA1_Stream4_IRQHandler
                0x000000000800284c                I2C1_ER_IRQHandler
                0x000000000800284c                FMC_IRQHandler
                0x000000000800284c                DMA2_Stream6_IRQHandler
                0x000000000800284c                SAI1_IRQHandler
                0x000000000800284c                DMA1_Stream3_IRQHandler
 *fill*         0x000000000800284e        0x2 
 .text.HAL_Init
                0x0000000008002850       0x34 CMakeFiles/Demo.elf.dir/Drivers/STM32F4xx_HAL_Driver/Src/stm32f4xx_hal.c.obj
                0x0000000008002850                HAL_Init
 .text.HAL_IncTick
                0x0000000008002884       0x18 CMakeFiles/Demo.elf.dir/Drivers/STM32F4xx_HAL_Driver/Src/stm32f4xx_hal.c.obj
                0x0000000008002884                HAL_IncTick
 .text.HAL_GetTick
                0x000000000800289c        0xc CMakeFiles/Demo.elf.dir/Drivers/STM32F4xx_HAL_Driver/Src/stm32f4xx_hal.c.obj
                0x000000000800289c                HAL_GetTick
 .text.HAL_NVIC_SetPriorityGrouping
                0x00000000080028a8       0x24 CMakeFiles/Demo.elf.dir/Drivers/STM32F4xx_HAL_Driver/Src/stm32f4xx_hal_cortex.c.obj
                0x00000000080028a8                HAL_NVIC_SetPriorityGrouping
 .text.HAL_NVIC_SetPriority
                0x00000000080028cc       0x68 CMakeFiles/Demo.elf.dir/Drivers/STM32F4xx_HAL_Driver/Src/stm32f4xx_hal_cortex.c.obj
                0x00000000080028cc                HAL_NVIC_SetPriority
 .text.HAL_NVIC_EnableIRQ
                0x0000000008002934       0x1c CMakeFiles/Demo.elf.dir/Drivers/STM32F4xx_HAL_Driver/Src/stm32f4xx_hal_cortex.c.obj
                0x0000000008002934                HAL_NVIC_EnableIRQ
 .text.DMA_SetConfig
                0x0000000008002950       0x2c CMakeFiles/Demo.elf.dir/Drivers/STM32F4xx_HAL_Driver/Src/stm32f4xx_hal_dma.c.obj
 .text.DMA_CalcBaseAndBitshift
                0x000000000800297c       0x44 CMakeFiles/Demo.elf.dir/Drivers/STM32F4xx_HAL_Driver/Src/stm32f4xx_hal_dma.c.obj
 .text.DMA_CheckFifoParam
                0x00000000080029c0       0x8e CMakeFiles/Demo.elf.dir/Drivers/STM32F4xx_HAL_Driver/Src/stm32f4xx_hal_dma.c.obj
 *fill*         0x0000000008002a4e        0x2 
 .text.HAL_DMA_Init
                0x0000000008002a50       0xcc CMakeFiles/Demo.elf.dir/Drivers/STM32F4xx_HAL_Driver/Src/stm32f4xx_hal_dma.c.obj
                0x0000000008002a50                HAL_DMA_Init
 .text.HAL_DMA_Start_IT
                0x0000000008002b1c       0x6a CMakeFiles/Demo.elf.dir/Drivers/STM32F4xx_HAL_Driver/Src/stm32f4xx_hal_dma.c.obj
                0x0000000008002b1c                HAL_DMA_Start_IT
 .text.HAL_DMA_Abort
                0x0000000008002b86       0x94 CMakeFiles/Demo.elf.dir/Drivers/STM32F4xx_HAL_Driver/Src/stm32f4xx_hal_dma.c.obj
                0x0000000008002b86                HAL_DMA_Abort
 .text.HAL_DMA_Abort_IT
                0x0000000008002c1a       0x26 CMakeFiles/Demo.elf.dir/Drivers/STM32F4xx_HAL_Driver/Src/stm32f4xx_hal_dma.c.obj
                0x0000000008002c1a                HAL_DMA_Abort_IT
 .text.HAL_DMA_IRQHandler
                0x0000000008002c40      0x1dc CMakeFiles/Demo.elf.dir/Drivers/STM32F4xx_HAL_Driver/Src/stm32f4xx_hal_dma.c.obj
                0x0000000008002c40                HAL_DMA_IRQHandler
 .text.HAL_GPIO_Init
                0x0000000008002e1c      0x1f0 CMakeFiles/Demo.elf.dir/Drivers/STM32F4xx_HAL_Driver/Src/stm32f4xx_hal_gpio.c.obj
                0x0000000008002e1c                HAL_GPIO_Init
 .text.HAL_GPIO_WritePin
                0x000000000800300c        0xc CMakeFiles/Demo.elf.dir/Drivers/STM32F4xx_HAL_Driver/Src/stm32f4xx_hal_gpio.c.obj
                0x000000000800300c                HAL_GPIO_WritePin
 .text.HAL_GPIO_TogglePin
                0x0000000008003018       0x12 CMakeFiles/Demo.elf.dir/Drivers/STM32F4xx_HAL_Driver/Src/stm32f4xx_hal_gpio.c.obj
                0x0000000008003018                HAL_GPIO_TogglePin
 *fill*         0x000000000800302a        0x2 
 .text.HAL_RCC_OscConfig
                0x000000000800302c      0x3f8 CMakeFiles/Demo.elf.dir/Drivers/STM32F4xx_HAL_Driver/Src/stm32f4xx_hal_rcc.c.obj
                0x000000000800302c                HAL_RCC_OscConfig
 .text.HAL_RCC_GetSysClockFreq
                0x0000000008003424       0xa0 CMakeFiles/Demo.elf.dir/Drivers/STM32F4xx_HAL_Driver/Src/stm32f4xx_hal_rcc.c.obj
                0x0000000008003424                HAL_RCC_GetSysClockFreq
 .text.HAL_RCC_ClockConfig
                0x00000000080034c4      0x160 CMakeFiles/Demo.elf.dir/Drivers/STM32F4xx_HAL_Driver/Src/stm32f4xx_hal_rcc.c.obj
                0x00000000080034c4                HAL_RCC_ClockConfig
 .text.HAL_RCC_GetHCLKFreq
                0x0000000008003624        0xc CMakeFiles/Demo.elf.dir/Drivers/STM32F4xx_HAL_Driver/Src/stm32f4xx_hal_rcc.c.obj
                0x0000000008003624                HAL_RCC_GetHCLKFreq
 .text.HAL_RCC_GetPCLK1Freq
                0x0000000008003630       0x20 CMakeFiles/Demo.elf.dir/Drivers/STM32F4xx_HAL_Driver/Src/stm32f4xx_hal_rcc.c.obj
                0x0000000008003630                HAL_RCC_GetPCLK1Freq
 .text.HAL_RCC_GetPCLK2Freq
                0x0000000008003650       0x20 CMakeFiles/Demo.elf.dir/Drivers/STM32F4xx_HAL_Driver/Src/stm32f4xx_hal_rcc.c.obj
                0x0000000008003650                HAL_RCC_GetPCLK2Freq
 .text.HAL_RCC_GetClockConfig
                0x0000000008003670       0x3c CMakeFiles/Demo.elf.dir/Drivers/STM32F4xx_HAL_Driver/Src/stm32f4xx_hal_rcc.c.obj
                0x0000000008003670                HAL_RCC_GetClockConfig
 .text.HAL_TIM_Base_MspInit
                0x00000000080036ac        0x2 CMakeFiles/Demo.elf.dir/Drivers/STM32F4xx_HAL_Driver/Src/stm32f4xx_hal_tim.c.obj
                0x00000000080036ac                HAL_TIM_Base_MspInit
 *fill*         0x00000000080036ae        0x2 
 .text.HAL_TIM_Base_Start_IT
                0x00000000080036b0       0x88 CMakeFiles/Demo.elf.dir/Drivers/STM32F4xx_HAL_Driver/Src/stm32f4xx_hal_tim.c.obj
                0x00000000080036b0                HAL_TIM_Base_Start_IT
 .text.HAL_TIM_OC_DelayElapsedCallback
                0x0000000008003738        0x2 CMakeFiles/Demo.elf.dir/Drivers/STM32F4xx_HAL_Driver/Src/stm32f4xx_hal_tim.c.obj
                0x0000000008003738                HAL_TIM_OC_DelayElapsedCallback
 .text.HAL_TIM_IC_CaptureCallback
                0x000000000800373a        0x2 CMakeFiles/Demo.elf.dir/Drivers/STM32F4xx_HAL_Driver/Src/stm32f4xx_hal_tim.c.obj
                0x000000000800373a                HAL_TIM_IC_CaptureCallback
 .text.HAL_TIM_PWM_PulseFinishedCallback
                0x000000000800373c        0x2 CMakeFiles/Demo.elf.dir/Drivers/STM32F4xx_HAL_Driver/Src/stm32f4xx_hal_tim.c.obj
                0x000000000800373c                HAL_TIM_PWM_PulseFinishedCallback
 .text.HAL_TIM_TriggerCallback
                0x000000000800373e        0x2 CMakeFiles/Demo.elf.dir/Drivers/STM32F4xx_HAL_Driver/Src/stm32f4xx_hal_tim.c.obj
                0x000000000800373e                HAL_TIM_TriggerCallback
 .text.HAL_TIM_IRQHandler
                0x0000000008003740      0x17a CMakeFiles/Demo.elf.dir/Drivers/STM32F4xx_HAL_Driver/Src/stm32f4xx_hal_tim.c.obj
                0x0000000008003740                HAL_TIM_IRQHandler
 *fill*         0x00000000080038ba        0x2 
 .text.TIM_Base_SetConfig
                0x00000000080038bc       0xc8 CMakeFiles/Demo.elf.dir/Drivers/STM32F4xx_HAL_Driver/Src/stm32f4xx_hal_tim.c.obj
                0x00000000080038bc                TIM_Base_SetConfig
 .text.HAL_TIM_Base_Init
                0x0000000008003984       0x58 CMakeFiles/Demo.elf.dir/Drivers/STM32F4xx_HAL_Driver/Src/stm32f4xx_hal_tim.c.obj
                0x0000000008003984                HAL_TIM_Base_Init
 .text.HAL_TIMEx_CommutCallback
                0x00000000080039dc        0x2 CMakeFiles/Demo.elf.dir/Drivers/STM32F4xx_HAL_Driver/Src/stm32f4xx_hal_tim_ex.c.obj
                0x00000000080039dc                HAL_TIMEx_CommutCallback
 .text.HAL_TIMEx_BreakCallback
                0x00000000080039de        0x2 CMakeFiles/Demo.elf.dir/Drivers/STM32F4xx_HAL_Driver/Src/stm32f4xx_hal_tim_ex.c.obj
                0x00000000080039de                HAL_TIMEx_BreakCallback
 .text.UART_EndTxTransfer
                0x00000000080039e0       0x20 CMakeFiles/Demo.elf.dir/Drivers/STM32F4xx_HAL_Driver/Src/stm32f4xx_hal_uart.c.obj
 .text.UART_EndRxTransfer
                0x0000000008003a00       0x5c CMakeFiles/Demo.elf.dir/Drivers/STM32F4xx_HAL_Driver/Src/stm32f4xx_hal_uart.c.obj
 .text.UART_Transmit_IT
                0x0000000008003a5c       0x60 CMakeFiles/Demo.elf.dir/Drivers/STM32F4xx_HAL_Driver/Src/stm32f4xx_hal_uart.c.obj
 .text.UART_SetConfig
                0x0000000008003abc      0x11c CMakeFiles/Demo.elf.dir/Drivers/STM32F4xx_HAL_Driver/Src/stm32f4xx_hal_uart.c.obj
 .text.UART_WaitOnFlagUntilTimeout
                0x0000000008003bd8       0x84 CMakeFiles/Demo.elf.dir/Drivers/STM32F4xx_HAL_Driver/Src/stm32f4xx_hal_uart.c.obj
 .text.HAL_UART_Init
                0x0000000008003c5c       0x5e CMakeFiles/Demo.elf.dir/Drivers/STM32F4xx_HAL_Driver/Src/stm32f4xx_hal_uart.c.obj
                0x0000000008003c5c                HAL_UART_Init
 .text.HAL_UART_Transmit
                0x0000000008003cba       0xd8 CMakeFiles/Demo.elf.dir/Drivers/STM32F4xx_HAL_Driver/Src/stm32f4xx_hal_uart.c.obj
                0x0000000008003cba                HAL_UART_Transmit
 .text.HAL_UART_DMAStop
                0x0000000008003d92       0x84 CMakeFiles/Demo.elf.dir/Drivers/STM32F4xx_HAL_Driver/Src/stm32f4xx_hal_uart.c.obj
                0x0000000008003d92                HAL_UART_DMAStop
 .text.HAL_UART_TxCpltCallback
                0x0000000008003e16        0x2 CMakeFiles/Demo.elf.dir/Drivers/STM32F4xx_HAL_Driver/Src/stm32f4xx_hal_uart.c.obj
                0x0000000008003e16                HAL_UART_TxCpltCallback
 .text.UART_EndTransmit_IT
                0x0000000008003e18       0x1a CMakeFiles/Demo.elf.dir/Drivers/STM32F4xx_HAL_Driver/Src/stm32f4xx_hal_uart.c.obj
 .text.HAL_UART_RxCpltCallback
                0x0000000008003e32        0x2 CMakeFiles/Demo.elf.dir/Drivers/STM32F4xx_HAL_Driver/Src/stm32f4xx_hal_uart.c.obj
                0x0000000008003e32                HAL_UART_RxCpltCallback
 .text.HAL_UART_RxHalfCpltCallback
                0x0000000008003e34        0x2 CMakeFiles/Demo.elf.dir/Drivers/STM32F4xx_HAL_Driver/Src/stm32f4xx_hal_uart.c.obj
                0x0000000008003e34                HAL_UART_RxHalfCpltCallback
 .text.HAL_UART_ErrorCallback
                0x0000000008003e36        0x2 CMakeFiles/Demo.elf.dir/Drivers/STM32F4xx_HAL_Driver/Src/stm32f4xx_hal_uart.c.obj
                0x0000000008003e36                HAL_UART_ErrorCallback
 .text.UART_DMAError
                0x0000000008003e38       0x58 CMakeFiles/Demo.elf.dir/Drivers/STM32F4xx_HAL_Driver/Src/stm32f4xx_hal_uart.c.obj
 .text.UART_DMAAbortOnError
                0x0000000008003e90       0x10 CMakeFiles/Demo.elf.dir/Drivers/STM32F4xx_HAL_Driver/Src/stm32f4xx_hal_uart.c.obj
 .text.HAL_UARTEx_RxEventCallback
                0x0000000008003ea0        0x2 CMakeFiles/Demo.elf.dir/Drivers/STM32F4xx_HAL_Driver/Src/stm32f4xx_hal_uart.c.obj
                0x0000000008003ea0                HAL_UARTEx_RxEventCallback
 .text.UART_Receive_IT
                0x0000000008003ea2       0xe2 CMakeFiles/Demo.elf.dir/Drivers/STM32F4xx_HAL_Driver/Src/stm32f4xx_hal_uart.c.obj
 .text.HAL_UART_IRQHandler
                0x0000000008003f84      0x280 CMakeFiles/Demo.elf.dir/Drivers/STM32F4xx_HAL_Driver/Src/stm32f4xx_hal_uart.c.obj
                0x0000000008003f84                HAL_UART_IRQHandler
 .text.UART_DMARxHalfCplt
                0x0000000008004204       0x1a CMakeFiles/Demo.elf.dir/Drivers/STM32F4xx_HAL_Driver/Src/stm32f4xx_hal_uart.c.obj
 .text.UART_DMAReceiveCplt
                0x000000000800421e       0x96 CMakeFiles/Demo.elf.dir/Drivers/STM32F4xx_HAL_Driver/Src/stm32f4xx_hal_uart.c.obj
 .text.UART_Start_Receive_DMA
                0x00000000080042b4       0xa8 CMakeFiles/Demo.elf.dir/Drivers/STM32F4xx_HAL_Driver/Src/stm32f4xx_hal_uart.c.obj
                0x00000000080042b4                UART_Start_Receive_DMA
 .text.HAL_UART_Receive_DMA
                0x000000000800435c       0x38 CMakeFiles/Demo.elf.dir/Drivers/STM32F4xx_HAL_Driver/Src/stm32f4xx_hal_uart.c.obj
                0x000000000800435c                HAL_UART_Receive_DMA
 .text.TimerCallback
                0x0000000008004394       0x10 CMakeFiles/Demo.elf.dir/Middlewares/Third_Party/FreeRTOS/Source/CMSIS_RTOS_V2/cmsis_os2.c.obj
 .text.SysTick_Handler
                0x00000000080043a4       0x1c CMakeFiles/Demo.elf.dir/Middlewares/Third_Party/FreeRTOS/Source/CMSIS_RTOS_V2/cmsis_os2.c.obj
                0x00000000080043a4                SysTick_Handler
 .text.osKernelInitialize
                0x00000000080043c0       0x24 CMakeFiles/Demo.elf.dir/Middlewares/Third_Party/FreeRTOS/Source/CMSIS_RTOS_V2/cmsis_os2.c.obj
                0x00000000080043c0                osKernelInitialize
 .text.osKernelStart
                0x00000000080043e4       0x38 CMakeFiles/Demo.elf.dir/Middlewares/Third_Party/FreeRTOS/Source/CMSIS_RTOS_V2/cmsis_os2.c.obj
                0x00000000080043e4                osKernelStart
 .text.osThreadNew
                0x000000000800441c       0xbc CMakeFiles/Demo.elf.dir/Middlewares/Third_Party/FreeRTOS/Source/CMSIS_RTOS_V2/cmsis_os2.c.obj
                0x000000000800441c                osThreadNew
 .text.osDelay  0x00000000080044d8       0x1c CMakeFiles/Demo.elf.dir/Middlewares/Third_Party/FreeRTOS/Source/CMSIS_RTOS_V2/cmsis_os2.c.obj
                0x00000000080044d8                osDelay
 .text.osTimerNew
                0x00000000080044f4       0xa8 CMakeFiles/Demo.elf.dir/Middlewares/Third_Party/FreeRTOS/Source/CMSIS_RTOS_V2/cmsis_os2.c.obj
                0x00000000080044f4                osTimerNew
 .text.osTimerStart
                0x000000000800459c       0x34 CMakeFiles/Demo.elf.dir/Middlewares/Third_Party/FreeRTOS/Source/CMSIS_RTOS_V2/cmsis_os2.c.obj
                0x000000000800459c                osTimerStart
 .text.vApplicationGetIdleTaskMemory
                0x00000000080045d0       0x18 CMakeFiles/Demo.elf.dir/Middlewares/Third_Party/FreeRTOS/Source/CMSIS_RTOS_V2/cmsis_os2.c.obj
                0x00000000080045d0                vApplicationGetIdleTaskMemory
 .text.vApplicationGetTimerTaskMemory
                0x00000000080045e8       0x18 CMakeFiles/Demo.elf.dir/Middlewares/Third_Party/FreeRTOS/Source/CMSIS_RTOS_V2/cmsis_os2.c.obj
                0x00000000080045e8                vApplicationGetTimerTaskMemory
 .text.vListInitialise
                0x0000000008004600       0x16 CMakeFiles/Demo.elf.dir/Middlewares/Third_Party/FreeRTOS/Source/list.c.obj
                0x0000000008004600                vListInitialise
 .text.vListInitialiseItem
                0x0000000008004616        0x6 CMakeFiles/Demo.elf.dir/Middlewares/Third_Party/FreeRTOS/Source/list.c.obj
                0x0000000008004616                vListInitialiseItem
 .text.vListInsertEnd
                0x000000000800461c       0x16 CMakeFiles/Demo.elf.dir/Middlewares/Third_Party/FreeRTOS/Source/list.c.obj
                0x000000000800461c                vListInsertEnd
 .text.vListInsert
                0x0000000008004632       0x32 CMakeFiles/Demo.elf.dir/Middlewares/Third_Party/FreeRTOS/Source/list.c.obj
                0x0000000008004632                vListInsert
 .text.uxListRemove
                0x0000000008004664       0x26 CMakeFiles/Demo.elf.dir/Middlewares/Third_Party/FreeRTOS/Source/list.c.obj
                0x0000000008004664                uxListRemove
 *fill*         0x000000000800468a        0x2 
 .text.prvTaskExitError
                0x000000000800468c       0x40 CMakeFiles/Demo.elf.dir/Middlewares/Third_Party/FreeRTOS/Source/portable/GCC/ARM_CM4F/port.c.obj
 .text.prvPortStartFirstTask
                0x00000000080046cc       0x28 CMakeFiles/Demo.elf.dir/Middlewares/Third_Party/FreeRTOS/Source/portable/GCC/ARM_CM4F/port.c.obj
 .text.vPortEnableVFP
                0x00000000080046f4       0x14 CMakeFiles/Demo.elf.dir/Middlewares/Third_Party/FreeRTOS/Source/portable/GCC/ARM_CM4F/port.c.obj
 .text.pxPortInitialiseStack
                0x0000000008004708       0x2c CMakeFiles/Demo.elf.dir/Middlewares/Third_Party/FreeRTOS/Source/portable/GCC/ARM_CM4F/port.c.obj
                0x0000000008004708                pxPortInitialiseStack
 *fill*         0x0000000008004734        0xc 
 .text.SVC_Handler
                0x0000000008004740       0x24 CMakeFiles/Demo.elf.dir/Middlewares/Third_Party/FreeRTOS/Source/portable/GCC/ARM_CM4F/port.c.obj
                0x0000000008004740                SVC_Handler
 .text.vPortEnterCritical
                0x0000000008004764       0x44 CMakeFiles/Demo.elf.dir/Middlewares/Third_Party/FreeRTOS/Source/portable/GCC/ARM_CM4F/port.c.obj
                0x0000000008004764                vPortEnterCritical
 .text.vPortExitCritical
                0x00000000080047a8       0x2c CMakeFiles/Demo.elf.dir/Middlewares/Third_Party/FreeRTOS/Source/portable/GCC/ARM_CM4F/port.c.obj
                0x00000000080047a8                vPortExitCritical
 *fill*         0x00000000080047d4        0xc 
 .text.PendSV_Handler
                0x00000000080047e0       0x64 CMakeFiles/Demo.elf.dir/Middlewares/Third_Party/FreeRTOS/Source/portable/GCC/ARM_CM4F/port.c.obj
                0x00000000080047e0                PendSV_Handler
 .text.xPortSysTickHandler
                0x0000000008004844       0x2c CMakeFiles/Demo.elf.dir/Middlewares/Third_Party/FreeRTOS/Source/portable/GCC/ARM_CM4F/port.c.obj
                0x0000000008004844                xPortSysTickHandler
 .text.vPortSetupTimerInterrupt
                0x0000000008004870       0x38 CMakeFiles/Demo.elf.dir/Middlewares/Third_Party/FreeRTOS/Source/portable/GCC/ARM_CM4F/port.c.obj
                0x0000000008004870                vPortSetupTimerInterrupt
 .text.xPortStartScheduler
                0x00000000080048a8      0x110 CMakeFiles/Demo.elf.dir/Middlewares/Third_Party/FreeRTOS/Source/portable/GCC/ARM_CM4F/port.c.obj
                0x00000000080048a8                xPortStartScheduler
 .text.vPortValidateInterruptPriority
                0x00000000080049b8       0x5c CMakeFiles/Demo.elf.dir/Middlewares/Third_Party/FreeRTOS/Source/portable/GCC/ARM_CM4F/port.c.obj
                0x00000000080049b8                vPortValidateInterruptPriority
 .text.prvHeapInit
                0x0000000008004a14       0x64 CMakeFiles/Demo.elf.dir/Middlewares/Third_Party/FreeRTOS/Source/portable/MemMang/heap_4.c.obj
 .text.prvInsertBlockIntoFreeList
                0x0000000008004a78       0x58 CMakeFiles/Demo.elf.dir/Middlewares/Third_Party/FreeRTOS/Source/portable/MemMang/heap_4.c.obj
 .text.pvPortMalloc
                0x0000000008004ad0       0xfc CMakeFiles/Demo.elf.dir/Middlewares/Third_Party/FreeRTOS/Source/portable/MemMang/heap_4.c.obj
                0x0000000008004ad0                pvPortMalloc
 .text.vPortFree
                0x0000000008004bcc       0x7c CMakeFiles/Demo.elf.dir/Middlewares/Third_Party/FreeRTOS/Source/portable/MemMang/heap_4.c.obj
                0x0000000008004bcc                vPortFree
 .text.prvIsQueueFull
                0x0000000008004c48       0x1e CMakeFiles/Demo.elf.dir/Middlewares/Third_Party/FreeRTOS/Source/queue.c.obj
 .text.prvIsQueueEmpty
                0x0000000008004c66       0x1a CMakeFiles/Demo.elf.dir/Middlewares/Third_Party/FreeRTOS/Source/queue.c.obj
 .text.prvCopyDataToQueue
                0x0000000008004c80       0x76 CMakeFiles/Demo.elf.dir/Middlewares/Third_Party/FreeRTOS/Source/queue.c.obj
 .text.prvCopyDataFromQueue
                0x0000000008004cf6       0x24 CMakeFiles/Demo.elf.dir/Middlewares/Third_Party/FreeRTOS/Source/queue.c.obj
 .text.prvUnlockQueue
                0x0000000008004d1a       0x6e CMakeFiles/Demo.elf.dir/Middlewares/Third_Party/FreeRTOS/Source/queue.c.obj
 .text.xQueueGenericReset
                0x0000000008004d88       0x84 CMakeFiles/Demo.elf.dir/Middlewares/Third_Party/FreeRTOS/Source/queue.c.obj
                0x0000000008004d88                xQueueGenericReset
 .text.prvInitialiseNewQueue
                0x0000000008004e0c       0x22 CMakeFiles/Demo.elf.dir/Middlewares/Third_Party/FreeRTOS/Source/queue.c.obj
 .text.xQueueGenericCreateStatic
                0x0000000008004e2e       0x94 CMakeFiles/Demo.elf.dir/Middlewares/Third_Party/FreeRTOS/Source/queue.c.obj
                0x0000000008004e2e                xQueueGenericCreateStatic
 *fill*         0x0000000008004ec2        0x2 
 .text.xQueueGenericSend
                0x0000000008004ec4      0x180 CMakeFiles/Demo.elf.dir/Middlewares/Third_Party/FreeRTOS/Source/queue.c.obj
                0x0000000008004ec4                xQueueGenericSend
 .text.xQueueGenericSendFromISR
                0x0000000008005044       0xd0 CMakeFiles/Demo.elf.dir/Middlewares/Third_Party/FreeRTOS/Source/queue.c.obj
                0x0000000008005044                xQueueGenericSendFromISR
 .text.xQueueReceive
                0x0000000008005114      0x15c CMakeFiles/Demo.elf.dir/Middlewares/Third_Party/FreeRTOS/Source/queue.c.obj
                0x0000000008005114                xQueueReceive
 .text.vQueueAddToRegistry
                0x0000000008005270       0x28 CMakeFiles/Demo.elf.dir/Middlewares/Third_Party/FreeRTOS/Source/queue.c.obj
                0x0000000008005270                vQueueAddToRegistry
 .text.vQueueWaitForMessageRestricted
                0x0000000008005298       0x52 CMakeFiles/Demo.elf.dir/Middlewares/Third_Party/FreeRTOS/Source/queue.c.obj
                0x0000000008005298                vQueueWaitForMessageRestricted
 *fill*         0x00000000080052ea        0x2 
 .text.prvResetNextTaskUnblockTime
                0x00000000080052ec       0x2c CMakeFiles/Demo.elf.dir/Middlewares/Third_Party/FreeRTOS/Source/tasks.c.obj
 .text.prvInitialiseNewTask
                0x0000000008005318       0x9a CMakeFiles/Demo.elf.dir/Middlewares/Third_Party/FreeRTOS/Source/tasks.c.obj
 *fill*         0x00000000080053b2        0x2 
 .text.prvInitialiseTaskLists
                0x00000000080053b4       0x68 CMakeFiles/Demo.elf.dir/Middlewares/Third_Party/FreeRTOS/Source/tasks.c.obj
 .text.prvAddNewTaskToReadyList
                0x000000000800541c       0xac CMakeFiles/Demo.elf.dir/Middlewares/Third_Party/FreeRTOS/Source/tasks.c.obj
 .text.prvDeleteTCB
                0x00000000080054c8       0x38 CMakeFiles/Demo.elf.dir/Middlewares/Third_Party/FreeRTOS/Source/tasks.c.obj
 .text.prvCheckTasksWaitingTermination
                0x0000000008005500       0x4c CMakeFiles/Demo.elf.dir/Middlewares/Third_Party/FreeRTOS/Source/tasks.c.obj
 .text.prvIdleTask
                0x000000000800554c       0x28 CMakeFiles/Demo.elf.dir/Middlewares/Third_Party/FreeRTOS/Source/tasks.c.obj
 .text.prvAddCurrentTaskToDelayedList
                0x0000000008005574       0x7c CMakeFiles/Demo.elf.dir/Middlewares/Third_Party/FreeRTOS/Source/tasks.c.obj
 .text.xTaskCreateStatic
                0x00000000080055f0       0x74 CMakeFiles/Demo.elf.dir/Middlewares/Third_Party/FreeRTOS/Source/tasks.c.obj
                0x00000000080055f0                xTaskCreateStatic
 .text.xTaskCreate
                0x0000000008005664       0x68 CMakeFiles/Demo.elf.dir/Middlewares/Third_Party/FreeRTOS/Source/tasks.c.obj
                0x0000000008005664                xTaskCreate
 .text.vTaskStartScheduler
                0x00000000080056cc       0x94 CMakeFiles/Demo.elf.dir/Middlewares/Third_Party/FreeRTOS/Source/tasks.c.obj
                0x00000000080056cc                vTaskStartScheduler
 .text.vTaskSuspendAll
                0x0000000008005760       0x10 CMakeFiles/Demo.elf.dir/Middlewares/Third_Party/FreeRTOS/Source/tasks.c.obj
                0x0000000008005760                vTaskSuspendAll
 .text.xTaskGetTickCount
                0x0000000008005770        0xc CMakeFiles/Demo.elf.dir/Middlewares/Third_Party/FreeRTOS/Source/tasks.c.obj
                0x0000000008005770                xTaskGetTickCount
 .text.xTaskIncrementTick
                0x000000000800577c      0x11c CMakeFiles/Demo.elf.dir/Middlewares/Third_Party/FreeRTOS/Source/tasks.c.obj
                0x000000000800577c                xTaskIncrementTick
 .text.xTaskResumeAll
                0x0000000008005898       0xf8 CMakeFiles/Demo.elf.dir/Middlewares/Third_Party/FreeRTOS/Source/tasks.c.obj
                0x0000000008005898                xTaskResumeAll
 .text.vTaskDelay
                0x0000000008005990       0x4c CMakeFiles/Demo.elf.dir/Middlewares/Third_Party/FreeRTOS/Source/tasks.c.obj
                0x0000000008005990                vTaskDelay
 .text.vTaskSwitchContext
                0x00000000080059dc       0x98 CMakeFiles/Demo.elf.dir/Middlewares/Third_Party/FreeRTOS/Source/tasks.c.obj
                0x00000000080059dc                vTaskSwitchContext
 .text.vTaskPlaceOnEventList
                0x0000000008005a74       0x30 CMakeFiles/Demo.elf.dir/Middlewares/Third_Party/FreeRTOS/Source/tasks.c.obj
                0x0000000008005a74                vTaskPlaceOnEventList
 .text.vTaskPlaceOnEventListRestricted
                0x0000000008005aa4       0x38 CMakeFiles/Demo.elf.dir/Middlewares/Third_Party/FreeRTOS/Source/tasks.c.obj
                0x0000000008005aa4                vTaskPlaceOnEventListRestricted
 .text.xTaskRemoveFromEventList
                0x0000000008005adc       0x8c CMakeFiles/Demo.elf.dir/Middlewares/Third_Party/FreeRTOS/Source/tasks.c.obj
                0x0000000008005adc                xTaskRemoveFromEventList
 .text.vTaskInternalSetTimeOutState
                0x0000000008005b68       0x18 CMakeFiles/Demo.elf.dir/Middlewares/Third_Party/FreeRTOS/Source/tasks.c.obj
                0x0000000008005b68                vTaskInternalSetTimeOutState
 .text.xTaskCheckForTimeOut
                0x0000000008005b80       0x84 CMakeFiles/Demo.elf.dir/Middlewares/Third_Party/FreeRTOS/Source/tasks.c.obj
                0x0000000008005b80                xTaskCheckForTimeOut
 .text.vTaskMissedYield
                0x0000000008005c04        0xc CMakeFiles/Demo.elf.dir/Middlewares/Third_Party/FreeRTOS/Source/tasks.c.obj
                0x0000000008005c04                vTaskMissedYield
 .text.xTaskGetSchedulerState
                0x0000000008005c10       0x20 CMakeFiles/Demo.elf.dir/Middlewares/Third_Party/FreeRTOS/Source/tasks.c.obj
                0x0000000008005c10                xTaskGetSchedulerState
 .text.xTaskPriorityDisinherit
                0x0000000008005c30       0x90 CMakeFiles/Demo.elf.dir/Middlewares/Third_Party/FreeRTOS/Source/tasks.c.obj
                0x0000000008005c30                xTaskPriorityDisinherit
 .text.prvGetNextExpireTime
                0x0000000008005cc0       0x20 CMakeFiles/Demo.elf.dir/Middlewares/Third_Party/FreeRTOS/Source/timers.c.obj
 .text.prvInsertTimerInActiveList
                0x0000000008005ce0       0x48 CMakeFiles/Demo.elf.dir/Middlewares/Third_Party/FreeRTOS/Source/timers.c.obj
 .text.prvCheckForValidListAndQueue
                0x0000000008005d28       0x70 CMakeFiles/Demo.elf.dir/Middlewares/Third_Party/FreeRTOS/Source/timers.c.obj
 .text.prvInitialiseNewTimer
                0x0000000008005d98       0x4c CMakeFiles/Demo.elf.dir/Middlewares/Third_Party/FreeRTOS/Source/timers.c.obj
 .text.xTimerCreateTimerTask
                0x0000000008005de4       0x64 CMakeFiles/Demo.elf.dir/Middlewares/Third_Party/FreeRTOS/Source/timers.c.obj
                0x0000000008005de4                xTimerCreateTimerTask
 .text.xTimerCreate
                0x0000000008005e48       0x38 CMakeFiles/Demo.elf.dir/Middlewares/Third_Party/FreeRTOS/Source/timers.c.obj
                0x0000000008005e48                xTimerCreate
 .text.xTimerCreateStatic
                0x0000000008005e80       0x4e CMakeFiles/Demo.elf.dir/Middlewares/Third_Party/FreeRTOS/Source/timers.c.obj
                0x0000000008005e80                xTimerCreateStatic
 *fill*         0x0000000008005ece        0x2 
 .text.xTimerGenericCommand
                0x0000000008005ed0       0x6c CMakeFiles/Demo.elf.dir/Middlewares/Third_Party/FreeRTOS/Source/timers.c.obj
                0x0000000008005ed0                xTimerGenericCommand
 .text.prvSwitchTimerLists
                0x0000000008005f3c       0x7c CMakeFiles/Demo.elf.dir/Middlewares/Third_Party/FreeRTOS/Source/timers.c.obj
 .text.prvSampleTimeNow
                0x0000000008005fb8       0x2c CMakeFiles/Demo.elf.dir/Middlewares/Third_Party/FreeRTOS/Source/timers.c.obj
 .text.prvProcessExpiredTimer
                0x0000000008005fe4       0x6c CMakeFiles/Demo.elf.dir/Middlewares/Third_Party/FreeRTOS/Source/timers.c.obj
 .text.prvProcessTimerOrBlockTask
                0x0000000008006050       0x74 CMakeFiles/Demo.elf.dir/Middlewares/Third_Party/FreeRTOS/Source/timers.c.obj
 .text.prvProcessReceivedCommands
                0x00000000080060c4      0x10c CMakeFiles/Demo.elf.dir/Middlewares/Third_Party/FreeRTOS/Source/timers.c.obj
 .text.prvTimerTask
                0x00000000080061d0       0x16 CMakeFiles/Demo.elf.dir/Middlewares/Third_Party/FreeRTOS/Source/timers.c.obj
 .text.pvTimerGetTimerID
                0x00000000080061e6       0x26 CMakeFiles/Demo.elf.dir/Middlewares/Third_Party/FreeRTOS/Source/timers.c.obj
                0x00000000080061e6                pvTimerGetTimerID
 .text.startup  0x000000000800620c       0x14 /usr/lib/gcc/arm-none-eabi/9.2.1/../../../arm-none-eabi/lib/thumb/v7e-m+fp/hard/libg.a(lib_a-__call_atexit.o)
 *(.glue_7)
 .glue_7        0x0000000008006220        0x0 linker stubs
 *(.glue_7t)
 .glue_7t       0x0000000008006220        0x0 linker stubs
 *(.eh_frame)
 .eh_frame      0x0000000008006220        0x0 /usr/lib/gcc/arm-none-eabi/9.2.1/thumb/v7e-m+fp/hard/crtbegin.o
 *(.init)
 .init          0x0000000008006220        0x4 /usr/lib/gcc/arm-none-eabi/9.2.1/thumb/v7e-m+fp/hard/crti.o
                0x0000000008006220                _init
 .init          0x0000000008006224        0x8 /usr/lib/gcc/arm-none-eabi/9.2.1/thumb/v7e-m+fp/hard/crtn.o
 *(.fini)
 .fini          0x000000000800622c        0x4 /usr/lib/gcc/arm-none-eabi/9.2.1/thumb/v7e-m+fp/hard/crti.o
                0x000000000800622c                _fini
 .fini          0x0000000008006230        0x8 /usr/lib/gcc/arm-none-eabi/9.2.1/thumb/v7e-m+fp/hard/crtn.o
                0x0000000008006238                . = ALIGN (0x4)
                0x0000000008006238                _etext = .

.vfp11_veneer   0x0000000008006238        0x0
 .vfp11_veneer  0x0000000008006238        0x0 linker stubs

.v4_bx          0x0000000008006238        0x0
 .v4_bx         0x0000000008006238        0x0 linker stubs

.iplt           0x0000000008006238        0x0
 .iplt          0x0000000008006238        0x0 /usr/lib/gcc/arm-none-eabi/9.2.1/thumb/v7e-m+fp/hard/crtbegin.o

.rodata         0x0000000008006238       0xb8
                0x0000000008006238                . = ALIGN (0x4)
 *(.rodata)
 .rodata        0x0000000008006238        0x4 /usr/lib/gcc/arm-none-eabi/9.2.1/../../../arm-none-eabi/lib/thumb/v7e-m+fp/hard/libg.a(lib_a-impure.o)
                0x0000000008006238                _global_impure_ptr
 *(.rodata*)
 .rodata.LED_Task.str1.4
                0x000000000800623c        0x5 CMakeFiles/Demo.elf.dir/Core/Src/freertos.c.obj
 *fill*         0x0000000008006241        0x3 
 .rodata.str1.4
                0x0000000008006244       0x18 CMakeFiles/Demo.elf.dir/Core/Src/freertos.c.obj
 .rodata.LED_attributes
                0x000000000800625c       0x24 CMakeFiles/Demo.elf.dir/Core/Src/freertos.c.obj
                0x000000000800625c                LED_attributes
 .rodata.defaultTask_attributes
                0x0000000008006280       0x24 CMakeFiles/Demo.elf.dir/Core/Src/freertos.c.obj
                0x0000000008006280                defaultTask_attributes
 .rodata.myTimer_attributes
                0x00000000080062a4       0x10 CMakeFiles/Demo.elf.dir/Core/Src/freertos.c.obj
                0x00000000080062a4                myTimer_attributes
 .rodata.AHBPrescTable
                0x00000000080062b4       0x10 CMakeFiles/Demo.elf.dir/Core/Src/system_stm32f4xx.c.obj
                0x00000000080062b4                AHBPrescTable
 .rodata.APBPrescTable
                0x00000000080062c4        0x8 CMakeFiles/Demo.elf.dir/Core/Src/system_stm32f4xx.c.obj
                0x00000000080062c4                APBPrescTable
 .rodata.flagBitshiftOffset.8388
                0x00000000080062cc        0x8 CMakeFiles/Demo.elf.dir/Drivers/STM32F4xx_HAL_Driver/Src/stm32f4xx_hal_dma.c.obj
 .rodata.vTaskStartScheduler.str1.4
                0x00000000080062d4        0x5 CMakeFiles/Demo.elf.dir/Middlewares/Third_Party/FreeRTOS/Source/tasks.c.obj
 *fill*         0x00000000080062d9        0x3 
 .rodata.prvCheckForValidListAndQueue.str1.4
                0x00000000080062dc        0x5 CMakeFiles/Demo.elf.dir/Middlewares/Third_Party/FreeRTOS/Source/timers.c.obj
 *fill*         0x00000000080062e1        0x3 
 .rodata.xTimerCreateTimerTask.str1.4
                0x00000000080062e4        0x8 CMakeFiles/Demo.elf.dir/Middlewares/Third_Party/FreeRTOS/Source/timers.c.obj
 .rodata.str1.4
                0x00000000080062ec        0x2 /usr/lib/gcc/arm-none-eabi/9.2.1/../../../arm-none-eabi/lib/thumb/v7e-m+fp/hard/libg.a(lib_a-puts.o)
                0x00000000080062f0                . = ALIGN (0x4)
 *fill*         0x00000000080062ee        0x2 

.ARM.extab      0x00000000080062f0        0x0
                0x00000000080062f0                . = ALIGN (0x4)
 *(.ARM.extab* .gnu.linkonce.armextab.*)
                0x00000000080062f0                . = ALIGN (0x4)

.ARM            0x00000000080062f0        0x8
                0x00000000080062f0                . = ALIGN (0x4)
                0x00000000080062f0                __exidx_start = .
 *(.ARM.exidx*)
 .ARM.exidx     0x00000000080062f0        0x8 /usr/lib/gcc/arm-none-eabi/9.2.1/thumb/v7e-m+fp/hard/libgcc.a(_udivmoddi4.o)
                0x00000000080062f8                __exidx_end = .
                0x00000000080062f8                . = ALIGN (0x4)

.rel.dyn        0x00000000080062f8        0x0
 .rel.iplt      0x00000000080062f8        0x0 /usr/lib/gcc/arm-none-eabi/9.2.1/thumb/v7e-m+fp/hard/crtbegin.o

.preinit_array  0x00000000080062f8        0x0
                0x00000000080062f8                . = ALIGN (0x4)
                0x00000000080062f8                PROVIDE (__preinit_array_start = .)
 *(.preinit_array*)
                0x00000000080062f8                PROVIDE (__preinit_array_end = .)
                0x00000000080062f8                . = ALIGN (0x4)

.init_array     0x00000000080062f8        0x8
                0x00000000080062f8                . = ALIGN (0x4)
                0x00000000080062f8                PROVIDE (__init_array_start = .)
 *(SORT_BY_NAME(.init_array.*))
 .init_array.00000
                0x00000000080062f8        0x4 /usr/lib/gcc/arm-none-eabi/9.2.1/../../../arm-none-eabi/lib/thumb/v7e-m+fp/hard/libg.a(lib_a-__call_atexit.o)
 *(.init_array*)
 .init_array    0x00000000080062fc        0x4 /usr/lib/gcc/arm-none-eabi/9.2.1/thumb/v7e-m+fp/hard/crtbegin.o
                0x0000000008006300                PROVIDE (__init_array_end = .)
                0x0000000008006300                . = ALIGN (0x4)

.fini_array     0x0000000008006300        0x4
                0x0000000008006300                . = ALIGN (0x4)
                0x0000000008006300                PROVIDE (__fini_array_start = .)
 *(SORT_BY_NAME(.fini_array.*))
 *(.fini_array*)
 .fini_array    0x0000000008006300        0x4 /usr/lib/gcc/arm-none-eabi/9.2.1/thumb/v7e-m+fp/hard/crtbegin.o
                0x0000000008006304                PROVIDE (__fini_array_end = .)
                0x0000000008006304                . = ALIGN (0x4)
                0x0000000008006304                _sidata = LOADADDR (.data)

.data           0x0000000020000000      0x850 load address 0x0000000008006304
                0x0000000020000000                . = ALIGN (0x4)
                0x0000000020000000                _sdata = .
 *(.data)
 .data          0x0000000020000000      0x430 /usr/lib/gcc/arm-none-eabi/9.2.1/../../../arm-none-eabi/lib/thumb/v7e-m+fp/hard/libg.a(lib_a-impure.o)
                0x0000000020000000                _impure_ptr
 .data          0x0000000020000430      0x410 /usr/lib/gcc/arm-none-eabi/9.2.1/../../../arm-none-eabi/lib/thumb/v7e-m+fp/hard/libg.a(lib_a-mallocr.o)
                0x0000000020000430                __malloc_av_
                0x0000000020000838                __malloc_sbrk_base
                0x000000002000083c                __malloc_trim_threshold
 *(.data*)
 .data.SystemCoreClock
                0x0000000020000840        0x4 CMakeFiles/Demo.elf.dir/Core/Src/system_stm32f4xx.c.obj
                0x0000000020000840                SystemCoreClock
 .data.uwTickFreq
                0x0000000020000844        0x1 CMakeFiles/Demo.elf.dir/Drivers/STM32F4xx_HAL_Driver/Src/stm32f4xx_hal.c.obj
                0x0000000020000844                uwTickFreq
 *fill*         0x0000000020000845        0x3 
 .data.uwTickPrio
                0x0000000020000848        0x4 CMakeFiles/Demo.elf.dir/Drivers/STM32F4xx_HAL_Driver/Src/stm32f4xx_hal.c.obj
                0x0000000020000848                uwTickPrio
 .data.uxCriticalNesting
                0x000000002000084c        0x4 CMakeFiles/Demo.elf.dir/Middlewares/Third_Party/FreeRTOS/Source/portable/GCC/ARM_CM4F/port.c.obj
 *(.RamFunc)
 *(.RamFunc*)
                0x0000000020000850                . = ALIGN (0x4)
                0x0000000020000850                _edata = .
                0x0000000008006b54                _siccmram = LOADADDR (.ccmram)

.tm_clone_table
                0x0000000020000850        0x0 load address 0x0000000008006b54
 .tm_clone_table
                0x0000000020000850        0x0 /usr/lib/gcc/arm-none-eabi/9.2.1/thumb/v7e-m+fp/hard/crtbegin.o
 .tm_clone_table
                0x0000000020000850        0x0 /usr/lib/gcc/arm-none-eabi/9.2.1/thumb/v7e-m+fp/hard/crtend.o

.igot.plt       0x0000000020000850        0x0 load address 0x0000000008006b54
 .igot.plt      0x0000000020000850        0x0 /usr/lib/gcc/arm-none-eabi/9.2.1/thumb/v7e-m+fp/hard/crtbegin.o

.ccmram         0x0000000010000000        0x0 load address 0x0000000008006b54
                0x0000000010000000                . = ALIGN (0x4)
                0x0000000010000000                _sccmram = .
 *(.ccmram)
 *(.ccmram*)
                0x0000000010000000                . = ALIGN (0x4)
                0x0000000010000000                _eccmram = .
                0x0000000010000000                . = ALIGN (0x4)

.bss            0x0000000020000850     0x4b70
                0x0000000020000850                _sbss = .
                0x0000000020000850                __bss_start__ = _sbss
 *(.bss)
 .bss           0x0000000020000850       0x1c /usr/lib/gcc/arm-none-eabi/9.2.1/thumb/v7e-m+fp/hard/crtbegin.o
 .bss           0x000000002000086c       0x34 /usr/lib/gcc/arm-none-eabi/9.2.1/../../../arm-none-eabi/lib/thumb/v7e-m+fp/hard/libg.a(lib_a-mallocr.o)
                0x000000002000086c                __malloc_top_pad
                0x0000000020000870                __malloc_current_mallinfo
                0x0000000020000898                __malloc_max_sbrked_mem
                0x000000002000089c                __malloc_max_total_mem
 *(.bss*)
 .bss.LEDHandle
                0x00000000200008a0        0x4 CMakeFiles/Demo.elf.dir/Core/Src/freertos.c.obj
                0x00000000200008a0                LEDHandle
 .bss.defaultTaskHandle
                0x00000000200008a4        0x4 CMakeFiles/Demo.elf.dir/Core/Src/freertos.c.obj
                0x00000000200008a4                defaultTaskHandle
 .bss.myTimerHandle
                0x00000000200008a8        0x4 CMakeFiles/Demo.elf.dir/Core/Src/freertos.c.obj
                0x00000000200008a8                myTimerHandle
 .bss.run_times.10339
                0x00000000200008ac        0x4 CMakeFiles/Demo.elf.dir/Core/Src/freertos.c.obj
 .bss.htim1     0x00000000200008b0       0x48 CMakeFiles/Demo.elf.dir/Core/Src/stm32f4xx_hal_timebase_tim.c.obj
                0x00000000200008b0                htim1
 .bss.__sbrk_heap_end
                0x00000000200008f8        0x4 CMakeFiles/Demo.elf.dir/Core/Src/sysmem.c.obj
 .bss.hdma_uart8_rx
                0x00000000200008fc       0x60 CMakeFiles/Demo.elf.dir/Core/Src/usart.c.obj
                0x00000000200008fc                hdma_uart8_rx
 .bss.hdma_uart8_tx
                0x000000002000095c       0x60 CMakeFiles/Demo.elf.dir/Core/Src/usart.c.obj
                0x000000002000095c                hdma_uart8_tx
 .bss.huart8    0x00000000200009bc       0x44 CMakeFiles/Demo.elf.dir/Core/Src/usart.c.obj
                0x00000000200009bc                huart8
 .bss.recv_end_flag
                0x0000000020000a00        0x1 CMakeFiles/Demo.elf.dir/Core/Src/usart.c.obj
                0x0000000020000a00                recv_end_flag
 *fill*         0x0000000020000a01        0x3 
 .bss.rx_buffer
                0x0000000020000a04       0x64 CMakeFiles/Demo.elf.dir/Core/Src/usart.c.obj
                0x0000000020000a04                rx_buffer
 .bss.rx_len    0x0000000020000a68        0x1 CMakeFiles/Demo.elf.dir/Core/Src/usart.c.obj
                0x0000000020000a68                rx_len
 *fill*         0x0000000020000a69        0x3 
 .bss.uwTick    0x0000000020000a6c        0x4 CMakeFiles/Demo.elf.dir/Drivers/STM32F4xx_HAL_Driver/Src/stm32f4xx_hal.c.obj
                0x0000000020000a6c                uwTick
 .bss.Idle_Stack.10171
                0x0000000020000a70      0x200 CMakeFiles/Demo.elf.dir/Middlewares/Third_Party/FreeRTOS/Source/CMSIS_RTOS_V2/cmsis_os2.c.obj
 .bss.Idle_TCB.10170
                0x0000000020000c70       0x5c CMakeFiles/Demo.elf.dir/Middlewares/Third_Party/FreeRTOS/Source/CMSIS_RTOS_V2/cmsis_os2.c.obj
 .bss.KernelState
                0x0000000020000ccc        0x4 CMakeFiles/Demo.elf.dir/Middlewares/Third_Party/FreeRTOS/Source/CMSIS_RTOS_V2/cmsis_os2.c.obj
 .bss.Timer_Stack.10178
                0x0000000020000cd0      0x400 CMakeFiles/Demo.elf.dir/Middlewares/Third_Party/FreeRTOS/Source/CMSIS_RTOS_V2/cmsis_os2.c.obj
 .bss.Timer_TCB.10177
                0x00000000200010d0       0x5c CMakeFiles/Demo.elf.dir/Middlewares/Third_Party/FreeRTOS/Source/CMSIS_RTOS_V2/cmsis_os2.c.obj
 .bss.ucMaxSysCallPriority
                0x000000002000112c        0x1 CMakeFiles/Demo.elf.dir/Middlewares/Third_Party/FreeRTOS/Source/portable/GCC/ARM_CM4F/port.c.obj
 *fill*         0x000000002000112d        0x3 
 .bss.ulMaxPRIGROUPValue
                0x0000000020001130        0x4 CMakeFiles/Demo.elf.dir/Middlewares/Third_Party/FreeRTOS/Source/portable/GCC/ARM_CM4F/port.c.obj
 .bss.pxEnd     0x0000000020001134        0x4 CMakeFiles/Demo.elf.dir/Middlewares/Third_Party/FreeRTOS/Source/portable/MemMang/heap_4.c.obj
 .bss.ucHeap    0x0000000020001138     0x3c00 CMakeFiles/Demo.elf.dir/Middlewares/Third_Party/FreeRTOS/Source/portable/MemMang/heap_4.c.obj
 .bss.xBlockAllocatedBit
                0x0000000020004d38        0x4 CMakeFiles/Demo.elf.dir/Middlewares/Third_Party/FreeRTOS/Source/portable/MemMang/heap_4.c.obj
 .bss.xFreeBytesRemaining
                0x0000000020004d3c        0x4 CMakeFiles/Demo.elf.dir/Middlewares/Third_Party/FreeRTOS/Source/portable/MemMang/heap_4.c.obj
 .bss.xMinimumEverFreeBytesRemaining
                0x0000000020004d40        0x4 CMakeFiles/Demo.elf.dir/Middlewares/Third_Party/FreeRTOS/Source/portable/MemMang/heap_4.c.obj
 .bss.xNumberOfSuccessfulAllocations
                0x0000000020004d44        0x4 CMakeFiles/Demo.elf.dir/Middlewares/Third_Party/FreeRTOS/Source/portable/MemMang/heap_4.c.obj
 .bss.xNumberOfSuccessfulFrees
                0x0000000020004d48        0x4 CMakeFiles/Demo.elf.dir/Middlewares/Third_Party/FreeRTOS/Source/portable/MemMang/heap_4.c.obj
 .bss.xStart    0x0000000020004d4c        0x8 CMakeFiles/Demo.elf.dir/Middlewares/Third_Party/FreeRTOS/Source/portable/MemMang/heap_4.c.obj
 .bss.xQueueRegistry
                0x0000000020004d54       0x40 CMakeFiles/Demo.elf.dir/Middlewares/Third_Party/FreeRTOS/Source/queue.c.obj
                0x0000000020004d54                xQueueRegistry
 .bss.pxCurrentTCB
                0x0000000020004d94        0x4 CMakeFiles/Demo.elf.dir/Middlewares/Third_Party/FreeRTOS/Source/tasks.c.obj
                0x0000000020004d94                pxCurrentTCB
 .bss.pxDelayedTaskList
                0x0000000020004d98        0x4 CMakeFiles/Demo.elf.dir/Middlewares/Third_Party/FreeRTOS/Source/tasks.c.obj
 .bss.pxOverflowDelayedTaskList
                0x0000000020004d9c        0x4 CMakeFiles/Demo.elf.dir/Middlewares/Third_Party/FreeRTOS/Source/tasks.c.obj
 .bss.pxReadyTasksLists
                0x0000000020004da0      0x460 CMakeFiles/Demo.elf.dir/Middlewares/Third_Party/FreeRTOS/Source/tasks.c.obj
 .bss.uxCurrentNumberOfTasks
                0x0000000020005200        0x4 CMakeFiles/Demo.elf.dir/Middlewares/Third_Party/FreeRTOS/Source/tasks.c.obj
 .bss.uxDeletedTasksWaitingCleanUp
                0x0000000020005204        0x4 CMakeFiles/Demo.elf.dir/Middlewares/Third_Party/FreeRTOS/Source/tasks.c.obj
 .bss.uxSchedulerSuspended
                0x0000000020005208        0x4 CMakeFiles/Demo.elf.dir/Middlewares/Third_Party/FreeRTOS/Source/tasks.c.obj
 .bss.uxTaskNumber
                0x000000002000520c        0x4 CMakeFiles/Demo.elf.dir/Middlewares/Third_Party/FreeRTOS/Source/tasks.c.obj
 .bss.uxTopReadyPriority
                0x0000000020005210        0x4 CMakeFiles/Demo.elf.dir/Middlewares/Third_Party/FreeRTOS/Source/tasks.c.obj
 .bss.xDelayedTaskList1
                0x0000000020005214       0x14 CMakeFiles/Demo.elf.dir/Middlewares/Third_Party/FreeRTOS/Source/tasks.c.obj
 .bss.xDelayedTaskList2
                0x0000000020005228       0x14 CMakeFiles/Demo.elf.dir/Middlewares/Third_Party/FreeRTOS/Source/tasks.c.obj
 .bss.xNextTaskUnblockTime
                0x000000002000523c        0x4 CMakeFiles/Demo.elf.dir/Middlewares/Third_Party/FreeRTOS/Source/tasks.c.obj
 .bss.xNumOfOverflows
                0x0000000020005240        0x4 CMakeFiles/Demo.elf.dir/Middlewares/Third_Party/FreeRTOS/Source/tasks.c.obj
 .bss.xPendedTicks
                0x0000000020005244        0x4 CMakeFiles/Demo.elf.dir/Middlewares/Third_Party/FreeRTOS/Source/tasks.c.obj
 .bss.xPendingReadyList
                0x0000000020005248       0x14 CMakeFiles/Demo.elf.dir/Middlewares/Third_Party/FreeRTOS/Source/tasks.c.obj
 .bss.xSchedulerRunning
                0x000000002000525c        0x4 CMakeFiles/Demo.elf.dir/Middlewares/Third_Party/FreeRTOS/Source/tasks.c.obj
 .bss.xSuspendedTaskList
                0x0000000020005260       0x14 CMakeFiles/Demo.elf.dir/Middlewares/Third_Party/FreeRTOS/Source/tasks.c.obj
 .bss.xTasksWaitingTermination
                0x0000000020005274       0x14 CMakeFiles/Demo.elf.dir/Middlewares/Third_Party/FreeRTOS/Source/tasks.c.obj
 .bss.xTickCount
                0x0000000020005288        0x4 CMakeFiles/Demo.elf.dir/Middlewares/Third_Party/FreeRTOS/Source/tasks.c.obj
 .bss.xYieldPending
                0x000000002000528c        0x4 CMakeFiles/Demo.elf.dir/Middlewares/Third_Party/FreeRTOS/Source/tasks.c.obj
 .bss.pxCurrentTimerList
                0x0000000020005290        0x4 CMakeFiles/Demo.elf.dir/Middlewares/Third_Party/FreeRTOS/Source/timers.c.obj
 .bss.pxOverflowTimerList
                0x0000000020005294        0x4 CMakeFiles/Demo.elf.dir/Middlewares/Third_Party/FreeRTOS/Source/timers.c.obj
 .bss.ucStaticTimerQueueStorage.6938
                0x0000000020005298       0xa0 CMakeFiles/Demo.elf.dir/Middlewares/Third_Party/FreeRTOS/Source/timers.c.obj
 .bss.xActiveTimerList1
                0x0000000020005338       0x14 CMakeFiles/Demo.elf.dir/Middlewares/Third_Party/FreeRTOS/Source/timers.c.obj
 .bss.xActiveTimerList2
                0x000000002000534c       0x14 CMakeFiles/Demo.elf.dir/Middlewares/Third_Party/FreeRTOS/Source/timers.c.obj
 .bss.xLastTime.6887
                0x0000000020005360        0x4 CMakeFiles/Demo.elf.dir/Middlewares/Third_Party/FreeRTOS/Source/timers.c.obj
 .bss.xStaticTimerQueue.6937
                0x0000000020005364       0x50 CMakeFiles/Demo.elf.dir/Middlewares/Third_Party/FreeRTOS/Source/timers.c.obj
 .bss.xTimerQueue
                0x00000000200053b4        0x4 CMakeFiles/Demo.elf.dir/Middlewares/Third_Party/FreeRTOS/Source/timers.c.obj
 .bss.xTimerTaskHandle
                0x00000000200053b8        0x4 CMakeFiles/Demo.elf.dir/Middlewares/Third_Party/FreeRTOS/Source/timers.c.obj
 *(COMMON)
 COMMON         0x00000000200053bc        0x4 /usr/lib/gcc/arm-none-eabi/9.2.1/../../../arm-none-eabi/lib/thumb/v7e-m+fp/hard/libg.a(lib_a-reent.o)
                0x00000000200053bc                errno
                0x00000000200053c0                . = ALIGN (0x4)
                0x00000000200053c0                _ebss = .
                0x00000000200053c0                __bss_end__ = _ebss

._user_heap_stack
                0x00000000200053c0      0x600
                0x00000000200053c0                . = ALIGN (0x8)
                [!provide]                        PROVIDE (end = .)
                0x00000000200053c0                PROVIDE (_end = .)
                0x00000000200055c0                . = (. + _Min_Heap_Size)
 *fill*         0x00000000200053c0      0x200 
                0x00000000200059c0                . = (. + _Min_Stack_Size)
 *fill*         0x00000000200055c0      0x400 
                0x00000000200059c0                . = ALIGN (0x8)

/DISCARD/
 libc.a(*)
 libm.a(*)
 libgcc.a(*)

.ARM.attributes
                0x0000000000000000       0x30
 *(.ARM.attributes)
 .ARM.attributes
                0x0000000000000000       0x1e /usr/lib/gcc/arm-none-eabi/9.2.1/thumb/v7e-m+fp/hard/crti.o
 .ARM.attributes
                0x000000000000001e       0x34 /usr/lib/gcc/arm-none-eabi/9.2.1/thumb/v7e-m+fp/hard/crtbegin.o
 .ARM.attributes
                0x0000000000000052       0x34 CMakeFiles/Demo.elf.dir/Core/Src/dma.c.obj
 .ARM.attributes
                0x0000000000000086       0x34 CMakeFiles/Demo.elf.dir/Core/Src/freertos.c.obj
 .ARM.attributes
                0x00000000000000ba       0x34 CMakeFiles/Demo.elf.dir/Core/Src/gpio.c.obj
 .ARM.attributes
                0x00000000000000ee       0x34 CMakeFiles/Demo.elf.dir/Core/Src/main.c.obj
 .ARM.attributes
                0x0000000000000122       0x34 CMakeFiles/Demo.elf.dir/Core/Src/stm32f4xx_hal_msp.c.obj
 .ARM.attributes
                0x0000000000000156       0x34 CMakeFiles/Demo.elf.dir/Core/Src/stm32f4xx_hal_timebase_tim.c.obj
 .ARM.attributes
                0x000000000000018a       0x34 CMakeFiles/Demo.elf.dir/Core/Src/stm32f4xx_it.c.obj
 .ARM.attributes
                0x00000000000001be       0x34 CMakeFiles/Demo.elf.dir/Core/Src/syscalls.c.obj
 .ARM.attributes
                0x00000000000001f2       0x34 CMakeFiles/Demo.elf.dir/Core/Src/sysmem.c.obj
 .ARM.attributes
                0x0000000000000226       0x34 CMakeFiles/Demo.elf.dir/Core/Src/system_stm32f4xx.c.obj
 .ARM.attributes
                0x000000000000025a       0x34 CMakeFiles/Demo.elf.dir/Core/Src/usart.c.obj
 .ARM.attributes
                0x000000000000028e       0x21 CMakeFiles/Demo.elf.dir/Core/Startup/startup_stm32f427iihx.s.obj
 .ARM.attributes
                0x00000000000002af       0x34 CMakeFiles/Demo.elf.dir/Drivers/STM32F4xx_HAL_Driver/Src/stm32f4xx_hal.c.obj
 .ARM.attributes
                0x00000000000002e3       0x34 CMakeFiles/Demo.elf.dir/Drivers/STM32F4xx_HAL_Driver/Src/stm32f4xx_hal_cortex.c.obj
 .ARM.attributes
                0x0000000000000317       0x34 CMakeFiles/Demo.elf.dir/Drivers/STM32F4xx_HAL_Driver/Src/stm32f4xx_hal_dma.c.obj
 .ARM.attributes
                0x000000000000034b       0x34 CMakeFiles/Demo.elf.dir/Drivers/STM32F4xx_HAL_Driver/Src/stm32f4xx_hal_gpio.c.obj
 .ARM.attributes
                0x000000000000037f       0x34 CMakeFiles/Demo.elf.dir/Drivers/STM32F4xx_HAL_Driver/Src/stm32f4xx_hal_rcc.c.obj
 .ARM.attributes
                0x00000000000003b3       0x34 CMakeFiles/Demo.elf.dir/Drivers/STM32F4xx_HAL_Driver/Src/stm32f4xx_hal_tim.c.obj
 .ARM.attributes
                0x00000000000003e7       0x34 CMakeFiles/Demo.elf.dir/Drivers/STM32F4xx_HAL_Driver/Src/stm32f4xx_hal_tim_ex.c.obj
 .ARM.attributes
                0x000000000000041b       0x34 CMakeFiles/Demo.elf.dir/Drivers/STM32F4xx_HAL_Driver/Src/stm32f4xx_hal_uart.c.obj
 .ARM.attributes
                0x000000000000044f       0x34 CMakeFiles/Demo.elf.dir/Middlewares/Third_Party/FreeRTOS/Source/CMSIS_RTOS_V2/cmsis_os2.c.obj
 .ARM.attributes
                0x0000000000000483       0x34 CMakeFiles/Demo.elf.dir/Middlewares/Third_Party/FreeRTOS/Source/list.c.obj
 .ARM.attributes
                0x00000000000004b7       0x34 CMakeFiles/Demo.elf.dir/Middlewares/Third_Party/FreeRTOS/Source/portable/GCC/ARM_CM4F/port.c.obj
 .ARM.attributes
                0x00000000000004eb       0x34 CMakeFiles/Demo.elf.dir/Middlewares/Third_Party/FreeRTOS/Source/portable/MemMang/heap_4.c.obj
 .ARM.attributes
                0x000000000000051f       0x34 CMakeFiles/Demo.elf.dir/Middlewares/Third_Party/FreeRTOS/Source/queue.c.obj
 .ARM.attributes
                0x0000000000000553       0x34 CMakeFiles/Demo.elf.dir/Middlewares/Third_Party/FreeRTOS/Source/tasks.c.obj
 .ARM.attributes
                0x0000000000000587       0x34 CMakeFiles/Demo.elf.dir/Middlewares/Third_Party/FreeRTOS/Source/timers.c.obj
 .ARM.attributes
                0x00000000000005bb       0x1e /usr/lib/gcc/arm-none-eabi/9.2.1/thumb/v7e-m+fp/hard/libgcc.a(_aeabi_uldivmod.o)
 .ARM.attributes
                0x00000000000005d9       0x34 /usr/lib/gcc/arm-none-eabi/9.2.1/thumb/v7e-m+fp/hard/libgcc.a(_udivmoddi4.o)
 .ARM.attributes
                0x000000000000060d       0x1e /usr/lib/gcc/arm-none-eabi/9.2.1/thumb/v7e-m+fp/hard/libgcc.a(_dvmd_tls.o)
 .ARM.attributes
                0x000000000000062b       0x34 /usr/lib/gcc/arm-none-eabi/9.2.1/../../../arm-none-eabi/lib/thumb/v7e-m+fp/hard/libg.a(lib_a-atexit.o)
 .ARM.attributes
                0x000000000000065f       0x34 /usr/lib/gcc/arm-none-eabi/9.2.1/../../../arm-none-eabi/lib/thumb/v7e-m+fp/hard/libg.a(lib_a-errno.o)
 .ARM.attributes
                0x0000000000000693       0x34 /usr/lib/gcc/arm-none-eabi/9.2.1/../../../arm-none-eabi/lib/thumb/v7e-m+fp/hard/libg.a(lib_a-fini.o)
 .ARM.attributes
                0x00000000000006c7       0x32 /usr/lib/gcc/arm-none-eabi/9.2.1/../../../arm-none-eabi/lib/thumb/v7e-m+fp/hard/libg.a(lib_a-impure.o)
 .ARM.attributes
                0x00000000000006f9       0x34 /usr/lib/gcc/arm-none-eabi/9.2.1/../../../arm-none-eabi/lib/thumb/v7e-m+fp/hard/libg.a(lib_a-init.o)
 .ARM.attributes
                0x000000000000072d       0x1c /usr/lib/gcc/arm-none-eabi/9.2.1/../../../arm-none-eabi/lib/thumb/v7e-m+fp/hard/libg.a(lib_a-memcpy.o)
 .ARM.attributes
                0x0000000000000749       0x34 /usr/lib/gcc/arm-none-eabi/9.2.1/../../../arm-none-eabi/lib/thumb/v7e-m+fp/hard/libg.a(lib_a-memset.o)
 .ARM.attributes
                0x000000000000077d       0x34 /usr/lib/gcc/arm-none-eabi/9.2.1/../../../arm-none-eabi/lib/thumb/v7e-m+fp/hard/libg.a(lib_a-puts.o)
 .ARM.attributes
                0x00000000000007b1       0x1c /usr/lib/gcc/arm-none-eabi/9.2.1/../../../arm-none-eabi/lib/thumb/v7e-m+fp/hard/libg.a(lib_a-strlen.o)
 .ARM.attributes
                0x00000000000007cd       0x34 /usr/lib/gcc/arm-none-eabi/9.2.1/../../../arm-none-eabi/lib/thumb/v7e-m+fp/hard/libg.a(lib_a-__atexit.o)
 .ARM.attributes
                0x0000000000000801       0x34 /usr/lib/gcc/arm-none-eabi/9.2.1/../../../arm-none-eabi/lib/thumb/v7e-m+fp/hard/libg.a(lib_a-__call_atexit.o)
 .ARM.attributes
                0x0000000000000835       0x34 /usr/lib/gcc/arm-none-eabi/9.2.1/../../../arm-none-eabi/lib/thumb/v7e-m+fp/hard/libg.a(lib_a-findfp.o)
 .ARM.attributes
                0x0000000000000869       0x34 /usr/lib/gcc/arm-none-eabi/9.2.1/../../../arm-none-eabi/lib/thumb/v7e-m+fp/hard/libg.a(lib_a-fvwrite.o)
 .ARM.attributes
                0x000000000000089d       0x34 /usr/lib/gcc/arm-none-eabi/9.2.1/../../../arm-none-eabi/lib/thumb/v7e-m+fp/hard/libg.a(lib_a-fwalk.o)
 .ARM.attributes
                0x00000000000008d1       0x34 /usr/lib/gcc/arm-none-eabi/9.2.1/../../../arm-none-eabi/lib/thumb/v7e-m+fp/hard/libg.a(lib_a-mallocr.o)
 .ARM.attributes
                0x0000000000000905       0x1c /usr/lib/gcc/arm-none-eabi/9.2.1/../../../arm-none-eabi/lib/thumb/v7e-m+fp/hard/libg.a(lib_a-memchr.o)
 .ARM.attributes
                0x0000000000000921       0x34 /usr/lib/gcc/arm-none-eabi/9.2.1/../../../arm-none-eabi/lib/thumb/v7e-m+fp/hard/libg.a(lib_a-memmove.o)
 .ARM.attributes
                0x0000000000000955       0x34 /usr/lib/gcc/arm-none-eabi/9.2.1/../../../arm-none-eabi/lib/thumb/v7e-m+fp/hard/libg.a(lib_a-mlock.o)
 .ARM.attributes
                0x0000000000000989       0x34 /usr/lib/gcc/arm-none-eabi/9.2.1/../../../arm-none-eabi/lib/thumb/v7e-m+fp/hard/libg.a(lib_a-reallocr.o)
 .ARM.attributes
                0x00000000000009bd       0x34 /usr/lib/gcc/arm-none-eabi/9.2.1/../../../arm-none-eabi/lib/thumb/v7e-m+fp/hard/libg.a(lib_a-sbrkr.o)
 .ARM.attributes
                0x00000000000009f1       0x34 /usr/lib/gcc/arm-none-eabi/9.2.1/../../../arm-none-eabi/lib/thumb/v7e-m+fp/hard/libg.a(lib_a-stdio.o)
 .ARM.attributes
                0x0000000000000a25       0x34 /usr/lib/gcc/arm-none-eabi/9.2.1/../../../arm-none-eabi/lib/thumb/v7e-m+fp/hard/libg.a(lib_a-writer.o)
 .ARM.attributes
                0x0000000000000a59       0x34 /usr/lib/gcc/arm-none-eabi/9.2.1/../../../arm-none-eabi/lib/thumb/v7e-m+fp/hard/libg.a(lib_a-wsetup.o)
 .ARM.attributes
                0x0000000000000a8d       0x34 /usr/lib/gcc/arm-none-eabi/9.2.1/../../../arm-none-eabi/lib/thumb/v7e-m+fp/hard/libg.a(lib_a-closer.o)
 .ARM.attributes
                0x0000000000000ac1       0x34 /usr/lib/gcc/arm-none-eabi/9.2.1/../../../arm-none-eabi/lib/thumb/v7e-m+fp/hard/libg.a(lib_a-fclose.o)
 .ARM.attributes
                0x0000000000000af5       0x34 /usr/lib/gcc/arm-none-eabi/9.2.1/../../../arm-none-eabi/lib/thumb/v7e-m+fp/hard/libg.a(lib_a-fflush.o)
 .ARM.attributes
                0x0000000000000b29       0x34 /usr/lib/gcc/arm-none-eabi/9.2.1/../../../arm-none-eabi/lib/thumb/v7e-m+fp/hard/libg.a(lib_a-freer.o)
 .ARM.attributes
                0x0000000000000b5d       0x34 /usr/lib/gcc/arm-none-eabi/9.2.1/../../../arm-none-eabi/lib/thumb/v7e-m+fp/hard/libg.a(lib_a-lseekr.o)
 .ARM.attributes
                0x0000000000000b91       0x34 /usr/lib/gcc/arm-none-eabi/9.2.1/../../../arm-none-eabi/lib/thumb/v7e-m+fp/hard/libg.a(lib_a-makebuf.o)
 .ARM.attributes
                0x0000000000000bc5       0x34 /usr/lib/gcc/arm-none-eabi/9.2.1/../../../arm-none-eabi/lib/thumb/v7e-m+fp/hard/libg.a(lib_a-readr.o)
 .ARM.attributes
                0x0000000000000bf9       0x34 /usr/lib/gcc/arm-none-eabi/9.2.1/../../../arm-none-eabi/lib/thumb/v7e-m+fp/hard/libg.a(lib_a-reent.o)
 .ARM.attributes
                0x0000000000000c2d       0x34 /usr/lib/gcc/arm-none-eabi/9.2.1/../../../arm-none-eabi/lib/thumb/v7e-m+fp/hard/libg.a(lib_a-fstatr.o)
 .ARM.attributes
                0x0000000000000c61       0x34 /usr/lib/gcc/arm-none-eabi/9.2.1/../../../arm-none-eabi/lib/thumb/v7e-m+fp/hard/libg.a(lib_a-isattyr.o)
 .ARM.attributes
                0x0000000000000c95       0x32 /usr/lib/gcc/arm-none-eabi/9.2.1/thumb/v7e-m+fp/hard/crtend.o
 .ARM.attributes
                0x0000000000000cc7       0x1e /usr/lib/gcc/arm-none-eabi/9.2.1/thumb/v7e-m+fp/hard/crtn.o
OUTPUT(Demo.elf elf32-littlearm)
LOAD linker stubs
LOAD /usr/lib/gcc/arm-none-eabi/9.2.1/../../../arm-none-eabi/lib/thumb/v7e-m+fp/hard/libc.a
LOAD /usr/lib/gcc/arm-none-eabi/9.2.1/../../../arm-none-eabi/lib/thumb/v7e-m+fp/hard/libm.a
LOAD /usr/lib/gcc/arm-none-eabi/9.2.1/thumb/v7e-m+fp/hard/libgcc.a

.comment        0x0000000000000000       0xa7
 .comment       0x0000000000000000       0x59 /usr/lib/gcc/arm-none-eabi/9.2.1/thumb/v7e-m+fp/hard/crtbegin.o
                                         0x5a (size before relaxing)
 .comment       0x0000000000000059       0x5a CMakeFiles/Demo.elf.dir/Core/Src/dma.c.obj
 .comment       0x0000000000000059       0x5a CMakeFiles/Demo.elf.dir/Core/Src/freertos.c.obj
 .comment       0x0000000000000059       0x5a CMakeFiles/Demo.elf.dir/Core/Src/gpio.c.obj
 .comment       0x0000000000000059       0x5a CMakeFiles/Demo.elf.dir/Core/Src/main.c.obj
 .comment       0x0000000000000059       0x5a CMakeFiles/Demo.elf.dir/Core/Src/stm32f4xx_hal_msp.c.obj
 .comment       0x0000000000000059       0x5a CMakeFiles/Demo.elf.dir/Core/Src/stm32f4xx_hal_timebase_tim.c.obj
 .comment       0x0000000000000059       0x5a CMakeFiles/Demo.elf.dir/Core/Src/stm32f4xx_it.c.obj
 .comment       0x0000000000000059       0x5a CMakeFiles/Demo.elf.dir/Core/Src/syscalls.c.obj
 .comment       0x0000000000000059       0x5a CMakeFiles/Demo.elf.dir/Core/Src/sysmem.c.obj
 .comment       0x0000000000000059       0x5a CMakeFiles/Demo.elf.dir/Core/Src/system_stm32f4xx.c.obj
 .comment       0x0000000000000059       0x5a CMakeFiles/Demo.elf.dir/Core/Src/usart.c.obj
 .comment       0x0000000000000059       0x5a CMakeFiles/Demo.elf.dir/Drivers/STM32F4xx_HAL_Driver/Src/stm32f4xx_hal.c.obj
 .comment       0x0000000000000059       0x5a CMakeFiles/Demo.elf.dir/Drivers/STM32F4xx_HAL_Driver/Src/stm32f4xx_hal_cortex.c.obj
 .comment       0x0000000000000059       0x5a CMakeFiles/Demo.elf.dir/Drivers/STM32F4xx_HAL_Driver/Src/stm32f4xx_hal_dma.c.obj
 .comment       0x0000000000000059       0x5a CMakeFiles/Demo.elf.dir/Drivers/STM32F4xx_HAL_Driver/Src/stm32f4xx_hal_gpio.c.obj
 .comment       0x0000000000000059       0x5a CMakeFiles/Demo.elf.dir/Drivers/STM32F4xx_HAL_Driver/Src/stm32f4xx_hal_rcc.c.obj
 .comment       0x0000000000000059       0x5a CMakeFiles/Demo.elf.dir/Drivers/STM32F4xx_HAL_Driver/Src/stm32f4xx_hal_tim.c.obj
 .comment       0x0000000000000059       0x5a CMakeFiles/Demo.elf.dir/Drivers/STM32F4xx_HAL_Driver/Src/stm32f4xx_hal_tim_ex.c.obj
 .comment       0x0000000000000059       0x5a CMakeFiles/Demo.elf.dir/Drivers/STM32F4xx_HAL_Driver/Src/stm32f4xx_hal_uart.c.obj
 .comment       0x0000000000000059       0x5a CMakeFiles/Demo.elf.dir/Middlewares/Third_Party/FreeRTOS/Source/CMSIS_RTOS_V2/cmsis_os2.c.obj
 .comment       0x0000000000000059       0x5a CMakeFiles/Demo.elf.dir/Middlewares/Third_Party/FreeRTOS/Source/list.c.obj
 .comment       0x0000000000000059       0x5a CMakeFiles/Demo.elf.dir/Middlewares/Third_Party/FreeRTOS/Source/portable/GCC/ARM_CM4F/port.c.obj
 .comment       0x0000000000000059       0x5a CMakeFiles/Demo.elf.dir/Middlewares/Third_Party/FreeRTOS/Source/portable/MemMang/heap_4.c.obj
 .comment       0x0000000000000059       0x5a CMakeFiles/Demo.elf.dir/Middlewares/Third_Party/FreeRTOS/Source/queue.c.obj
 .comment       0x0000000000000059       0x5a CMakeFiles/Demo.elf.dir/Middlewares/Third_Party/FreeRTOS/Source/tasks.c.obj
 .comment       0x0000000000000059       0x5a CMakeFiles/Demo.elf.dir/Middlewares/Third_Party/FreeRTOS/Source/timers.c.obj
 .comment       0x0000000000000059       0x5a /usr/lib/gcc/arm-none-eabi/9.2.1/thumb/v7e-m+fp/hard/libgcc.a(_udivmoddi4.o)
 .comment       0x0000000000000059       0x4e /usr/lib/gcc/arm-none-eabi/9.2.1/../../../arm-none-eabi/lib/thumb/v7e-m+fp/hard/libg.a(lib_a-atexit.o)
                                         0x4f (size before relaxing)
 .comment       0x00000000000000a7       0x4f /usr/lib/gcc/arm-none-eabi/9.2.1/../../../arm-none-eabi/lib/thumb/v7e-m+fp/hard/libg.a(lib_a-errno.o)
 .comment       0x00000000000000a7       0x4f /usr/lib/gcc/arm-none-eabi/9.2.1/../../../arm-none-eabi/lib/thumb/v7e-m+fp/hard/libg.a(lib_a-fini.o)
 .comment       0x00000000000000a7       0x4f /usr/lib/gcc/arm-none-eabi/9.2.1/../../../arm-none-eabi/lib/thumb/v7e-m+fp/hard/libg.a(lib_a-impure.o)
 .comment       0x00000000000000a7       0x4f /usr/lib/gcc/arm-none-eabi/9.2.1/../../../arm-none-eabi/lib/thumb/v7e-m+fp/hard/libg.a(lib_a-init.o)
 .comment       0x00000000000000a7       0x4f /usr/lib/gcc/arm-none-eabi/9.2.1/../../../arm-none-eabi/lib/thumb/v7e-m+fp/hard/libg.a(lib_a-memset.o)
 .comment       0x00000000000000a7       0x4f /usr/lib/gcc/arm-none-eabi/9.2.1/../../../arm-none-eabi/lib/thumb/v7e-m+fp/hard/libg.a(lib_a-puts.o)
 .comment       0x00000000000000a7       0x4f /usr/lib/gcc/arm-none-eabi/9.2.1/../../../arm-none-eabi/lib/thumb/v7e-m+fp/hard/libg.a(lib_a-__atexit.o)
 .comment       0x00000000000000a7       0x4f /usr/lib/gcc/arm-none-eabi/9.2.1/../../../arm-none-eabi/lib/thumb/v7e-m+fp/hard/libg.a(lib_a-__call_atexit.o)
 .comment       0x00000000000000a7       0x4f /usr/lib/gcc/arm-none-eabi/9.2.1/../../../arm-none-eabi/lib/thumb/v7e-m+fp/hard/libg.a(lib_a-findfp.o)
 .comment       0x00000000000000a7       0x4f /usr/lib/gcc/arm-none-eabi/9.2.1/../../../arm-none-eabi/lib/thumb/v7e-m+fp/hard/libg.a(lib_a-fvwrite.o)
 .comment       0x00000000000000a7       0x4f /usr/lib/gcc/arm-none-eabi/9.2.1/../../../arm-none-eabi/lib/thumb/v7e-m+fp/hard/libg.a(lib_a-fwalk.o)
 .comment       0x00000000000000a7       0x4f /usr/lib/gcc/arm-none-eabi/9.2.1/../../../arm-none-eabi/lib/thumb/v7e-m+fp/hard/libg.a(lib_a-mallocr.o)
 .comment       0x00000000000000a7       0x4f /usr/lib/gcc/arm-none-eabi/9.2.1/../../../arm-none-eabi/lib/thumb/v7e-m+fp/hard/libg.a(lib_a-memmove.o)
 .comment       0x00000000000000a7       0x4f /usr/lib/gcc/arm-none-eabi/9.2.1/../../../arm-none-eabi/lib/thumb/v7e-m+fp/hard/libg.a(lib_a-mlock.o)
 .comment       0x00000000000000a7       0x4f /usr/lib/gcc/arm-none-eabi/9.2.1/../../../arm-none-eabi/lib/thumb/v7e-m+fp/hard/libg.a(lib_a-reallocr.o)
 .comment       0x00000000000000a7       0x4f /usr/lib/gcc/arm-none-eabi/9.2.1/../../../arm-none-eabi/lib/thumb/v7e-m+fp/hard/libg.a(lib_a-sbrkr.o)
 .comment       0x00000000000000a7       0x4f /usr/lib/gcc/arm-none-eabi/9.2.1/../../../arm-none-eabi/lib/thumb/v7e-m+fp/hard/libg.a(lib_a-stdio.o)
 .comment       0x00000000000000a7       0x4f /usr/lib/gcc/arm-none-eabi/9.2.1/../../../arm-none-eabi/lib/thumb/v7e-m+fp/hard/libg.a(lib_a-writer.o)
 .comment       0x00000000000000a7       0x4f /usr/lib/gcc/arm-none-eabi/9.2.1/../../../arm-none-eabi/lib/thumb/v7e-m+fp/hard/libg.a(lib_a-wsetup.o)
 .comment       0x00000000000000a7       0x4f /usr/lib/gcc/arm-none-eabi/9.2.1/../../../arm-none-eabi/lib/thumb/v7e-m+fp/hard/libg.a(lib_a-closer.o)
 .comment       0x00000000000000a7       0x4f /usr/lib/gcc/arm-none-eabi/9.2.1/../../../arm-none-eabi/lib/thumb/v7e-m+fp/hard/libg.a(lib_a-fclose.o)
 .comment       0x00000000000000a7       0x4f /usr/lib/gcc/arm-none-eabi/9.2.1/../../../arm-none-eabi/lib/thumb/v7e-m+fp/hard/libg.a(lib_a-fflush.o)
 .comment       0x00000000000000a7       0x4f /usr/lib/gcc/arm-none-eabi/9.2.1/../../../arm-none-eabi/lib/thumb/v7e-m+fp/hard/libg.a(lib_a-freer.o)
 .comment       0x00000000000000a7       0x4f /usr/lib/gcc/arm-none-eabi/9.2.1/../../../arm-none-eabi/lib/thumb/v7e-m+fp/hard/libg.a(lib_a-lseekr.o)
 .comment       0x00000000000000a7       0x4f /usr/lib/gcc/arm-none-eabi/9.2.1/../../../arm-none-eabi/lib/thumb/v7e-m+fp/hard/libg.a(lib_a-makebuf.o)
 .comment       0x00000000000000a7       0x4f /usr/lib/gcc/arm-none-eabi/9.2.1/../../../arm-none-eabi/lib/thumb/v7e-m+fp/hard/libg.a(lib_a-readr.o)
 .comment       0x00000000000000a7       0x4f /usr/lib/gcc/arm-none-eabi/9.2.1/../../../arm-none-eabi/lib/thumb/v7e-m+fp/hard/libg.a(lib_a-reent.o)
 .comment       0x00000000000000a7       0x4f /usr/lib/gcc/arm-none-eabi/9.2.1/../../../arm-none-eabi/lib/thumb/v7e-m+fp/hard/libg.a(lib_a-fstatr.o)
 .comment       0x00000000000000a7       0x4f /usr/lib/gcc/arm-none-eabi/9.2.1/../../../arm-none-eabi/lib/thumb/v7e-m+fp/hard/libg.a(lib_a-isattyr.o)
 .comment       0x00000000000000a7       0x5a /usr/lib/gcc/arm-none-eabi/9.2.1/thumb/v7e-m+fp/hard/crtend.o

.debug_info     0x0000000000000000    0x3cd44
 .debug_info    0x0000000000000000      0x63a CMakeFiles/Demo.elf.dir/Core/Src/dma.c.obj
 .debug_info    0x000000000000063a     0x14d3 CMakeFiles/Demo.elf.dir/Core/Src/freertos.c.obj
 .debug_info    0x0000000000001b0d      0x56f CMakeFiles/Demo.elf.dir/Core/Src/gpio.c.obj
 .debug_info    0x000000000000207c     0x17ec CMakeFiles/Demo.elf.dir/Core/Src/main.c.obj
 .debug_info    0x0000000000003868      0x606 CMakeFiles/Demo.elf.dir/Core/Src/stm32f4xx_hal_msp.c.obj
 .debug_info    0x0000000000003e6e      0xd81 CMakeFiles/Demo.elf.dir/Core/Src/stm32f4xx_hal_timebase_tim.c.obj
 .debug_info    0x0000000000004bef      0xb55 CMakeFiles/Demo.elf.dir/Core/Src/stm32f4xx_it.c.obj
 .debug_info    0x0000000000005744     0x109a CMakeFiles/Demo.elf.dir/Core/Src/syscalls.c.obj
 .debug_info    0x00000000000067de      0xa17 CMakeFiles/Demo.elf.dir/Core/Src/sysmem.c.obj
 .debug_info    0x00000000000071f5      0x5b1 CMakeFiles/Demo.elf.dir/Core/Src/system_stm32f4xx.c.obj
 .debug_info    0x00000000000077a6     0x1773 CMakeFiles/Demo.elf.dir/Core/Src/usart.c.obj
 .debug_info    0x0000000000008f19       0x22 CMakeFiles/Demo.elf.dir/Core/Startup/startup_stm32f427iihx.s.obj
 .debug_info    0x0000000000008f3b      0xac1 CMakeFiles/Demo.elf.dir/Drivers/STM32F4xx_HAL_Driver/Src/stm32f4xx_hal.c.obj
 .debug_info    0x00000000000099fc     0x115a CMakeFiles/Demo.elf.dir/Drivers/STM32F4xx_HAL_Driver/Src/stm32f4xx_hal_cortex.c.obj
 .debug_info    0x000000000000ab56      0xbc9 CMakeFiles/Demo.elf.dir/Drivers/STM32F4xx_HAL_Driver/Src/stm32f4xx_hal_dma.c.obj
 .debug_info    0x000000000000b71f      0x870 CMakeFiles/Demo.elf.dir/Drivers/STM32F4xx_HAL_Driver/Src/stm32f4xx_hal_gpio.c.obj
 .debug_info    0x000000000000bf8f      0xb3d CMakeFiles/Demo.elf.dir/Drivers/STM32F4xx_HAL_Driver/Src/stm32f4xx_hal_rcc.c.obj
 .debug_info    0x000000000000cacc     0x3e0b CMakeFiles/Demo.elf.dir/Drivers/STM32F4xx_HAL_Driver/Src/stm32f4xx_hal_tim.c.obj