Archive member included to satisfy reference by file (symbol)

/usr/lib/gcc/arm-none-eabi/9.2.1/thumb/v7e-m+fp/hard/libgcc.a(_arm_muldf3.o)
                              CMakeFiles/Demo.elf.dir/User/motor.c.obj (__aeabi_dmul)
/usr/lib/gcc/arm-none-eabi/9.2.1/thumb/v7e-m+fp/hard/libgcc.a(_arm_addsubdf3.o)
                              CMakeFiles/Demo.elf.dir/User/motor.c.obj (__aeabi_dadd)
/usr/lib/gcc/arm-none-eabi/9.2.1/thumb/v7e-m+fp/hard/libgcc.a(_arm_truncdfsf2.o)
                              CMakeFiles/Demo.elf.dir/User/motor.c.obj (__aeabi_d2f)
/usr/lib/gcc/arm-none-eabi/9.2.1/thumb/v7e-m+fp/hard/libgcc.a(_aeabi_uldivmod.o)
                              CMakeFiles/Demo.elf.dir/Drivers/STM32F4xx_HAL_Driver/Src/stm32f4xx_hal_rcc.c.obj (__aeabi_uldivmod)
/usr/lib/gcc/arm-none-eabi/9.2.1/thumb/v7e-m+fp/hard/libgcc.a(_udivmoddi4.o)
                              /usr/lib/gcc/arm-none-eabi/9.2.1/thumb/v7e-m+fp/hard/libgcc.a(_aeabi_uldivmod.o) (__udivmoddi4)
/usr/lib/gcc/arm-none-eabi/9.2.1/thumb/v7e-m+fp/hard/libgcc.a(_dvmd_tls.o)
                              /usr/lib/gcc/arm-none-eabi/9.2.1/thumb/v7e-m+fp/hard/libgcc.a(_aeabi_uldivmod.o) (__aeabi_ldiv0)
/usr/lib/gcc/arm-none-eabi/9.2.1/../../../arm-none-eabi/lib/thumb/v7e-m+fp/hard/libg.a(lib_a-atexit.o)
                              /usr/lib/gcc/arm-none-eabi/9.2.1/../../../arm-none-eabi/lib/thumb/v7e-m+fp/hard/crt0.o (atexit)
/usr/lib/gcc/arm-none-eabi/9.2.1/../../../arm-none-eabi/lib/thumb/v7e-m+fp/hard/libg.a(lib_a-atof.o)
                              CMakeFiles/Demo.elf.dir/User/motor.c.obj (atof)
/usr/lib/gcc/arm-none-eabi/9.2.1/../../../arm-none-eabi/lib/thumb/v7e-m+fp/hard/libg.a(lib_a-errno.o)
                              CMakeFiles/Demo.elf.dir/Core/Src/syscalls.c.obj (__errno)
/usr/lib/gcc/arm-none-eabi/9.2.1/../../../arm-none-eabi/lib/thumb/v7e-m+fp/hard/libg.a(lib_a-exit.o)
                              /usr/lib/gcc/arm-none-eabi/9.2.1/../../../arm-none-eabi/lib/thumb/v7e-m+fp/hard/crt0.o (exit)
/usr/lib/gcc/arm-none-eabi/9.2.1/../../../arm-none-eabi/lib/thumb/v7e-m+fp/hard/libg.a(lib_a-fini.o)
                              /usr/lib/gcc/arm-none-eabi/9.2.1/../../../arm-none-eabi/lib/thumb/v7e-m+fp/hard/crt0.o (__libc_fini_array)
/usr/lib/gcc/arm-none-eabi/9.2.1/../../../arm-none-eabi/lib/thumb/v7e-m+fp/hard/libg.a(lib_a-impure.o)
                              /usr/lib/gcc/arm-none-eabi/9.2.1/../../../arm-none-eabi/lib/thumb/v7e-m+fp/hard/libg.a(lib_a-exit.o) (_global_impure_ptr)
/usr/lib/gcc/arm-none-eabi/9.2.1/../../../arm-none-eabi/lib/thumb/v7e-m+fp/hard/libg.a(lib_a-init.o)
                              /usr/lib/gcc/arm-none-eabi/9.2.1/../../../arm-none-eabi/lib/thumb/v7e-m+fp/hard/crt0.o (__libc_init_array)
/usr/lib/gcc/arm-none-eabi/9.2.1/../../../arm-none-eabi/lib/thumb/v7e-m+fp/hard/libg.a(lib_a-memcpy.o)
                              CMakeFiles/Demo.elf.dir/Middlewares/Third_Party/FreeRTOS/Source/CMSIS_RTOS_V2/cmsis_os2.c.obj (memcpy)
/usr/lib/gcc/arm-none-eabi/9.2.1/../../../arm-none-eabi/lib/thumb/v7e-m+fp/hard/libg.a(lib_a-memset.o)
                              /usr/lib/gcc/arm-none-eabi/9.2.1/../../../arm-none-eabi/lib/thumb/v7e-m+fp/hard/crt0.o (memset)
/usr/lib/gcc/arm-none-eabi/9.2.1/../../../arm-none-eabi/lib/thumb/v7e-m+fp/hard/libg.a(lib_a-printf.o)
                              CMakeFiles/Demo.elf.dir/User/motor.c.obj (printf)
/usr/lib/gcc/arm-none-eabi/9.2.1/../../../arm-none-eabi/lib/thumb/v7e-m+fp/hard/libg.a(lib_a-strtod.o)
                              /usr/lib/gcc/arm-none-eabi/9.2.1/../../../arm-none-eabi/lib/thumb/v7e-m+fp/hard/libg.a(lib_a-atof.o) (strtod)
/usr/lib/gcc/arm-none-eabi/9.2.1/../../../arm-none-eabi/lib/thumb/v7e-m+fp/hard/libg.a(lib_a-vfprintf.o)
                              /usr/lib/gcc/arm-none-eabi/9.2.1/../../../arm-none-eabi/lib/thumb/v7e-m+fp/hard/libg.a(lib_a-printf.o) (_vfprintf_r)
/usr/lib/gcc/arm-none-eabi/9.2.1/../../../arm-none-eabi/lib/thumb/v7e-m+fp/hard/libg.a(lib_a-wsetup.o)
                              /usr/lib/gcc/arm-none-eabi/9.2.1/../../../arm-none-eabi/lib/thumb/v7e-m+fp/hard/libg.a(lib_a-vfprintf.o) (__swsetup_r)
/usr/lib/gcc/arm-none-eabi/9.2.1/../../../arm-none-eabi/lib/thumb/v7e-m+fp/hard/libg.a(lib_a-__atexit.o)
                              /usr/lib/gcc/arm-none-eabi/9.2.1/../../../arm-none-eabi/lib/thumb/v7e-m+fp/hard/libg.a(lib_a-atexit.o) (__register_exitproc)
/usr/lib/gcc/arm-none-eabi/9.2.1/../../../arm-none-eabi/lib/thumb/v7e-m+fp/hard/libg.a(lib_a-__call_atexit.o)
                              /usr/lib/gcc/arm-none-eabi/9.2.1/../../../arm-none-eabi/lib/thumb/v7e-m+fp/hard/libg.a(lib_a-exit.o) (__call_exitprocs)
/usr/lib/gcc/arm-none-eabi/9.2.1/../../../arm-none-eabi/lib/thumb/v7e-m+fp/hard/libg.a(lib_a-dtoa.o)
                              /usr/lib/gcc/arm-none-eabi/9.2.1/../../../arm-none-eabi/lib/thumb/v7e-m+fp/hard/libg.a(lib_a-vfprintf.o) (_dtoa_r)
/usr/lib/gcc/arm-none-eabi/9.2.1/../../../arm-none-eabi/lib/thumb/v7e-m+fp/hard/libg.a(lib_a-fflush.o)
[...]
Memory Configuration

Name             Origin             Length             Attributes
CCMRAM           0x0000000010000000 0x0000000000010000 xrw
RAM              0x0000000020000000 0x0000000000030000 xrw
FLASH            0x0000000008000000 0x0000000000200000 xr
*default*        0x0000000000000000 0xffffffffffffffff

Linker script and memory map

LOAD /usr/lib/gcc/arm-none-eabi/9.2.1/thumb/v7e-m+fp/hard/crti.o
LOAD /usr/lib/gcc/arm-none-eabi/9.2.1/thumb/v7e-m+fp/hard/crtbegin.o
LOAD /usr/lib/gcc/arm-none-eabi/9.2.1/../../../arm-none-eabi/lib/thumb/v7e-m+fp/hard/crt0.o
LOAD CMakeFiles/Demo.elf.dir/Core/Src/can.c.obj
LOAD CMakeFiles/Demo.elf.dir/Core/Src/dma.c.obj
LOAD CMakeFiles/Demo.elf.dir/Core/Src/freertos.c.obj
LOAD CMakeFiles/Demo.elf.dir/Core/Src/gpio.c.obj
LOAD CMakeFiles/Demo.elf.dir/Core/Src/main.c.obj
LOAD CMakeFiles/Demo.elf.dir/Core/Src/stm32f4xx_hal_msp.c.obj
LOAD CMakeFiles/Demo.elf.dir/Core/Src/stm32f4xx_hal_timebase_tim.c.obj
LOAD CMakeFiles/Demo.elf.dir/Core/Src/stm32f4xx_it.c.obj
LOAD CMakeFiles/Demo.elf.dir/Core/Src/syscalls.c.obj
LOAD CMakeFiles/Demo.elf.dir/Core/Src/sysmem.c.obj
LOAD CMakeFiles/Demo.elf.dir/Core/Src/system_stm32f4xx.c.obj
LOAD CMakeFiles/Demo.elf.dir/Core/Src/usart.c.obj
LOAD CMakeFiles/Demo.elf.dir/Core/Startup/startup_stm32f427iihx.s.obj
LOAD CMakeFiles/Demo.elf.dir/Drivers/STM32F4xx_HAL_Driver/Src/stm32f4xx_hal.c.obj
LOAD CMakeFiles/Demo.elf.dir/Drivers/STM32F4xx_HAL_Driver/Src/stm32f4xx_hal_can.c.obj
LOAD CMakeFiles/Demo.elf.dir/Drivers/STM32F4xx_HAL_Driver/Src/stm32f4xx_hal_cortex.c.obj
LOAD CMakeFiles/Demo.elf.dir/Drivers/STM32F4xx_HAL_Driver/Src/stm32f4xx_hal_dma.c.obj
LOAD CMakeFiles/Demo.elf.dir/Drivers/STM32F4xx_HAL_Driver/Src/stm32f4xx_hal_dma_ex.c.obj
LOAD CMakeFiles/Demo.elf.dir/Drivers/STM32F4xx_HAL_Driver/Src/stm32f4xx_hal_exti.c.obj
LOAD CMakeFiles/Demo.elf.dir/Drivers/STM32F4xx_HAL_Driver/Src/stm32f4xx_hal_flash.c.obj
LOAD CMakeFiles/Demo.elf.dir/Drivers/STM32F4xx_HAL_Driver/Src/stm32f4xx_hal_flash_ex.c.obj
LOAD CMakeFiles/Demo.elf.dir/Drivers/STM32F4xx_HAL_Driver/Src/stm32f4xx_hal_flash_ramfunc.c.obj
LOAD CMakeFiles/Demo.elf.dir/Drivers/STM32F4xx_HAL_Driver/Src/stm32f4xx_hal_gpio.c.obj
LOAD CMakeFiles/Demo.elf.dir/Drivers/STM32F4xx_HAL_Driver/Src/stm32f4xx_hal_pwr.c.obj
LOAD CMakeFiles/Demo.elf.dir/Drivers/STM32F4xx_HAL_Driver/Src/stm32f4xx_hal_pwr_ex.c.obj
LOAD CMakeFiles/Demo.elf.dir/Drivers/STM32F4xx_HAL_Driver/Src/stm32f4xx_hal_rcc.c.obj
LOAD CMakeFiles/Demo.elf.dir/Drivers/STM32F4xx_HAL_Driver/Src/stm32f4xx_hal_rcc_ex.c.obj
LOAD CMakeFiles/Demo.elf.dir/Drivers/STM32F4xx_HAL_Driver/Src/stm32f4xx_hal_tim.c.obj
LOAD CMakeFiles/Demo.elf.dir/Drivers/STM32F4xx_HAL_Driver/Src/stm32f4xx_hal_tim_ex.c.obj
LOAD CMakeFiles/Demo.elf.dir/Drivers/STM32F4xx_HAL_Driver/Src/stm32f4xx_hal_uart.c.obj
LOAD CMakeFiles/Demo.elf.dir/Middlewares/Third_Party/FreeRTOS/Source/CMSIS_RTOS_V2/cmsis_os2.c.obj
LOAD CMakeFiles/Demo.elf.dir/Middlewares/Third_Party/FreeRTOS/Source/croutine.c.obj
LOAD CMakeFiles/Demo.elf.dir/Middlewares/Third_Party/FreeRTOS/Source/event_groups.c.obj
LOAD CMakeFiles/Demo.elf.dir/Middlewares/Third_Party/FreeRTOS/Source/list.c.obj
LOAD CMakeFiles/Demo.elf.dir/Middlewares/Third_Party/FreeRTOS/Source/portable/GCC/ARM_CM4F/port.c.obj
LOAD CMakeFiles/Demo.elf.dir/Middlewares/Third_Party/FreeRTOS/Source/portable/MemMang/heap_4.c.obj
LOAD CMakeFiles/Demo.elf.dir/Middlewares/Third_Party/FreeRTOS/Source/queue.c.obj
LOAD CMakeFiles/Demo.elf.dir/Middlewares/Third_Party/FreeRTOS/Source/stream_buffer.c.obj
LOAD CMakeFiles/Demo.elf.dir/Middlewares/Third_Party/FreeRTOS/Source/tasks.c.obj
LOAD CMakeFiles/Demo.elf.dir/Middlewares/Third_Party/FreeRTOS/Source/timers.c.obj
LOAD CMakeFiles/Demo.elf.dir/User/motor.c.obj
LOAD CMakeFiles/Demo.elf.dir/User/pid.c.obj
START GROUP
LOAD /usr/lib/gcc/arm-none-eabi/9.2.1/thumb/v7e-m+fp/hard/libgcc.a
LOAD /usr/lib/gcc/arm-none-eabi/9.2.1/../../../arm-none-eabi/lib/thumb/v7e-m+fp/hard/libg.a
LOAD /usr/lib/gcc/arm-none-eabi/9.2.1/../../../arm-none-eabi/lib/thumb/v7e-m+fp/hard/libc.a
END GROUP
LOAD /usr/lib/gcc/arm-none-eabi/9.2.1/thumb/v7e-m+fp/hard/crtend.o
LOAD /usr/lib/gcc/arm-none-eabi/9.2.1/thumb/v7e-m+fp/hard/crtn.o
                0x0000000020030000                _estack = (ORIGIN (RAM) + LENGTH (RAM))
                0x0000000000000200                _Min_Heap_Size = 0x200
                0x0000000000000400                _Min_Stack_Size = 0x400

.isr_vector     0x0000000008000000      0x1ac
                0x0000000008000000                . = ALIGN (0x4)
 *(.isr_vector)
 .isr_vector    0x0000000008000000      0x1ac CMakeFiles/Demo.elf.dir/Core/Startup/startup_stm32f427iihx.s.obj
                0x0000000008000000                g_pfnVectors
                0x00000000080001ac                . = ALIGN (0x4)

.text           0x00000000080001c0     0xd6a8
                0x00000000080001c0                . = ALIGN (0x4)
 *(.text)
 .text          0x00000000080001c0       0x88 /usr/lib/gcc/arm-none-eabi/9.2.1/thumb/v7e-m+fp/hard/crtbegin.o
 .text          0x0000000008000248      0x378 /usr/lib/gcc/arm-none-eabi/9.2.1/thumb/v7e-m+fp/hard/libgcc.a(_arm_addsubdf3.o)
                0x0000000008000248                __aeabi_drsub
                0x0000000008000250                __aeabi_dsub
                0x0000000008000250                __subdf3
                0x0000000008000254                __adddf3
                0x0000000008000254                __aeabi_dadd
                0x00000000080004cc                __aeabi_ui2d
                0x00000000080004cc                __floatunsidf
                0x00000000080004ec                __floatsidf
                0x00000000080004ec                __aeabi_i2d
                0x0000000008000510                __extendsfdf2
                0x0000000008000510                __aeabi_f2d
                0x0000000008000554                __aeabi_ul2d
                0x0000000008000554                __floatundidf
                0x0000000008000564                __floatdidf
                0x0000000008000564                __aeabi_l2d
 .text          0x00000000080005c0       0xa0 /usr/lib/gcc/arm-none-eabi/9.2.1/thumb/v7e-m+fp/hard/libgcc.a(_arm_truncdfsf2.o)
                0x00000000080005c0                __aeabi_d2f
                0x00000000080005c0                __truncdfsf2
 .text          0x0000000008000660       0x30 /usr/lib/gcc/arm-none-eabi/9.2.1/thumb/v7e-m+fp/hard/libgcc.a(_aeabi_uldivmod.o)
                0x0000000008000660                __aeabi_uldivmod
 .text          0x0000000008000690      0x2c4 /usr/lib/gcc/arm-none-eabi/9.2.1/thumb/v7e-m+fp/hard/libgcc.a(_udivmoddi4.o)
                0x0000000008000690                __udivmoddi4
 .text          0x0000000008000954        0x4 /usr/lib/gcc/arm-none-eabi/9.2.1/thumb/v7e-m+fp/hard/libgcc.a(_dvmd_tls.o)
                0x0000000008000954                __aeabi_ldiv0
                0x0000000008000954                __aeabi_idiv0
 .text          0x0000000008000958        0xc /usr/lib/gcc/arm-none-eabi/9.2.1/../../../arm-none-eabi/lib/thumb/v7e-m+fp/hard/libg.a(lib_a-atexit.o)
                0x0000000008000958                atexit
 .text          0x0000000008000964        0x8 /usr/lib/gcc/arm-none-eabi/9.2.1/../../../arm-none-eabi/lib/thumb/v7e-m+fp/hard/libg.a(lib_a-atof.o)
                0x0000000008000964                atof
 .text          0x000000000800096c        0xc /usr/lib/gcc/arm-none-eabi/9.2.1/../../../arm-none-eabi/lib/thumb/v7e-m+fp/hard/libg.a(lib_a-errno.o)
                0x000000000800096c                __errno
 .text          0x0000000008000978       0x34 /usr/lib/gcc/arm-none-eabi/9.2.1/../../../arm-none-eabi/lib/thumb/v7e-m+fp/hard/libg.a(lib_a-fini.o)
                0x0000000008000978                __libc_fini_array
 .text          0x00000000080009ac       0x48 /usr/lib/gcc/arm-none-eabi/9.2.1/../../../arm-none-eabi/lib/thumb/v7e-m+fp/hard/libg.a(lib_a-init.o)
                0x00000000080009ac                __libc_init_array
 .text          0x00000000080009f4      0x134 /usr/lib/gcc/arm-none-eabi/9.2.1/../../../arm-none-eabi/lib/thumb/v7e-m+fp/hard/libg.a(lib_a-memcpy.o)
                0x00000000080009f4                memcpy
 .text          0x0000000008000b28       0xa0 /usr/lib/gcc/arm-none-eabi/9.2.1/../../../arm-none-eabi/lib/thumb/v7e-m+fp/hard/libg.a(lib_a-memset.o)
                0x0000000008000b28                memset
 .text          0x0000000008000bc8       0x48 /usr/lib/gcc/arm-none-eabi/9.2.1/../../../arm-none-eabi/lib/thumb/v7e-m+fp/hard/libg.a(lib_a-printf.o)
                0x0000000008000bc8                _printf_r
                0x0000000008000be8                printf
 .text          0x0000000008000c10     0x111c /usr/lib/gcc/arm-none-eabi/9.2.1/../../../arm-none-eabi/lib/thumb/v7e-m+fp/hard/libg.a(lib_a-strtod.o)
                0x0000000008000c48                _strtod_l
                0x0000000008001b80                _strtod_r
                0x0000000008001b8c                strtod_l
                0x0000000008001ba4                strtod
                0x0000000008001bc0                strtof_l
                0x0000000008001c74                strtof
 *fill*         0x0000000008001d2c        0x4 
 .text          0x0000000008001d30     0x1580 /usr/lib/gcc/arm-none-eabi/9.2.1/../../../arm-none-eabi/lib/thumb/v7e-m+fp/hard/libg.a(lib_a-vfprintf.o)
                0x0000000008001d30                _vfprintf_r
                0x000000000800322c                vfprintf
 .text          0x00000000080032b0       0xd0 /usr/lib/gcc/arm-none-eabi/9.2.1/../../../arm-none-eabi/lib/thumb/v7e-m+fp/hard/libg.a(lib_a-wsetup.o)
                0x00000000080032b0                __swsetup_r
 .text          0x0000000008003380       0x68 /usr/lib/gcc/arm-none-eabi/9.2.1/../../../arm-none-eabi/lib/thumb/v7e-m+fp/hard/libg.a(lib_a-__atexit.o)
                0x0000000008003380                __register_exitproc
 .text          0x00000000080033e8      0xfc0 /usr/lib/gcc/arm-none-eabi/9.2.1/../../../arm-none-eabi/lib/thumb/v7e-m+fp/hard/libg.a(lib_a-dtoa.o)
                0x000000000800350c                _dtoa_r
 .text          0x00000000080043a8      0x1a4 /usr/lib/gcc/arm-none-eabi/9.2.1/../../../arm-none-eabi/lib/thumb/v7e-m+fp/hard/libg.a(lib_a-fflush.o)
                0x00000000080043a8                __sflush_r
                0x00000000080044f4                _fflush_r
                0x0000000008004528                fflush
 .text          0x000000000800454c      0x1f4 /usr/lib/gcc/arm-none-eabi/9.2.1/../../../arm-none-eabi/lib/thumb/v7e-m+fp/hard/libg.a(lib_a-findfp.o)
                0x0000000008004550                _cleanup_r
                0x0000000008004634                __sfmoreglue
                0x0000000008004664                __sfp
                0x00000000080046ec                _cleanup
                0x0000000008004700                __sinit
                0x0000000008004708                __sfp_lock_acquire
                0x000000000800470c                __sfp_lock_release
                0x0000000008004710                __sinit_lock_acquire
                0x0000000008004714                __sinit_lock_release
                0x0000000008004718                __fp_lock_all
                0x000000000800472c                __fp_unlock_all
 .text          0x0000000008004740      0x294 /usr/lib/gcc/arm-none-eabi/9.2.1/../../../arm-none-eabi/lib/thumb/v7e-m+fp/hard/libg.a(lib_a-freer.o)
                0x0000000008004740                _malloc_trim_r
                0x00000000080047e0                _free_r
 .text          0x00000000080049d4       0xa0 /usr/lib/gcc/arm-none-eabi/9.2.1/../../../arm-none-eabi/lib/thumb/v7e-m+fp/hard/libg.a(lib_a-fwalk.o)
                0x00000000080049d4                _fwalk
                0x0000000008004a20                _fwalk_reent
 .text          0x0000000008004a74      0x600 /usr/lib/gcc/arm-none-eabi/9.2.1/../../../arm-none-eabi/lib/thumb/v7e-m+fp/hard/libg.a(lib_a-gdtoa-gethex.o)
                0x0000000008004b14                __gethex
 .text          0x0000000008005074      0x1cc /usr/lib/gcc/arm-none-eabi/9.2.1/../../../arm-none-eabi/lib/thumb/v7e-m+fp/hard/libg.a(lib_a-gdtoa-hexnan.o)
                0x0000000008005074                __match
                0x00000000080050a4                __hexnan
 .text          0x0000000008005240       0x5c /usr/lib/gcc/arm-none-eabi/9.2.1/../../../arm-none-eabi/lib/thumb/v7e-m+fp/hard/libg.a(lib_a-locale.o)
                0x0000000008005240                _setlocale_r
                0x0000000008005280                __locale_mb_cur_max
                0x000000000800528c                setlocale
 .text          0x000000000800529c       0x14 /usr/lib/gcc/arm-none-eabi/9.2.1/../../../arm-none-eabi/lib/thumb/v7e-m+fp/hard/libg.a(lib_a-localeconv.o)
                0x000000000800529c                __localeconv_l
                0x00000000080052a0                _localeconv_r
                0x00000000080052a8                localeconv
 .text          0x00000000080052b0       0xf0 /usr/lib/gcc/arm-none-eabi/9.2.1/../../../arm-none-eabi/lib/thumb/v7e-m+fp/hard/libg.a(lib_a-makebuf.o)
                0x00000000080052b0                __swhatbuf_r
                0x000000000800530c                __smakebuf_r
 .text          0x00000000080053a0      0x564 /usr/lib/gcc/arm-none-eabi/9.2.1/../../../arm-none-eabi/lib/thumb/v7e-m+fp/hard/libg.a(lib_a-mallocr.o)
                0x00000000080053a0                _malloc_r
 .text          0x0000000008005904       0x40 /usr/lib/gcc/arm-none-eabi/9.2.1/../../../arm-none-eabi/lib/thumb/v7e-m+fp/hard/libg.a(lib_a-mbtowc_r.o)
                0x0000000008005904                _mbtowc_r
                0x0000000008005918                __ascii_mbtowc
 *fill*         0x0000000008005944        0xc 
 .text          0x0000000008005950       0xa0 /usr/lib/gcc/arm-none-eabi/9.2.1/../../../arm-none-eabi/lib/thumb/v7e-m+fp/hard/libg.a(lib_a-memchr.o)
                0x0000000008005950                memchr
 .text          0x00000000080059f0        0x8 /usr/lib/gcc/arm-none-eabi/9.2.1/../../../arm-none-eabi/lib/thumb/v7e-m+fp/hard/libg.a(lib_a-mlock.o)
                0x00000000080059f0                __malloc_lock
                0x00000000080059f4                __malloc_unlock
 .text          0x00000000080059f8      0x9a8 /usr/lib/gcc/arm-none-eabi/9.2.1/../../../arm-none-eabi/lib/thumb/v7e-m+fp/hard/libg.a(lib_a-mprec.o)
                0x00000000080059f8                _Balloc
                0x0000000008005a44                _Bfree
                0x0000000008005a58                __multadd
                0x0000000008005afc                __s2b
                0x0000000008005ba8                __hi0bits
                0x0000000008005be8                __lo0bits
                0x0000000008005c48                __i2b
                0x0000000008005c74                __multiply
                0x0000000008005dc0                __pow5mult
                0x0000000008005e58                __lshift
                0x0000000008005f24                __mcmp
                0x0000000008005f5c                __mdiff
                0x0000000008006084                __ulp
                0x00000000080060d4                __b2d
                0x000000000800618c                __d2b
                0x0000000008006260                __ratio
                0x00000000080062c0                _mprec_log10
                0x0000000008006300                __copybits
                0x0000000008006348                __any_on
 .text          0x00000000080063a0       0x10 /usr/lib/gcc/arm-none-eabi/9.2.1/../../../arm-none-eabi/lib/thumb/v7e-m+fp/hard/libg.a(lib_a-s_nan.o)
                0x00000000080063a0                nan
 .text          0x00000000080063b0       0x24 /usr/lib/gcc/arm-none-eabi/9.2.1/../../../arm-none-eabi/lib/thumb/v7e-m+fp/hard/libg.a(lib_a-sbrkr.o)
                0x00000000080063b0                _sbrk_r
 .text          0x00000000080063d4        0xc /usr/lib/gcc/arm-none-eabi/9.2.1/../../../arm-none-eabi/lib/thumb/v7e-m+fp/hard/libg.a(lib_a-sf_nan.o)
                0x00000000080063d4                nanf
 .text          0x00000000080063e0       0x90 /usr/lib/gcc/arm-none-eabi/9.2.1/../../../arm-none-eabi/lib/thumb/v7e-m+fp/hard/libg.a(lib_a-stdio.o)
                0x00000000080063e0                __sread
                0x0000000008006404                __seofread
                0x0000000008006408                __swrite
                0x0000000008006448                __sseek
                0x0000000008006468                __sclose
 *fill*         0x0000000008006470       0x10 
 .text          0x0000000008006480      0x2dc /usr/lib/gcc/arm-none-eabi/9.2.1/../../../arm-none-eabi/lib/thumb/v7e-m+fp/hard/libg.a(lib_a-strcmp.o)
                0x0000000008006488                strcmp
 *fill*         0x000000000800675c       0x24 
 .text          0x0000000008006780       0xdc /usr/lib/gcc/arm-none-eabi/9.2.1/../../../arm-none-eabi/lib/thumb/v7e-m+fp/hard/libg.a(lib_a-strlen.o)
                0x0000000008006780                strlen
 .text          0x000000000800685c       0xa4 /usr/lib/gcc/arm-none-eabi/9.2.1/../../../arm-none-eabi/lib/thumb/v7e-m+fp/hard/libg.a(lib_a-strncmp.o)
                0x000000000800685c                strncmp
 .text          0x0000000008006900      0xd00 /usr/lib/gcc/arm-none-eabi/9.2.1/../../../arm-none-eabi/lib/thumb/v7e-m+fp/hard/libg.a(lib_a-vfiprintf.o)
                0x0000000008006978                __sprint_r
                0x000000000800698c                _vfiprintf_r
                0x000000000800757c                vfiprintf
 .text          0x0000000008007600       0x30 /usr/lib/gcc/arm-none-eabi/9.2.1/../../../arm-none-eabi/lib/thumb/v7e-m+fp/hard/libg.a(lib_a-wctomb_r.o)
                0x0000000008007600                _wctomb_r
                0x0000000008007614                __ascii_wctomb
 .text          0x0000000008007630       0x2c /usr/lib/gcc/arm-none-eabi/9.2.1/../../../arm-none-eabi/lib/thumb/v7e-m+fp/hard/libg.a(lib_a-writer.o)
                0x0000000008007630                _write_r
 .text          0x000000000800765c       0x48 /usr/lib/gcc/arm-none-eabi/9.2.1/../../../arm-none-eabi/lib/thumb/v7e-m+fp/hard/libg.a(lib_a-assert.o)
                0x000000000800765c                __assert_func
                0x0000000008007698                __assert
 .text          0x00000000080076a4       0x60 /usr/lib/gcc/arm-none-eabi/9.2.1/../../../arm-none-eabi/lib/thumb/v7e-m+fp/hard/libg.a(lib_a-callocr.o)
                0x00000000080076a4                _calloc_r
 .text          0x0000000008007704       0x24 /usr/lib/gcc/arm-none-eabi/9.2.1/../../../arm-none-eabi/lib/thumb/v7e-m+fp/hard/libg.a(lib_a-closer.o)
                0x0000000008007704                _close_r
 .text          0x0000000008007728       0x98 /usr/lib/gcc/arm-none-eabi/9.2.1/../../../arm-none-eabi/lib/thumb/v7e-m+fp/hard/libg.a(lib_a-fclose.o)
                0x0000000008007728                _fclose_r
                0x00000000080077b0                fclose
 .text          0x00000000080077c0       0x44 /usr/lib/gcc/arm-none-eabi/9.2.1/../../../arm-none-eabi/lib/thumb/v7e-m+fp/hard/libg.a(lib_a-fiprintf.o)
                0x00000000080077c0                _fiprintf_r
                0x00000000080077dc                fiprintf
 .text          0x0000000008007804      0x110 /usr/lib/gcc/arm-none-eabi/9.2.1/../../../arm-none-eabi/lib/thumb/v7e-m+fp/hard/libg.a(lib_a-fputwc.o)
                0x0000000008007804                __fputwc
                0x00000000080078ac                _fputwc_r
                0x00000000080078d4                fputwc
 .text          0x0000000008007914       0x28 /usr/lib/gcc/arm-none-eabi/9.2.1/../../../arm-none-eabi/lib/thumb/v7e-m+fp/hard/libg.a(lib_a-fstatr.o)
                0x0000000008007914                _fstat_r
 .text          0x000000000800793c      0x308 /usr/lib/gcc/arm-none-eabi/9.2.1/../../../arm-none-eabi/lib/thumb/v7e-m+fp/hard/libg.a(lib_a-fvwrite.o)
                0x000000000800793c                __sfvwrite_r
 .text          0x0000000008007c44       0x24 /usr/lib/gcc/arm-none-eabi/9.2.1/../../../arm-none-eabi/lib/thumb/v7e-m+fp/hard/libg.a(lib_a-isattyr.o)
                0x0000000008007c44                _isatty_r
 .text          0x0000000008007c68       0x2c /usr/lib/gcc/arm-none-eabi/9.2.1/../../../arm-none-eabi/lib/thumb/v7e-m+fp/hard/libg.a(lib_a-lseekr.o)
                0x0000000008007c68                _lseek_r
 .text          0x0000000008007c94       0xd0 /usr/lib/gcc/arm-none-eabi/9.2.1/../../../arm-none-eabi/lib/thumb/v7e-m+fp/hard/libg.a(lib_a-memmove.o)
                0x0000000008007c94                memmove
 .text          0x0000000008007d64       0x2c /usr/lib/gcc/arm-none-eabi/9.2.1/../../../arm-none-eabi/lib/thumb/v7e-m+fp/hard/libg.a(lib_a-readr.o)
                0x0000000008007d64                _read_r
 .text          0x0000000008007d90      0x36c /usr/lib/gcc/arm-none-eabi/9.2.1/../../../arm-none-eabi/lib/thumb/v7e-m+fp/hard/libg.a(lib_a-reallocr.o)
                0x0000000008007d90                _realloc_r
 .text          0x00000000080080fc       0xc0 /usr/lib/gcc/arm-none-eabi/9.2.1/../../../arm-none-eabi/lib/thumb/v7e-m+fp/hard/libg.a(lib_a-wbuf.o)
                0x00000000080080fc                __swbuf_r
                0x00000000080081ac                __swbuf
 .text          0x00000000080081bc       0x7c /usr/lib/gcc/arm-none-eabi/9.2.1/../../../arm-none-eabi/lib/thumb/v7e-m+fp/hard/libg.a(lib_a-wcrtomb.o)
                0x00000000080081bc                _wcrtomb_r
                0x00000000080081f0                wcrtomb
 .text          0x0000000008008238       0x10 /usr/lib/gcc/arm-none-eabi/9.2.1/../../../arm-none-eabi/lib/thumb/v7e-m+fp/hard/libg.a(lib_a-abort.o)
                0x0000000008008238                abort
 .text          0x0000000008008248      0x15c /usr/lib/gcc/arm-none-eabi/9.2.1/../../../arm-none-eabi/lib/thumb/v7e-m+fp/hard/libg.a(lib_a-signal.o)
                0x0000000008008270                _init_signal_r
                0x000000000800827c                _signal_r
                0x00000000080082b4                _raise_r
                0x000000000800830c                __sigtramp_r
                0x0000000008008360                raise
                0x0000000008008370                signal
                0x0000000008008380                _init_signal
                0x0000000008008394                __sigtramp
 .text          0x00000000080083a4       0x2c /usr/lib/gcc/arm-none-eabi/9.2.1/../../../arm-none-eabi/lib/thumb/v7e-m+fp/hard/libg.a(lib_a-signalr.o)
                0x00000000080083a4                _kill_r
                0x00000000080083cc                _getpid_r
 .text          0x00000000080083d0      0x424 /usr/lib/gcc/arm-none-eabi/9.2.1/thumb/v7e-m+fp/hard/libgcc.a(_arm_muldivdf3.o)
                0x00000000080083d0                __aeabi_dmul
                0x00000000080083d0                __muldf3
                0x0000000008008624                __aeabi_ddiv
                0x0000000008008624                __divdf3
 .text          0x00000000080087f4      0x110 /usr/lib/gcc/arm-none-eabi/9.2.1/thumb/v7e-m+fp/hard/libgcc.a(_arm_cmpdf2.o)
                0x00000000080087f4                __gtdf2
                0x00000000080087f4                __gedf2
                0x00000000080087fc                __ltdf2
                0x00000000080087fc                __ledf2
                0x0000000008008804                __cmpdf2
                0x0000000008008804                __eqdf2
                0x0000000008008804                __nedf2
                0x0000000008008880                __aeabi_cdrcmple
                0x0000000008008890                __aeabi_cdcmple
                0x0000000008008890                __aeabi_cdcmpeq
                0x00000000080088a0                __aeabi_dcmpeq
                0x00000000080088b4                __aeabi_dcmplt
                0x00000000080088c8                __aeabi_dcmple
                0x00000000080088dc                __aeabi_dcmpge
                0x00000000080088f0                __aeabi_dcmpgt
 .text          0x0000000008008904       0x2c /usr/lib/gcc/arm-none-eabi/9.2.1/thumb/v7e-m+fp/hard/libgcc.a(_arm_unorddf2.o)
                0x0000000008008904                __aeabi_dcmpun
                0x0000000008008904                __unorddf2
 .text          0x0000000008008930       0x50 /usr/lib/gcc/arm-none-eabi/9.2.1/thumb/v7e-m+fp/hard/libgcc.a(_arm_fixdfsi.o)
                0x0000000008008930                __fixdfsi
                0x0000000008008930                __aeabi_d2iz
 .text          0x0000000008008980       0x40 /usr/lib/gcc/arm-none-eabi/9.2.1/thumb/v7e-m+fp/hard/libgcc.a(_arm_fixunsdfsi.o)
                0x0000000008008980                __fixunsdfsi
                0x0000000008008980                __aeabi_d2uiz
 .text          0x00000000080089c0       0x30 /usr/lib/gcc/arm-none-eabi/9.2.1/thumb/v7e-m+fp/hard/libgcc.a(_fixdfdi.o)
                0x00000000080089c0                __aeabi_d2lz
                0x00000000080089c0                __fixdfdi
 .text          0x00000000080089f0       0x3c /usr/lib/gcc/arm-none-eabi/9.2.1/thumb/v7e-m+fp/hard/libgcc.a(_fixunsdfdi.o)
                0x00000000080089f0                __aeabi_d2ulz
                0x00000000080089f0                __fixunsdfdi
 *(.text*)
 .text.MX_CAN1_Init
                0x0000000008008a2c       0x40 CMakeFiles/Demo.elf.dir/Core/Src/can.c.obj
                0x0000000008008a2c                MX_CAN1_Init
 .text.HAL_CAN_MspInit
                0x0000000008008a6c       0x7c CMakeFiles/Demo.elf.dir/Core/Src/can.c.obj
                0x0000000008008a6c                HAL_CAN_MspInit
 .text.CAN_FilterInit
                0x0000000008008ae8       0x34 CMakeFiles/Demo.elf.dir/Core/Src/can.c.obj
                0x0000000008008ae8                CAN_FilterInit
 .text.CAN_Init
                0x0000000008008b1c       0x1c CMakeFiles/Demo.elf.dir/Core/Src/can.c.obj
                0x0000000008008b1c                CAN_Init
 .text.HAL_CAN_RxFifo0MsgPendingCallback
                0x0000000008008b38       0x4c CMakeFiles/Demo.elf.dir/Core/Src/can.c.obj
                0x0000000008008b38                HAL_CAN_RxFifo0MsgPendingCallback
 .text.CAN_DriverInit
                0x0000000008008b84       0x14 CMakeFiles/Demo.elf.dir/Core/Src/can.c.obj
                0x0000000008008b84                CAN_DriverInit
 .text.MX_DMA_Init
                0x0000000008008b98       0x44 CMakeFiles/Demo.elf.dir/Core/Src/dma.c.obj
                0x0000000008008b98                MX_DMA_Init
 .text.StartDefaultTask
                0x0000000008008bdc       0x18 CMakeFiles/Demo.elf.dir/Core/Src/freertos.c.obj
                0x0000000008008bdc                StartDefaultTask
 .text.LED_Task
                0x0000000008008bf4       0x4c CMakeFiles/Demo.elf.dir/Core/Src/freertos.c.obj
                0x0000000008008bf4                LED_Task
 .text.myTimer_Callback
                0x0000000008008c40       0x54 CMakeFiles/Demo.elf.dir/Core/Src/freertos.c.obj
                0x0000000008008c40                myTimer_Callback
 .text.MX_FREERTOS_Init
                0x0000000008008c94       0x54 CMakeFiles/Demo.elf.dir/Core/Src/freertos.c.obj
                0x0000000008008c94                MX_FREERTOS_Init
 .text.MX_GPIO_Init
                0x0000000008008ce8       0xb8 CMakeFiles/Demo.elf.dir/Core/Src/gpio.c.obj
                0x0000000008008ce8                MX_GPIO_Init
 .text.HAL_TIM_PeriodElapsedCallback
                0x0000000008008da0       0x18 CMakeFiles/Demo.elf.dir/Core/Src/main.c.obj
                0x0000000008008da0                HAL_TIM_PeriodElapsedCallback
 .text.Error_Handler
                0x0000000008008db8        0x4 CMakeFiles/Demo.elf.dir/Core/Src/main.c.obj
                0x0000000008008db8                Error_Handler
 .text.SystemClock_Config
                0x0000000008008dbc       0xa8 CMakeFiles/Demo.elf.dir/Core/Src/main.c.obj
                0x0000000008008dbc                SystemClock_Config
 .text.main     0x0000000008008e64       0x30 CMakeFiles/Demo.elf.dir/Core/Src/main.c.obj
                0x0000000008008e64                main
 .text.HAL_MspInit
                0x0000000008008e94       0x44 CMakeFiles/Demo.elf.dir/Core/Src/stm32f4xx_hal_msp.c.obj
                0x0000000008008e94                HAL_MspInit
 .text.HAL_InitTick
                0x0000000008008ed8       0x98 CMakeFiles/Demo.elf.dir/Core/Src/stm32f4xx_hal_timebase_tim.c.obj
                0x0000000008008ed8                HAL_InitTick
 .text.NMI_Handler
                0x0000000008008f70        0x2 CMakeFiles/Demo.elf.dir/Core/Src/stm32f4xx_it.c.obj
                0x0000000008008f70                NMI_Handler
 .text.HardFault_Handler
                0x0000000008008f72        0x2 CMakeFiles/Demo.elf.dir/Core/Src/stm32f4xx_it.c.obj
                0x0000000008008f72                HardFault_Handler
 .text.MemManage_Handler
                0x0000000008008f74        0x2 CMakeFiles/Demo.elf.dir/Core/Src/stm32f4xx_it.c.obj
                0x0000000008008f74                MemManage_Handler
 .text.BusFault_Handler
                0x0000000008008f76        0x2 CMakeFiles/Demo.elf.dir/Core/Src/stm32f4xx_it.c.obj
                0x0000000008008f76                BusFault_Handler
 .text.UsageFault_Handler
                0x0000000008008f78        0x2 CMakeFiles/Demo.elf.dir/Core/Src/stm32f4xx_it.c.obj
                0x0000000008008f78                UsageFault_Handler
 .text.DebugMon_Handler
                0x0000000008008f7a        0x2 CMakeFiles/Demo.elf.dir/Core/Src/stm32f4xx_it.c.obj
                0x0000000008008f7a                DebugMon_Handler
 .text.DMA1_Stream0_IRQHandler
                0x0000000008008f7c       0x10 CMakeFiles/Demo.elf.dir/Core/Src/stm32f4xx_it.c.obj
                0x0000000008008f7c                DMA1_Stream0_IRQHandler
 .text.DMA1_Stream6_IRQHandler
                0x0000000008008f8c       0x10 CMakeFiles/Demo.elf.dir/Core/Src/stm32f4xx_it.c.obj
                0x0000000008008f8c                DMA1_Stream6_IRQHandler
 .text.CAN1_RX0_IRQHandler
                0x0000000008008f9c       0x10 CMakeFiles/Demo.elf.dir/Core/Src/stm32f4xx_it.c.obj
                0x0000000008008f9c                CAN1_RX0_IRQHandler
 .text.TIM1_UP_TIM10_IRQHandler
                0x0000000008008fac       0x10 CMakeFiles/Demo.elf.dir/Core/Src/stm32f4xx_it.c.obj
                0x0000000008008fac                TIM1_UP_TIM10_IRQHandler
 .text.UART8_IRQHandler
                0x0000000008008fbc       0x58 CMakeFiles/Demo.elf.dir/Core/Src/stm32f4xx_it.c.obj
                0x0000000008008fbc                UART8_IRQHandler
 .text._getpid  0x0000000008009014        0x4 CMakeFiles/Demo.elf.dir/Core/Src/syscalls.c.obj
                0x0000000008009014                _getpid
 .text._kill    0x0000000008009018       0x10 CMakeFiles/Demo.elf.dir/Core/Src/syscalls.c.obj
                0x0000000008009018                _kill
 .text._exit    0x0000000008009028        0xc CMakeFiles/Demo.elf.dir/Core/Src/syscalls.c.obj
                0x0000000008009028                _exit
 .text._read    0x0000000008009034       0x20 CMakeFiles/Demo.elf.dir/Core/Src/syscalls.c.obj
                0x0000000008009034                _read
 .text._write   0x0000000008009054       0x1c CMakeFiles/Demo.elf.dir/Core/Src/syscalls.c.obj
                0x0000000008009054                _write
 .text._close   0x0000000008009070        0x6 CMakeFiles/Demo.elf.dir/Core/Src/syscalls.c.obj
                0x0000000008009070                _close
 .text._fstat   0x0000000008009076        0xa CMakeFiles/Demo.elf.dir/Core/Src/syscalls.c.obj
                0x0000000008009076                _fstat
 .text._isatty  0x0000000008009080        0x4 CMakeFiles/Demo.elf.dir/Core/Src/syscalls.c.obj
                0x0000000008009080                _isatty
 .text._lseek   0x0000000008009084        0x4 CMakeFiles/Demo.elf.dir/Core/Src/syscalls.c.obj
                0x0000000008009084                _lseek
 .text._sbrk    0x0000000008009088       0x48 CMakeFiles/Demo.elf.dir/Core/Src/sysmem.c.obj
                0x0000000008009088                _sbrk
 .text.SystemInit
                0x00000000080090d0       0x14 CMakeFiles/Demo.elf.dir/Core/Src/system_stm32f4xx.c.obj
                0x00000000080090d0                SystemInit
 .text.__io_putchar
                0x00000000080090e4       0x20 CMakeFiles/Demo.elf.dir/Core/Src/usart.c.obj
                0x00000000080090e4                __io_putchar
 .text.MX_UART8_Init
                0x0000000008009104       0x4c CMakeFiles/Demo.elf.dir/Core/Src/usart.c.obj
                0x0000000008009104                MX_UART8_Init
 .text.HAL_UART_MspInit
                0x0000000008009150       0xf8 CMakeFiles/Demo.elf.dir/Core/Src/usart.c.obj
                0x0000000008009150                HAL_UART_MspInit
 .text.Reset_Handler
                0x0000000008009248       0x50 CMakeFiles/Demo.elf.dir/Core/Startup/startup_stm32f427iihx.s.obj
                0x0000000008009248                Reset_Handler
 .text.Default_Handler
                0x0000000008009298        0x2 CMakeFiles/Demo.elf.dir/Core/Startup/startup_stm32f427iihx.s.obj
                0x0000000008009298                RTC_Alarm_IRQHandler
                0x0000000008009298                HASH_RNG_IRQHandler
                0x0000000008009298                EXTI2_IRQHandler
                0x0000000008009298                TIM8_CC_IRQHandler
                0x0000000008009298                SPI4_IRQHandler
                0x0000000008009298                TIM1_CC_IRQHandler
                0x0000000008009298                DMA2_Stream5_IRQHandler
                0x0000000008009298                DMA1_Stream5_IRQHandler
                0x0000000008009298                PVD_IRQHandler
                0x0000000008009298                SDIO_IRQHandler
                0x0000000008009298                TAMP_STAMP_IRQHandler
                0x0000000008009298                CAN2_RX1_IRQHandler
                0x0000000008009298                EXTI3_IRQHandler
                0x0000000008009298                TIM8_TRG_COM_TIM14_IRQHandler
                0x0000000008009298                TIM8_UP_TIM13_IRQHandler
                0x0000000008009298                I2C3_ER_IRQHandler
                0x0000000008009298                EXTI0_IRQHandler
                0x0000000008009298                I2C2_EV_IRQHandler
                0x0000000008009298                DMA1_Stream2_IRQHandler
                0x0000000008009298                FPU_IRQHandler
                0x0000000008009298                OTG_HS_WKUP_IRQHandler
                0x0000000008009298                CAN2_SCE_IRQHandler
                0x0000000008009298                DMA2_Stream2_IRQHandler
                0x0000000008009298                SPI1_IRQHandler
                0x0000000008009298                TIM6_DAC_IRQHandler
                0x0000000008009298                TIM1_BRK_TIM9_IRQHandler
                0x0000000008009298                DCMI_IRQHandler
                0x0000000008009298                CAN2_RX0_IRQHandler
                0x0000000008009298                DMA2_Stream3_IRQHandler
                0x0000000008009298                USART6_IRQHandler
                0x0000000008009298                USART3_IRQHandler
                0x0000000008009298                CAN1_RX1_IRQHandler
                0x0000000008009298                UART5_IRQHandler
                0x0000000008009298                DMA2_Stream0_IRQHandler
                0x0000000008009298                TIM4_IRQHandler
                0x0000000008009298                I2C1_EV_IRQHandler
                0x0000000008009298                DMA1_Stream1_IRQHandler
                0x0000000008009298                UART4_IRQHandler
                0x0000000008009298                TIM3_IRQHandler
                0x0000000008009298                RCC_IRQHandler
                0x0000000008009298                TIM8_BRK_TIM12_IRQHandler
                0x0000000008009298                Default_Handler
                0x0000000008009298                EXTI15_10_IRQHandler
                0x0000000008009298                ADC_IRQHandler
                0x0000000008009298                DMA1_Stream7_IRQHandler
                0x0000000008009298                SPI5_IRQHandler
                0x0000000008009298                TIM7_IRQHandler
                0x0000000008009298                CAN2_TX_IRQHandler
                0x0000000008009298                TIM5_IRQHandler
                0x0000000008009298                DMA2_Stream7_IRQHandler
                0x0000000008009298                I2C3_EV_IRQHandler
                0x0000000008009298                EXTI9_5_IRQHandler
                0x0000000008009298                RTC_WKUP_IRQHandler
                0x0000000008009298                ETH_WKUP_IRQHandler
                0x0000000008009298                SPI2_IRQHandler
                0x0000000008009298                OTG_HS_EP1_IN_IRQHandler
                0x0000000008009298                CAN1_TX_IRQHandler
                0x0000000008009298                EXTI4_IRQHandler
                0x0000000008009298                ETH_IRQHandler
                0x0000000008009298                OTG_HS_EP1_OUT_IRQHandler
                0x0000000008009298                WWDG_IRQHandler
                0x0000000008009298                SPI6_IRQHandler
                0x0000000008009298                TIM2_IRQHandler
                0x0000000008009298                OTG_FS_WKUP_IRQHandler
                0x0000000008009298                TIM1_TRG_COM_TIM11_IRQHandler
                0x0000000008009298                OTG_HS_IRQHandler
                0x0000000008009298                DMA2D_IRQHandler
                0x0000000008009298                EXTI1_IRQHandler
                0x0000000008009298                UART7_IRQHandler
                0x0000000008009298                USART2_IRQHandler
                0x0000000008009298                I2C2_ER_IRQHandler
                0x0000000008009298                DMA2_Stream1_IRQHandler
                0x0000000008009298                CAN1_SCE_IRQHandler
                0x0000000008009298                FLASH_IRQHandler
                0x0000000008009298                DMA2_Stream4_IRQHandler
                0x0000000008009298                USART1_IRQHandler
                0x0000000008009298                OTG_FS_IRQHandler
                0x0000000008009298                SPI3_IRQHandler
                0x0000000008009298                DMA1_Stream4_IRQHandler
                0x0000000008009298                I2C1_ER_IRQHandler
                0x0000000008009298                FMC_IRQHandler
                0x0000000008009298                DMA2_Stream6_IRQHandler
                0x0000000008009298                SAI1_IRQHandler
                0x0000000008009298                DMA1_Stream3_IRQHandler
 *fill*         0x000000000800929a        0x2 
 .text.HAL_Init
                0x000000000800929c       0x34 CMakeFiles/Demo.elf.dir/Drivers/STM32F4xx_HAL_Driver/Src/stm32f4xx_hal.c.obj
                0x000000000800929c                HAL_Init
 .text.HAL_IncTick
                0x00000000080092d0       0x18 CMakeFiles/Demo.elf.dir/Drivers/STM32F4xx_HAL_Driver/Src/stm32f4xx_hal.c.obj
                0x00000000080092d0                HAL_IncTick
 .text.HAL_GetTick
                0x00000000080092e8        0xc CMakeFiles/Demo.elf.dir/Drivers/STM32F4xx_HAL_Driver/Src/stm32f4xx_hal.c.obj
                0x00000000080092e8                HAL_GetTick
 .text.HAL_CAN_Init
                0x00000000080092f4      0x14c CMakeFiles/Demo.elf.dir/Drivers/STM32F4xx_HAL_Driver/Src/stm32f4xx_hal_can.c.obj
                0x00000000080092f4                HAL_CAN_Init
 .text.HAL_CAN_ConfigFilter
                0x0000000008009440      0x130 CMakeFiles/Demo.elf.dir/Drivers/STM32F4xx_HAL_Driver/Src/stm32f4xx_hal_can.c.obj
                0x0000000008009440                HAL_CAN_ConfigFilter
 .text.HAL_CAN_Start
                0x0000000008009570       0x5c CMakeFiles/Demo.elf.dir/Drivers/STM32F4xx_HAL_Driver/Src/stm32f4xx_hal_can.c.obj
                0x0000000008009570                HAL_CAN_Start
 .text.HAL_CAN_AddTxMessage
                0x00000000080095cc       0xec CMakeFiles/Demo.elf.dir/Drivers/STM32F4xx_HAL_Driver/Src/stm32f4xx_hal_can.c.obj
                0x00000000080095cc                HAL_CAN_AddTxMessage
 .text.HAL_CAN_GetRxMessage
                0x00000000080096b8      0x140 CMakeFiles/Demo.elf.dir/Drivers/STM32F4xx_HAL_Driver/Src/stm32f4xx_hal_can.c.obj
                0x00000000080096b8                HAL_CAN_GetRxMessage
 .text.HAL_CAN_ActivateNotification
                0x00000000080097f8       0x24 CMakeFiles/Demo.elf.dir/Drivers/STM32F4xx_HAL_Driver/Src/stm32f4xx_hal_can.c.obj
                0x00000000080097f8                HAL_CAN_ActivateNotification
 .text.HAL_CAN_TxMailbox0CompleteCallback
                0x000000000800981c        0x2 CMakeFiles/Demo.elf.dir/Drivers/STM32F4xx_HAL_Driver/Src/stm32f4xx_hal_can.c.obj
                0x000000000800981c                HAL_CAN_TxMailbox0CompleteCallback
 .text.HAL_CAN_TxMailbox1CompleteCallback
                0x000000000800981e        0x2 CMakeFiles/Demo.elf.dir/Drivers/STM32F4xx_HAL_Driver/Src/stm32f4xx_hal_can.c.obj
                0x000000000800981e                HAL_CAN_TxMailbox1CompleteCallback
 .text.HAL_CAN_TxMailbox2CompleteCallback
                0x0000000008009820        0x2 CMakeFiles/Demo.elf.dir/Drivers/STM32F4xx_HAL_Driver/Src/stm32f4xx_hal_can.c.obj
                0x0000000008009820                HAL_CAN_TxMailbox2CompleteCallback
 .text.HAL_CAN_TxMailbox0AbortCallback
                0x0000000008009822        0x2 CMakeFiles/Demo.elf.dir/Drivers/STM32F4xx_HAL_Driver/Src/stm32f4xx_hal_can.c.obj
                0x0000000008009822                HAL_CAN_TxMailbox0AbortCallback
 .text.HAL_CAN_TxMailbox1AbortCallback
                0x0000000008009824        0x2 CMakeFiles/Demo.elf.dir/Drivers/STM32F4xx_HAL_Driver/Src/stm32f4xx_hal_can.c.obj
                0x0000000008009824                HAL_CAN_TxMailbox1AbortCallback
 .text.HAL_CAN_TxMailbox2AbortCallback
                0x0000000008009826        0x2 CMakeFiles/Demo.elf.dir/Drivers/STM32F4xx_HAL_Driver/Src/stm32f4xx_hal_can.c.obj
                0x0000000008009826                HAL_CAN_TxMailbox2AbortCallback
 .text.HAL_CAN_RxFifo0FullCallback
                0x0000000008009828        0x2 CMakeFiles/Demo.elf.dir/Drivers/STM32F4xx_HAL_Driver/Src/stm32f4xx_hal_can.c.obj
                0x0000000008009828                HAL_CAN_RxFifo0FullCallback
 .text.HAL_CAN_RxFifo1MsgPendingCallback
                0x000000000800982a        0x2 CMakeFiles/Demo.elf.dir/Drivers/STM32F4xx_HAL_Driver/Src/stm32f4xx_hal_can.c.obj
                0x000000000800982a                HAL_CAN_RxFifo1MsgPendingCallback
 .text.HAL_CAN_RxFifo1FullCallback
                0x000000000800982c        0x2 CMakeFiles/Demo.elf.dir/Drivers/STM32F4xx_HAL_Driver/Src/stm32f4xx_hal_can.c.obj
                0x000000000800982c                HAL_CAN_RxFifo1FullCallback
 .text.HAL_CAN_SleepCallback
                0x000000000800982e        0x2 CMakeFiles/Demo.elf.dir/Drivers/STM32F4xx_HAL_Driver/Src/stm32f4xx_hal_can.c.obj
                0x000000000800982e                HAL_CAN_SleepCallback
 .text.HAL_CAN_WakeUpFromRxMsgCallback
                0x0000000008009830        0x2 CMakeFiles/Demo.elf.dir/Drivers/STM32F4xx_HAL_Driver/Src/stm32f4xx_hal_can.c.obj
                0x0000000008009830                HAL_CAN_WakeUpFromRxMsgCallback
 .text.HAL_CAN_ErrorCallback
                0x0000000008009832        0x2 CMakeFiles/Demo.elf.dir/Drivers/STM32F4xx_HAL_Driver/Src/stm32f4xx_hal_can.c.obj
                0x0000000008009832                HAL_CAN_ErrorCallback
 .text.HAL_CAN_IRQHandler
                0x0000000008009834      0x24a CMakeFiles/Demo.elf.dir/Drivers/STM32F4xx_HAL_Driver/Src/stm32f4xx_hal_can.c.obj
                0x0000000008009834                HAL_CAN_IRQHandler
 *fill*         0x0000000008009a7e        0x2 
 .text.HAL_NVIC_SetPriorityGrouping
                0x0000000008009a80       0x24 CMakeFiles/Demo.elf.dir/Drivers/STM32F4xx_HAL_Driver/Src/stm32f4xx_hal_cortex.c.obj
                0x0000000008009a80                HAL_NVIC_SetPriorityGrouping
 .text.HAL_NVIC_SetPriority
                0x0000000008009aa4       0x68 CMakeFiles/Demo.elf.dir/Drivers/STM32F4xx_HAL_Driver/Src/stm32f4xx_hal_cortex.c.obj
                0x0000000008009aa4                HAL_NVIC_SetPriority
 .text.HAL_NVIC_EnableIRQ
                0x0000000008009b0c       0x1c CMakeFiles/Demo.elf.dir/Drivers/STM32F4xx_HAL_Driver/Src/stm32f4xx_hal_cortex.c.obj
                0x0000000008009b0c                HAL_NVIC_EnableIRQ
 .text.DMA_SetConfig
                0x0000000008009b28       0x2c CMakeFiles/Demo.elf.dir/Drivers/STM32F4xx_HAL_Driver/Src/stm32f4xx_hal_dma.c.obj
 .text.DMA_CalcBaseAndBitshift
                0x0000000008009b54       0x44 CMakeFiles/Demo.elf.dir/Drivers/STM32F4xx_HAL_Driver/Src/stm32f4xx_hal_dma.c.obj
 .text.DMA_CheckFifoParam
                0x0000000008009b98       0x8e CMakeFiles/Demo.elf.dir/Drivers/STM32F4xx_HAL_Driver/Src/stm32f4xx_hal_dma.c.obj
 *fill*         0x0000000008009c26        0x2 
 .text.HAL_DMA_Init
                0x0000000008009c28       0xcc CMakeFiles/Demo.elf.dir/Drivers/STM32F4xx_HAL_Driver/Src/stm32f4xx_hal_dma.c.obj
                0x0000000008009c28                HAL_DMA_Init
 .text.HAL_DMA_Start_IT
                0x0000000008009cf4       0x6a CMakeFiles/Demo.elf.dir/Drivers/STM32F4xx_HAL_Driver/Src/stm32f4xx_hal_dma.c.obj
                0x0000000008009cf4                HAL_DMA_Start_IT
 .text.HAL_DMA_Abort
                0x0000000008009d5e       0x94 CMakeFiles/Demo.elf.dir/Drivers/STM32F4xx_HAL_Driver/Src/stm32f4xx_hal_dma.c.obj
                0x0000000008009d5e                HAL_DMA_Abort
 .text.HAL_DMA_Abort_IT
                0x0000000008009df2       0x26 CMakeFiles/Demo.elf.dir/Drivers/STM32F4xx_HAL_Driver/Src/stm32f4xx_hal_dma.c.obj
                0x0000000008009df2                HAL_DMA_Abort_IT
 .text.HAL_DMA_IRQHandler
                0x0000000008009e18      0x1dc CMakeFiles/Demo.elf.dir/Drivers/STM32F4xx_HAL_Driver/Src/stm32f4xx_hal_dma.c.obj
                0x0000000008009e18                HAL_DMA_IRQHandler
 .text.HAL_GPIO_Init
                0x0000000008009ff4      0x1f0 CMakeFiles/Demo.elf.dir/Drivers/STM32F4xx_HAL_Driver/Src/stm32f4xx_hal_gpio.c.obj
                0x0000000008009ff4                HAL_GPIO_Init
 .text.HAL_GPIO_WritePin
                0x000000000800a1e4        0xc CMakeFiles/Demo.elf.dir/Drivers/STM32F4xx_HAL_Driver/Src/stm32f4xx_hal_gpio.c.obj
                0x000000000800a1e4                HAL_GPIO_WritePin
 .text.HAL_GPIO_TogglePin
                0x000000000800a1f0       0x12 CMakeFiles/Demo.elf.dir/Drivers/STM32F4xx_HAL_Driver/Src/stm32f4xx_hal_gpio.c.obj
                0x000000000800a1f0                HAL_GPIO_TogglePin
 *fill*         0x000000000800a202        0x2 
 .text.HAL_RCC_OscConfig
                0x000000000800a204      0x3f8 CMakeFiles/Demo.elf.dir/Drivers/STM32F4xx_HAL_Driver/Src/stm32f4xx_hal_rcc.c.obj
                0x000000000800a204                HAL_RCC_OscConfig
 .text.HAL_RCC_GetSysClockFreq
                0x000000000800a5fc       0xa0 CMakeFiles/Demo.elf.dir/Drivers/STM32F4xx_HAL_Driver/Src/stm32f4xx_hal_rcc.c.obj
                0x000000000800a5fc                HAL_RCC_GetSysClockFreq
 .text.HAL_RCC_ClockConfig
                0x000000000800a69c      0x160 CMakeFiles/Demo.elf.dir/Drivers/STM32F4xx_HAL_Driver/Src/stm32f4xx_hal_rcc.c.obj
                0x000000000800a69c                HAL_RCC_ClockConfig
 .text.HAL_RCC_GetHCLKFreq
                0x000000000800a7fc        0xc CMakeFiles/Demo.elf.dir/Drivers/STM32F4xx_HAL_Driver/Src/stm32f4xx_hal_rcc.c.obj
                0x000000000800a7fc                HAL_RCC_GetHCLKFreq
 .text.HAL_RCC_GetPCLK1Freq
                0x000000000800a808       0x20 CMakeFiles/Demo.elf.dir/Drivers/STM32F4xx_HAL_Driver/Src/stm32f4xx_hal_rcc.c.obj
                0x000000000800a808                HAL_RCC_GetPCLK1Freq
 .text.HAL_RCC_GetPCLK2Freq
                0x000000000800a828       0x20 CMakeFiles/Demo.elf.dir/Drivers/STM32F4xx_HAL_Driver/Src/stm32f4xx_hal_rcc.c.obj
                0x000000000800a828                HAL_RCC_GetPCLK2Freq
 .text.HAL_RCC_GetClockConfig
                0x000000000800a848       0x3c CMakeFiles/Demo.elf.dir/Drivers/STM32F4xx_HAL_Driver/Src/stm32f4xx_hal_rcc.c.obj
                0x000000000800a848                HAL_RCC_GetClockConfig
 .text.HAL_TIM_Base_MspInit
                0x000000000800a884        0x2 CMakeFiles/Demo.elf.dir/Drivers/STM32F4xx_HAL_Driver/Src/stm32f4xx_hal_tim.c.obj
                0x000000000800a884                HAL_TIM_Base_MspInit
 *fill*         0x000000000800a886        0x2 
 .text.HAL_TIM_Base_Start_IT
                0x000000000800a888       0x88 CMakeFiles/Demo.elf.dir/Drivers/STM32F4xx_HAL_Driver/Src/stm32f4xx_hal_tim.c.obj
                0x000000000800a888                HAL_TIM_Base_Start_IT
 .text.HAL_TIM_OC_DelayElapsedCallback
                0x000000000800a910        0x2 CMakeFiles/Demo.elf.dir/Drivers/STM32F4xx_HAL_Driver/Src/stm32f4xx_hal_tim.c.obj
                0x000000000800a910                HAL_TIM_OC_DelayElapsedCallback
 .text.HAL_TIM_IC_CaptureCallback
                0x000000000800a912        0x2 CMakeFiles/Demo.elf.dir/Drivers/STM32F4xx_HAL_Driver/Src/stm32f4xx_hal_tim.c.obj
                0x000000000800a912                HAL_TIM_IC_CaptureCallback
 .text.HAL_TIM_PWM_PulseFinishedCallback
                0x000000000800a914        0x2 CMakeFiles/Demo.elf.dir/Drivers/STM32F4xx_HAL_Driver/Src/stm32f4xx_hal_tim.c.obj
                0x000000000800a914                HAL_TIM_PWM_PulseFinishedCallback
 .text.HAL_TIM_TriggerCallback
                0x000000000800a916        0x2 CMakeFiles/Demo.elf.dir/Drivers/STM32F4xx_HAL_Driver/Src/stm32f4xx_hal_tim.c.obj
                0x000000000800a916                HAL_TIM_TriggerCallback
 .text.HAL_TIM_IRQHandler
                0x000000000800a918      0x17a CMakeFiles/Demo.elf.dir/Drivers/STM32F4xx_HAL_Driver/Src/stm32f4xx_hal_tim.c.obj
                0x000000000800a918                HAL_TIM_IRQHandler
 *fill*         0x000000000800aa92        0x2 
 .text.TIM_Base_SetConfig
                0x000000000800aa94       0xc8 CMakeFiles/Demo.elf.dir/Drivers/STM32F4xx_HAL_Driver/Src/stm32f4xx_hal_tim.c.obj
                0x000000000800aa94                TIM_Base_SetConfig
 .text.HAL_TIM_Base_Init
                0x000000000800ab5c       0x58 CMakeFiles/Demo.elf.dir/Drivers/STM32F4xx_HAL_Driver/Src/stm32f4xx_hal_tim.c.obj
                0x000000000800ab5c                HAL_TIM_Base_Init
 .text.HAL_TIMEx_CommutCallback
                0x000000000800abb4        0x2 CMakeFiles/Demo.elf.dir/Drivers/STM32F4xx_HAL_Driver/Src/stm32f4xx_hal_tim_ex.c.obj
                0x000000000800abb4                HAL_TIMEx_CommutCallback
 .text.HAL_TIMEx_BreakCallback
                0x000000000800abb6        0x2 CMakeFiles/Demo.elf.dir/Drivers/STM32F4xx_HAL_Driver/Src/stm32f4xx_hal_tim_ex.c.obj
                0x000000000800abb6                HAL_TIMEx_BreakCallback
 .text.UART_EndTxTransfer
                0x000000000800abb8       0x20 CMakeFiles/Demo.elf.dir/Drivers/STM32F4xx_HAL_Driver/Src/stm32f4xx_hal_uart.c.obj
 .text.UART_EndRxTransfer
                0x000000000800abd8       0x5c CMakeFiles/Demo.elf.dir/Drivers/STM32F4xx_HAL_Driver/Src/stm32f4xx_hal_uart.c.obj
 .text.UART_Transmit_IT
                0x000000000800ac34       0x60 CMakeFiles/Demo.elf.dir/Drivers/STM32F4xx_HAL_Driver/Src/stm32f4xx_hal_uart.c.obj
 .text.UART_SetConfig
                0x000000000800ac94      0x11c CMakeFiles/Demo.elf.dir/Drivers/STM32F4xx_HAL_Driver/Src/stm32f4xx_hal_uart.c.obj
 .text.UART_WaitOnFlagUntilTimeout
                0x000000000800adb0       0x84 CMakeFiles/Demo.elf.dir/Drivers/STM32F4xx_HAL_Driver/Src/stm32f4xx_hal_uart.c.obj
 .text.HAL_UART_Init
                0x000000000800ae34       0x5e CMakeFiles/Demo.elf.dir/Drivers/STM32F4xx_HAL_Driver/Src/stm32f4xx_hal_uart.c.obj
                0x000000000800ae34                HAL_UART_Init
 .text.HAL_UART_Transmit
                0x000000000800ae92       0xd8 CMakeFiles/Demo.elf.dir/Drivers/STM32F4xx_HAL_Driver/Src/stm32f4xx_hal_uart.c.obj
                0x000000000800ae92                HAL_UART_Transmit
 .text.HAL_UART_DMAStop
                0x000000000800af6a       0x84 CMakeFiles/Demo.elf.dir/Drivers/STM32F4xx_HAL_Driver/Src/stm32f4xx_hal_uart.c.obj
                0x000000000800af6a                HAL_UART_DMAStop
 .text.HAL_UART_TxCpltCallback
                0x000000000800afee        0x2 CMakeFiles/Demo.elf.dir/Drivers/STM32F4xx_HAL_Driver/Src/stm32f4xx_hal_uart.c.obj
                0x000000000800afee                HAL_UART_TxCpltCallback
 .text.UART_EndTransmit_IT
                0x000000000800aff0       0x1a CMakeFiles/Demo.elf.dir/Drivers/STM32F4xx_HAL_Driver/Src/stm32f4xx_hal_uart.c.obj
 .text.HAL_UART_RxCpltCallback
                0x000000000800b00a        0x2 CMakeFiles/Demo.elf.dir/Drivers/STM32F4xx_HAL_Driver/Src/stm32f4xx_hal_uart.c.obj
                0x000000000800b00a                HAL_UART_RxCpltCallback
 .text.HAL_UART_RxHalfCpltCallback
                0x000000000800b00c        0x2 CMakeFiles/Demo.elf.dir/Drivers/STM32F4xx_HAL_Driver/Src/stm32f4xx_hal_uart.c.obj
                0x000000000800b00c                HAL_UART_RxHalfCpltCallback
 .text.HAL_UART_ErrorCallback
                0x000000000800b00e        0x2 CMakeFiles/Demo.elf.dir/Drivers/STM32F4xx_HAL_Driver/Src/stm32f4xx_hal_uart.c.obj
                0x000000000800b00e                HAL_UART_ErrorCallback
 .text.UART_DMAError
                0x000000000800b010       0x58 CMakeFiles/Demo.elf.dir/Drivers/STM32F4xx_HAL_Driver/Src/stm32f4xx_hal_uart.c.obj
 .text.UART_DMAAbortOnError
                0x000000000800b068       0x10 CMakeFiles/Demo.elf.dir/Drivers/STM32F4xx_HAL_Driver/Src/stm32f4xx_hal_uart.c.obj
 .text.HAL_UARTEx_RxEventCallback
                0x000000000800b078        0x2 CMakeFiles/Demo.elf.dir/Drivers/STM32F4xx_HAL_Driver/Src/stm32f4xx_hal_uart.c.obj
                0x000000000800b078                HAL_UARTEx_RxEventCallback
 .text.UART_Receive_IT
                0x000000000800b07a       0xe2 CMakeFiles/Demo.elf.dir/Drivers/STM32F4xx_HAL_Driver/Src/stm32f4xx_hal_uart.c.obj
 .text.HAL_UART_IRQHandler
                0x000000000800b15c      0x280 CMakeFiles/Demo.elf.dir/Drivers/STM32F4xx_HAL_Driver/Src/stm32f4xx_hal_uart.c.obj
                0x000000000800b15c                HAL_UART_IRQHandler
 .text.UART_DMARxHalfCplt
                0x000000000800b3dc       0x1a CMakeFiles/Demo.elf.dir/Drivers/STM32F4xx_HAL_Driver/Src/stm32f4xx_hal_uart.c.obj
 .text.UART_DMAReceiveCplt
                0x000000000800b3f6       0x96 CMakeFiles/Demo.elf.dir/Drivers/STM32F4xx_HAL_Driver/Src/stm32f4xx_hal_uart.c.obj
 .text.UART_Start_Receive_DMA
                0x000000000800b48c       0xa8 CMakeFiles/Demo.elf.dir/Drivers/STM32F4xx_HAL_Driver/Src/stm32f4xx_hal_uart.c.obj
                0x000000000800b48c                UART_Start_Receive_DMA
 .text.HAL_UART_Receive_DMA
                0x000000000800b534       0x38 CMakeFiles/Demo.elf.dir/Drivers/STM32F4xx_HAL_Driver/Src/stm32f4xx_hal_uart.c.obj
                0x000000000800b534                HAL_UART_Receive_DMA
 .text.TimerCallback
                0x000000000800b56c       0x10 CMakeFiles/Demo.elf.dir/Middlewares/Third_Party/FreeRTOS/Source/CMSIS_RTOS_V2/cmsis_os2.c.obj
 .text.SysTick_Handler
                0x000000000800b57c       0x1c CMakeFiles/Demo.elf.dir/Middlewares/Third_Party/FreeRTOS/Source/CMSIS_RTOS_V2/cmsis_os2.c.obj
                0x000000000800b57c                SysTick_Handler
 .text.osKernelInitialize
                0x000000000800b598       0x24 CMakeFiles/Demo.elf.dir/Middlewares/Third_Party/FreeRTOS/Source/CMSIS_RTOS_V2/cmsis_os2.c.obj
                0x000000000800b598                osKernelInitialize
 .text.osKernelStart
                0x000000000800b5bc       0x38 CMakeFiles/Demo.elf.dir/Middlewares/Third_Party/FreeRTOS/Source/CMSIS_RTOS_V2/cmsis_os2.c.obj
                0x000000000800b5bc                osKernelStart
 .text.osThreadNew
                0x000000000800b5f4       0xbc CMakeFiles/Demo.elf.dir/Middlewares/Third_Party/FreeRTOS/Source/CMSIS_RTOS_V2/cmsis_os2.c.obj
                0x000000000800b5f4                osThreadNew
 .text.osDelay  0x000000000800b6b0       0x1c CMakeFiles/Demo.elf.dir/Middlewares/Third_Party/FreeRTOS/Source/CMSIS_RTOS_V2/cmsis_os2.c.obj
                0x000000000800b6b0                osDelay
 .text.osTimerNew
                0x000000000800b6cc       0xa8 CMakeFiles/Demo.elf.dir/Middlewares/Third_Party/FreeRTOS/Source/CMSIS_RTOS_V2/cmsis_os2.c.obj
                0x000000000800b6cc                osTimerNew
 .text.osTimerStart
                0x000000000800b774       0x34 CMakeFiles/Demo.elf.dir/Middlewares/Third_Party/FreeRTOS/Source/CMSIS_RTOS_V2/cmsis_os2.c.obj
                0x000000000800b774                osTimerStart
 .text.vApplicationGetIdleTaskMemory
                0x000000000800b7a8       0x18 CMakeFiles/Demo.elf.dir/Middlewares/Third_Party/FreeRTOS/Source/CMSIS_RTOS_V2/cmsis_os2.c.obj
                0x000000000800b7a8                vApplicationGetIdleTaskMemory
 .text.vApplicationGetTimerTaskMemory
                0x000000000800b7c0       0x18 CMakeFiles/Demo.elf.dir/Middlewares/Third_Party/FreeRTOS/Source/CMSIS_RTOS_V2/cmsis_os2.c.obj
                0x000000000800b7c0                vApplicationGetTimerTaskMemory
 .text.vListInitialise
                0x000000000800b7d8       0x16 CMakeFiles/Demo.elf.dir/Middlewares/Third_Party/FreeRTOS/Source/list.c.obj
                0x000000000800b7d8                vListInitialise
 .text.vListInitialiseItem
                0x000000000800b7ee        0x6 CMakeFiles/Demo.elf.dir/Middlewares/Third_Party/FreeRTOS/Source/list.c.obj
                0x000000000800b7ee                vListInitialiseItem
 .text.vListInsertEnd
                0x000000000800b7f4       0x16 CMakeFiles/Demo.elf.dir/Middlewares/Third_Party/FreeRTOS/Source/list.c.obj
                0x000000000800b7f4                vListInsertEnd
 .text.vListInsert
                0x000000000800b80a       0x32 CMakeFiles/Demo.elf.dir/Middlewares/Third_Party/FreeRTOS/Source/list.c.obj
                0x000000000800b80a                vListInsert
 .text.uxListRemove
                0x000000000800b83c       0x26 CMakeFiles/Demo.elf.dir/Middlewares/Third_Party/FreeRTOS/Source/list.c.obj
                0x000000000800b83c                uxListRemove
 *fill*         0x000000000800b862        0x2 
 .text.prvTaskExitError
                0x000000000800b864       0x40 CMakeFiles/Demo.elf.dir/Middlewares/Third_Party/FreeRTOS/Source/portable/GCC/ARM_CM4F/port.c.obj
 .text.prvPortStartFirstTask
                0x000000000800b8a4       0x28 CMakeFiles/Demo.elf.dir/Middlewares/Third_Party/FreeRTOS/Source/portable/GCC/ARM_CM4F/port.c.obj
 .text.vPortEnableVFP
                0x000000000800b8cc       0x14 CMakeFiles/Demo.elf.dir/Middlewares/Third_Party/FreeRTOS/Source/portable/GCC/ARM_CM4F/port.c.obj
 .text.pxPortInitialiseStack
                0x000000000800b8e0       0x2c CMakeFiles/Demo.elf.dir/Middlewares/Third_Party/FreeRTOS/Source/portable/GCC/ARM_CM4F/port.c.obj
                0x000000000800b8e0                pxPortInitialiseStack
 *fill*         0x000000000800b90c        0x4 
 .text.SVC_Handler
                0x000000000800b910       0x24 CMakeFiles/Demo.elf.dir/Middlewares/Third_Party/FreeRTOS/Source/portable/GCC/ARM_CM4F/port.c.obj
                0x000000000800b910                SVC_Handler
 .text.vPortEnterCritical
                0x000000000800b934       0x44 CMakeFiles/Demo.elf.dir/Middlewares/Third_Party/FreeRTOS/Source/portable/GCC/ARM_CM4F/port.c.obj
                0x000000000800b934                vPortEnterCritical
 .text.vPortExitCritical
                0x000000000800b978       0x2c CMakeFiles/Demo.elf.dir/Middlewares/Third_Party/FreeRTOS/Source/portable/GCC/ARM_CM4F/port.c.obj
                0x000000000800b978                vPortExitCritical
 *fill*         0x000000000800b9a4        0xc 
 .text.PendSV_Handler
                0x000000000800b9b0       0x64 CMakeFiles/Demo.elf.dir/Middlewares/Third_Party/FreeRTOS/Source/portable/GCC/ARM_CM4F/port.c.obj
                0x000000000800b9b0                PendSV_Handler
 .text.xPortSysTickHandler
                0x000000000800ba14       0x2c CMakeFiles/Demo.elf.dir/Middlewares/Third_Party/FreeRTOS/Source/portable/GCC/ARM_CM4F/port.c.obj
                0x000000000800ba14                xPortSysTickHandler
 .text.vPortSetupTimerInterrupt
                0x000000000800ba40       0x38 CMakeFiles/Demo.elf.dir/Middlewares/Third_Party/FreeRTOS/Source/portable/GCC/ARM_CM4F/port.c.obj
                0x000000000800ba40                vPortSetupTimerInterrupt
 .text.xPortStartScheduler
                0x000000000800ba78      0x110 CMakeFiles/Demo.elf.dir/Middlewares/Third_Party/FreeRTOS/Source/portable/GCC/ARM_CM4F/port.c.obj
                0x000000000800ba78                xPortStartScheduler
 .text.vPortValidateInterruptPriority
                0x000000000800bb88       0x5c CMakeFiles/Demo.elf.dir/Middlewares/Third_Party/FreeRTOS/Source/portable/GCC/ARM_CM4F/port.c.obj
                0x000000000800bb88                vPortValidateInterruptPriority
 .text.prvHeapInit
                0x000000000800bbe4       0x64 CMakeFiles/Demo.elf.dir/Middlewares/Third_Party/FreeRTOS/Source/portable/MemMang/heap_4.c.obj
 .text.prvInsertBlockIntoFreeList
                0x000000000800bc48       0x58 CMakeFiles/Demo.elf.dir/Middlewares/Third_Party/FreeRTOS/Source/portable/MemMang/heap_4.c.obj
 .text.pvPortMalloc
                0x000000000800bca0       0xfc CMakeFiles/Demo.elf.dir/Middlewares/Third_Party/FreeRTOS/Source/portable/MemMang/heap_4.c.obj
                0x000000000800bca0                pvPortMalloc
 .text.vPortFree
                0x000000000800bd9c       0x7c CMakeFiles/Demo.elf.dir/Middlewares/Third_Party/FreeRTOS/Source/portable/MemMang/heap_4.c.obj
                0x000000000800bd9c                vPortFree
 .text.prvIsQueueFull
                0x000000000800be18       0x1e CMakeFiles/Demo.elf.dir/Middlewares/Third_Party/FreeRTOS/Source/queue.c.obj
 .text.prvIsQueueEmpty
                0x000000000800be36       0x1a CMakeFiles/Demo.elf.dir/Middlewares/Third_Party/FreeRTOS/Source/queue.c.obj
 .text.prvCopyDataToQueue
                0x000000000800be50       0x76 CMakeFiles/Demo.elf.dir/Middlewares/Third_Party/FreeRTOS/Source/queue.c.obj
 .text.prvCopyDataFromQueue
                0x000000000800bec6       0x24 CMakeFiles/Demo.elf.dir/Middlewares/Third_Party/FreeRTOS/Source/queue.c.obj
 .text.prvUnlockQueue
                0x000000000800beea       0x6e CMakeFiles/Demo.elf.dir/Middlewares/Third_Party/FreeRTOS/Source/queue.c.obj
 .text.xQueueGenericReset
                0x000000000800bf58       0x84 CMakeFiles/Demo.elf.dir/Middlewares/Third_Party/FreeRTOS/Source/queue.c.obj
                0x000000000800bf58                xQueueGenericReset
 .text.prvInitialiseNewQueue
                0x000000000800bfdc       0x22 CMakeFiles/Demo.elf.dir/Middlewares/Third_Party/FreeRTOS/Source/queue.c.obj
 .text.xQueueGenericCreateStatic
                0x000000000800bffe       0x94 CMakeFiles/Demo.elf.dir/Middlewares/Third_Party/FreeRTOS/Source/queue.c.obj
                0x000000000800bffe                xQueueGenericCreateStatic
 *fill*         0x000000000800c092        0x2 
 .text.xQueueGenericSend
                0x000000000800c094      0x180 CMakeFiles/Demo.elf.dir/Middlewares/Third_Party/FreeRTOS/Source/queue.c.obj
                0x000000000800c094                xQueueGenericSend
 .text.xQueueGenericSendFromISR
                0x000000000800c214       0xd0 CMakeFiles/Demo.elf.dir/Middlewares/Third_Party/FreeRTOS/Source/queue.c.obj
                0x000000000800c214                xQueueGenericSendFromISR
 .text.xQueueReceive
                0x000000000800c2e4      0x15c CMakeFiles/Demo.elf.dir/Middlewares/Third_Party/FreeRTOS/Source/queue.c.obj
                0x000000000800c2e4                xQueueReceive
 .text.vQueueAddToRegistry
                0x000000000800c440       0x28 CMakeFiles/Demo.elf.dir/Middlewares/Third_Party/FreeRTOS/Source/queue.c.obj
                0x000000000800c440                vQueueAddToRegistry
 .text.vQueueWaitForMessageRestricted
                0x000000000800c468       0x52 CMakeFiles/Demo.elf.dir/Middlewares/Third_Party/FreeRTOS/Source/queue.c.obj
                0x000000000800c468                vQueueWaitForMessageRestricted
 *fill*         0x000000000800c4ba        0x2 
 .text.prvResetNextTaskUnblockTime
                0x000000000800c4bc       0x2c CMakeFiles/Demo.elf.dir/Middlewares/Third_Party/FreeRTOS/Source/tasks.c.obj
 .text.prvInitialiseNewTask
                0x000000000800c4e8       0x9a CMakeFiles/Demo.elf.dir/Middlewares/Third_Party/FreeRTOS/Source/tasks.c.obj
 *fill*         0x000000000800c582        0x2 
 .text.prvInitialiseTaskLists
                0x000000000800c584       0x68 CMakeFiles/Demo.elf.dir/Middlewares/Third_Party/FreeRTOS/Source/tasks.c.obj
 .text.prvAddNewTaskToReadyList
                0x000000000800c5ec       0xac CMakeFiles/Demo.elf.dir/Middlewares/Third_Party/FreeRTOS/Source/tasks.c.obj
 .text.prvDeleteTCB
                0x000000000800c698       0x38 CMakeFiles/Demo.elf.dir/Middlewares/Third_Party/FreeRTOS/Source/tasks.c.obj
 .text.prvCheckTasksWaitingTermination
                0x000000000800c6d0       0x4c CMakeFiles/Demo.elf.dir/Middlewares/Third_Party/FreeRTOS/Source/tasks.c.obj
 .text.prvIdleTask
                0x000000000800c71c       0x28 CMakeFiles/Demo.elf.dir/Middlewares/Third_Party/FreeRTOS/Source/tasks.c.obj
 .text.prvAddCurrentTaskToDelayedList
                0x000000000800c744       0x7c CMakeFiles/Demo.elf.dir/Middlewares/Third_Party/FreeRTOS/Source/tasks.c.obj
 .text.xTaskCreateStatic
                0x000000000800c7c0       0x74 CMakeFiles/Demo.elf.dir/Middlewares/Third_Party/FreeRTOS/Source/tasks.c.obj
                0x000000000800c7c0                xTaskCreateStatic
 .text.xTaskCreate
                0x000000000800c834       0x68 CMakeFiles/Demo.elf.dir/Middlewares/Third_Party/FreeRTOS/Source/tasks.c.obj
                0x000000000800c834                xTaskCreate
 .text.vTaskStartScheduler
                0x000000000800c89c       0x94 CMakeFiles/Demo.elf.dir/Middlewares/Third_Party/FreeRTOS/Source/tasks.c.obj
                0x000000000800c89c                vTaskStartScheduler
 .text.vTaskSuspendAll
                0x000000000800c930       0x10 CMakeFiles/Demo.elf.dir/Middlewares/Third_Party/FreeRTOS/Source/tasks.c.obj
                0x000000000800c930                vTaskSuspendAll
 .text.xTaskGetTickCount
                0x000000000800c940        0xc CMakeFiles/Demo.elf.dir/Middlewares/Third_Party/FreeRTOS/Source/tasks.c.obj
                0x000000000800c940                xTaskGetTickCount
 .text.xTaskIncrementTick
                0x000000000800c94c      0x11c CMakeFiles/Demo.elf.dir/Middlewares/Third_Party/FreeRTOS/Source/tasks.c.obj
                0x000000000800c94c                xTaskIncrementTick
 .text.xTaskResumeAll
                0x000000000800ca68       0xf8 CMakeFiles/Demo.elf.dir/Middlewares/Third_Party/FreeRTOS/Source/tasks.c.obj
                0x000000000800ca68                xTaskResumeAll
 .text.vTaskDelay
                0x000000000800cb60       0x4c CMakeFiles/Demo.elf.dir/Middlewares/Third_Party/FreeRTOS/Source/tasks.c.obj
                0x000000000800cb60                vTaskDelay
 .text.vTaskSwitchContext
                0x000000000800cbac       0x98 CMakeFiles/Demo.elf.dir/Middlewares/Third_Party/FreeRTOS/Source/tasks.c.obj
                0x000000000800cbac                vTaskSwitchContext
 .text.vTaskPlaceOnEventList
                0x000000000800cc44       0x30 CMakeFiles/Demo.elf.dir/Middlewares/Third_Party/FreeRTOS/Source/tasks.c.obj
                0x000000000800cc44                vTaskPlaceOnEventList
 .text.vTaskPlaceOnEventListRestricted
                0x000000000800cc74       0x38 CMakeFiles/Demo.elf.dir/Middlewares/Third_Party/FreeRTOS/Source/tasks.c.obj
                0x000000000800cc74                vTaskPlaceOnEventListRestricted
 .text.xTaskRemoveFromEventList
                0x000000000800ccac       0x8c CMakeFiles/Demo.elf.dir/Middlewares/Third_Party/FreeRTOS/Source/tasks.c.obj
                0x000000000800ccac                xTaskRemoveFromEventList
 .text.vTaskInternalSetTimeOutState
                0x000000000800cd38       0x18 CMakeFiles/Demo.elf.dir/Middlewares/Third_Party/FreeRTOS/Source/tasks.c.obj
                0x000000000800cd38                vTaskInternalSetTimeOutState
 .text.xTaskCheckForTimeOut
                0x000000000800cd50       0x84 CMakeFiles/Demo.elf.dir/Middlewares/Third_Party/FreeRTOS/Source/tasks.c.obj
                0x000000000800cd50                xTaskCheckForTimeOut
 .text.vTaskMissedYield
                0x000000000800cdd4        0xc CMakeFiles/Demo.elf.dir/Middlewares/Third_Party/FreeRTOS/Source/tasks.c.obj
                0x000000000800cdd4                vTaskMissedYield
 .text.xTaskGetSchedulerState
                0x000000000800cde0       0x20 CMakeFiles/Demo.elf.dir/Middlewares/Third_Party/FreeRTOS/Source/tasks.c.obj
                0x000000000800cde0                xTaskGetSchedulerState
 .text.xTaskPriorityDisinherit
                0x000000000800ce00       0x90 CMakeFiles/Demo.elf.dir/Middlewares/Third_Party/FreeRTOS/Source/tasks.c.obj
                0x000000000800ce00                xTaskPriorityDisinherit
 .text.prvGetNextExpireTime
                0x000000000800ce90       0x20 CMakeFiles/Demo.elf.dir/Middlewares/Third_Party/FreeRTOS/Source/timers.c.obj
 .text.prvInsertTimerInActiveList
                0x000000000800ceb0       0x48 CMakeFiles/Demo.elf.dir/Middlewares/Third_Party/FreeRTOS/Source/timers.c.obj
 .text.prvCheckForValidListAndQueue
                0x000000000800cef8       0x70 CMakeFiles/Demo.elf.dir/Middlewares/Third_Party/FreeRTOS/Source/timers.c.obj
 .text.prvInitialiseNewTimer
                0x000000000800cf68       0x4c CMakeFiles/Demo.elf.dir/Middlewares/Third_Party/FreeRTOS/Source/timers.c.obj
 .text.xTimerCreateTimerTask
                0x000000000800cfb4       0x64 CMakeFiles/Demo.elf.dir/Middlewares/Third_Party/FreeRTOS/Source/timers.c.obj
                0x000000000800cfb4                xTimerCreateTimerTask
 .text.xTimerCreate
                0x000000000800d018       0x38 CMakeFiles/Demo.elf.dir/Middlewares/Third_Party/FreeRTOS/Source/timers.c.obj
                0x000000000800d018                xTimerCreate
 .text.xTimerCreateStatic
                0x000000000800d050       0x4e CMakeFiles/Demo.elf.dir/Middlewares/Third_Party/FreeRTOS/Source/timers.c.obj
                0x000000000800d050                xTimerCreateStatic
 *fill*         0x000000000800d09e        0x2 
 .text.xTimerGenericCommand
                0x000000000800d0a0       0x6c CMakeFiles/Demo.elf.dir/Middlewares/Third_Party/FreeRTOS/Source/timers.c.obj
                0x000000000800d0a0                xTimerGenericCommand
 .text.prvSwitchTimerLists
                0x000000000800d10c       0x7c CMakeFiles/Demo.elf.dir/Middlewares/Third_Party/FreeRTOS/Source/timers.c.obj
 .text.prvSampleTimeNow
                0x000000000800d188       0x2c CMakeFiles/Demo.elf.dir/Middlewares/Third_Party/FreeRTOS/Source/timers.c.obj
 .text.prvProcessExpiredTimer
                0x000000000800d1b4       0x6c CMakeFiles/Demo.elf.dir/Middlewares/Third_Party/FreeRTOS/Source/timers.c.obj
 .text.prvProcessTimerOrBlockTask
                0x000000000800d220       0x74 CMakeFiles/Demo.elf.dir/Middlewares/Third_Party/FreeRTOS/Source/timers.c.obj
 .text.prvProcessReceivedCommands
                0x000000000800d294      0x10c CMakeFiles/Demo.elf.dir/Middlewares/Third_Party/FreeRTOS/Source/timers.c.obj
 .text.prvTimerTask
                0x000000000800d3a0       0x16 CMakeFiles/Demo.elf.dir/Middlewares/Third_Party/FreeRTOS/Source/timers.c.obj
 .text.pvTimerGetTimerID
                0x000000000800d3b6       0x26 CMakeFiles/Demo.elf.dir/Middlewares/Third_Party/FreeRTOS/Source/timers.c.obj
                0x000000000800d3b6                pvTimerGetTimerID
 .text.MOTORC_InfoInit
                0x000000000800d3dc       0x98 CMakeFiles/Demo.elf.dir/User/motor.c.obj
                0x000000000800d3dc                MOTORC_InfoInit
 .text.MOTORC_SetCurrent
                0x000000000800d474       0x38 CMakeFiles/Demo.elf.dir/User/motor.c.obj
                0x000000000800d474                MOTORC_SetCurrent
 .text.MOTORC_CANUpdate
                0x000000000800d4ac        0xc CMakeFiles/Demo.elf.dir/User/motor.c.obj
                0x000000000800d4ac                MOTORC_CANUpdate
 .text.MOTORC_InfoUpdate
                0x000000000800d4b8       0xa8 CMakeFiles/Demo.elf.dir/User/motor.c.obj
                0x000000000800d4b8                MOTORC_InfoUpdate
 .text.MOTORC_UpdateCurrent
                0x000000000800d560        0xc CMakeFiles/Demo.elf.dir/User/motor.c.obj
                0x000000000800d560                MOTORC_UpdateCurrent
 .text.MOTORC_SetVelWithRamp
                0x000000000800d56c        0xc CMakeFiles/Demo.elf.dir/User/motor.c.obj
                0x000000000800d56c                MOTORC_SetVelWithRamp
 .text.MOTORC_SetAngle
                0x000000000800d578        0xc CMakeFiles/Demo.elf.dir/User/motor.c.obj
                0x000000000800d578                MOTORC_SetAngle
 .text.MOTORC_InfoUpdateLoop
                0x000000000800d584       0x50 CMakeFiles/Demo.elf.dir/User/motor.c.obj
                0x000000000800d584                MOTORC_InfoUpdateLoop
 .text.VofaModifyValue
                0x000000000800d5d4       0x98 CMakeFiles/Demo.elf.dir/User/motor.c.obj
                0x000000000800d5d4                VofaModifyValue
 .text.MOTORC_Test
                0x000000000800d66c       0x64 CMakeFiles/Demo.elf.dir/User/motor.c.obj
                0x000000000800d66c                MOTORC_Test
 .text.PID_DeInit
                0x000000000800d6d0       0x1a CMakeFiles/Demo.elf.dir/User/pid.c.obj
                0x000000000800d6d0                PID_DeInit
 .text.PID_UpdateTargetNow
                0x000000000800d6ea       0x58 CMakeFiles/Demo.elf.dir/User/pid.c.obj
                0x000000000800d6ea                PID_UpdateTargetNow
 .text.PID_GetOutput
                0x000000000800d742       0xf8 CMakeFiles/Demo.elf.dir/User/pid.c.obj
                0x000000000800d742                PID_GetOutput
 *fill*         0x000000000800d83a        0x2 
 .text.startup  0x000000000800d83c       0x14 /usr/lib/gcc/arm-none-eabi/9.2.1/../../../arm-none-eabi/lib/thumb/v7e-m+fp/hard/libg.a(lib_a-__call_atexit.o)
 *(.glue_7)
 .glue_7        0x000000000800d850        0x0 linker stubs
 *(.glue_7t)
 .glue_7t       0x000000000800d850        0x0 linker stubs
 *(.eh_frame)
 .eh_frame      0x000000000800d850        0x0 /usr/lib/gcc/arm-none-eabi/9.2.1/thumb/v7e-m+fp/hard/crtbegin.o
 *(.init)
 .init          0x000000000800d850        0x4 /usr/lib/gcc/arm-none-eabi/9.2.1/thumb/v7e-m+fp/hard/crti.o
                0x000000000800d850                _init
 .init          0x000000000800d854        0x8 /usr/lib/gcc/arm-none-eabi/9.2.1/thumb/v7e-m+fp/hard/crtn.o
 *(.fini)
 .fini          0x000000000800d85c        0x4 /usr/lib/gcc/arm-none-eabi/9.2.1/thumb/v7e-m+fp/hard/crti.o
                0x000000000800d85c                _fini
 .fini          0x000000000800d860        0x8 /usr/lib/gcc/arm-none-eabi/9.2.1/thumb/v7e-m+fp/hard/crtn.o
                0x000000000800d868                . = ALIGN (0x4)
                0x000000000800d868                _etext = .

.vfp11_veneer   0x000000000800d868        0x0
 .vfp11_veneer  0x000000000800d868        0x0 linker stubs

.v4_bx          0x000000000800d868        0x0
 .v4_bx         0x000000000800d868        0x0 linker stubs

.iplt           0x000000000800d868        0x0
 .iplt          0x000000000800d868        0x0 /usr/lib/gcc/arm-none-eabi/9.2.1/thumb/v7e-m+fp/hard/crtbegin.o

.rodata         0x000000000800d868      0x600
                0x000000000800d868                . = ALIGN (0x4)
 *(.rodata)
 .rodata        0x000000000800d868        0x4 /usr/lib/gcc/arm-none-eabi/9.2.1/../../../arm-none-eabi/lib/thumb/v7e-m+fp/hard/libg.a(lib_a-impure.o)
                0x000000000800d868                _global_impure_ptr
 *fill*         0x000000000800d86c        0x4 
 .rodata        0x000000000800d870       0x50 /usr/lib/gcc/arm-none-eabi/9.2.1/../../../arm-none-eabi/lib/thumb/v7e-m+fp/hard/libg.a(lib_a-strtod.o)
 .rodata        0x000000000800d8c0       0x20 /usr/lib/gcc/arm-none-eabi/9.2.1/../../../arm-none-eabi/lib/thumb/v7e-m+fp/hard/libg.a(lib_a-vfprintf.o)
 .rodata        0x000000000800d8e0      0x100 /usr/lib/gcc/arm-none-eabi/9.2.1/../../../arm-none-eabi/lib/thumb/v7e-m+fp/hard/libg.a(lib_a-gdtoa-gethex.o)
                0x000000000800d8e0                __hexdig
 .rodata        0x000000000800d9e0        0xc /usr/lib/gcc/arm-none-eabi/9.2.1/../../../arm-none-eabi/lib/thumb/v7e-m+fp/hard/libg.a(lib_a-lnumeric.o)
                0x000000000800d9e0                _C_numeric_locale
 *fill*         0x000000000800d9ec        0x4 
 .rodata        0x000000000800d9f0      0x128 /usr/lib/gcc/arm-none-eabi/9.2.1/../../../arm-none-eabi/lib/thumb/v7e-m+fp/hard/libg.a(lib_a-mprec.o)
                0x000000000800da00                __mprec_tens
                0x000000000800dac8                __mprec_tinytens
                0x000000000800daf0                __mprec_bigtens
 .rodata        0x000000000800db18       0x20 /usr/lib/gcc/arm-none-eabi/9.2.1/../../../arm-none-eabi/lib/thumb/v7e-m+fp/hard/libg.a(lib_a-vfiprintf.o)
 .rodata        0x000000000800db38      0x101 /usr/lib/gcc/arm-none-eabi/9.2.1/../../../arm-none-eabi/lib/thumb/v7e-m+fp/hard/libg.a(lib_a-ctype_.o)
                0x000000000800db38                _ctype_
 *(.rodata*)
 *fill*         0x000000000800dc39        0x3 
 .rodata.str1.4
                0x000000000800dc3c       0x18 CMakeFiles/Demo.elf.dir/Core/Src/freertos.c.obj
 .rodata.LED_attributes
                0x000000000800dc54       0x24 CMakeFiles/Demo.elf.dir/Core/Src/freertos.c.obj
                0x000000000800dc54                LED_attributes
 .rodata.defaultTask_attributes
                0x000000000800dc78       0x24 CMakeFiles/Demo.elf.dir/Core/Src/freertos.c.obj
                0x000000000800dc78                defaultTask_attributes
 .rodata.myTimer_attributes
                0x000000000800dc9c       0x10 CMakeFiles/Demo.elf.dir/Core/Src/freertos.c.obj
                0x000000000800dc9c                myTimer_attributes
 .rodata.AHBPrescTable
                0x000000000800dcac       0x10 CMakeFiles/Demo.elf.dir/Core/Src/system_stm32f4xx.c.obj
                0x000000000800dcac                AHBPrescTable
 .rodata.APBPrescTable
                0x000000000800dcbc        0x8 CMakeFiles/Demo.elf.dir/Core/Src/system_stm32f4xx.c.obj
                0x000000000800dcbc                APBPrescTable
 .rodata.flagBitshiftOffset.8529
                0x000000000800dcc4        0x8 CMakeFiles/Demo.elf.dir/Drivers/STM32F4xx_HAL_Driver/Src/stm32f4xx_hal_dma.c.obj
 .rodata.vTaskStartScheduler.str1.4
                0x000000000800dccc        0x5 CMakeFiles/Demo.elf.dir/Middlewares/Third_Party/FreeRTOS/Source/tasks.c.obj
 *fill*         0x000000000800dcd1        0x3 
 .rodata.prvCheckForValidListAndQueue.str1.4
                0x000000000800dcd4        0x5 CMakeFiles/Demo.elf.dir/Middlewares/Third_Party/FreeRTOS/Source/timers.c.obj
 *fill*         0x000000000800dcd9        0x3 
 .rodata.xTimerCreateTimerTask.str1.4
                0x000000000800dcdc        0x8 CMakeFiles/Demo.elf.dir/Middlewares/Third_Party/FreeRTOS/Source/timers.c.obj
 .rodata.MOTORC_Test.str1.4
                0x000000000800dce4       0x18 CMakeFiles/Demo.elf.dir/User/motor.c.obj
 .rodata.str1.4
                0x000000000800dcfc        0xf /usr/lib/gcc/arm-none-eabi/9.2.1/../../../arm-none-eabi/lib/thumb/v7e-m+fp/hard/libg.a(lib_a-strtod.o)
                                         0x11 (size before relaxing)
 *fill*         0x000000000800dd0b        0x1 
 .rodata.str1.4
                0x000000000800dd0c       0x42 /usr/lib/gcc/arm-none-eabi/9.2.1/../../../arm-none-eabi/lib/thumb/v7e-m+fp/hard/libg.a(lib_a-vfprintf.o)
 *fill*         0x000000000800dd4e        0x2 
 .rodata.str1.4
                0x000000000800dd50       0x56 /usr/lib/gcc/arm-none-eabi/9.2.1/../../../arm-none-eabi/lib/thumb/v7e-m+fp/hard/libg.a(lib_a-dtoa.o)
                                         0x5a (size before relaxing)
 *fill*         0x000000000800dda6        0x2 
 .rodata.str1.4
                0x000000000800dda8       0x3a /usr/lib/gcc/arm-none-eabi/9.2.1/../../../arm-none-eabi/lib/thumb/v7e-m+fp/hard/libg.a(lib_a-gdtoa-gethex.o)
                                         0x4e (size before relaxing)
 *fill*         0x000000000800dde2        0x2 
 .rodata.str1.4
                0x000000000800dde4        0x2 /usr/lib/gcc/arm-none-eabi/9.2.1/../../../arm-none-eabi/lib/thumb/v7e-m+fp/hard/libg.a(lib_a-lnumeric.o)
                                          0x5 (size before relaxing)
 *fill*         0x000000000800dde6        0x2 
 .rodata.str1.4
                0x000000000800dde8        0xa /usr/lib/gcc/arm-none-eabi/9.2.1/../../../arm-none-eabi/lib/thumb/v7e-m+fp/hard/libg.a(lib_a-locale.o)
                                         0x12 (size before relaxing)
 *fill*         0x000000000800ddf2        0x2 
 .rodata.str1.4
                0x000000000800ddf4       0x33 /usr/lib/gcc/arm-none-eabi/9.2.1/../../../arm-none-eabi/lib/thumb/v7e-m+fp/hard/libg.a(lib_a-mprec.o)
                                         0x47 (size before relaxing)
 .rodata.str1.4
                0x000000000800de27       0x2f /usr/lib/gcc/arm-none-eabi/9.2.1/../../../arm-none-eabi/lib/thumb/v7e-m+fp/hard/libg.a(lib_a-vfiprintf.o)
 *fill*         0x000000000800de27        0x1 
 .rodata.str1.4
                0x000000000800de28       0x3f /usr/lib/gcc/arm-none-eabi/9.2.1/../../../arm-none-eabi/lib/thumb/v7e-m+fp/hard/libg.a(lib_a-assert.o)
                                         0x43 (size before relaxing)
                0x000000000800de68                . = ALIGN (0x4)
 *fill*         0x000000000800de67        0x1 

.ARM.extab      0x000000000800de68        0x0
                0x000000000800de68                . = ALIGN (0x4)
 *(.ARM.extab* .gnu.linkonce.armextab.*)
                0x000000000800de68                . = ALIGN (0x4)

.ARM            0x000000000800de68        0x8
                0x000000000800de68                . = ALIGN (0x4)
                0x000000000800de68                __exidx_start = .
 *(.ARM.exidx*)
 .ARM.exidx     0x000000000800de68        0x8 /usr/lib/gcc/arm-none-eabi/9.2.1/thumb/v7e-m+fp/hard/libgcc.a(_udivmoddi4.o)
                0x000000000800de70                __exidx_end = .
                0x000000000800de70                . = ALIGN (0x4)

.rel.dyn        0x000000000800de70        0x0
 .rel.iplt      0x000000000800de70        0x0 /usr/lib/gcc/arm-none-eabi/9.2.1/thumb/v7e-m+fp/hard/crtbegin.o

.preinit_array  0x000000000800de70        0x0
                0x000000000800de70                . = ALIGN (0x4)
                0x000000000800de70                PROVIDE (__preinit_array_start = .)
 *(.preinit_array*)
                0x000000000800de70                PROVIDE (__preinit_array_end = .)
                0x000000000800de70                . = ALIGN (0x4)

.init_array     0x000000000800de70        0x8
                0x000000000800de70                . = ALIGN (0x4)
                0x000000000800de70                PROVIDE (__init_array_start = .)
 *(SORT_BY_NAME(.init_array.*))
 .init_array.00000
                0x000000000800de70        0x4 /usr/lib/gcc/arm-none-eabi/9.2.1/../../../arm-none-eabi/lib/thumb/v7e-m+fp/hard/libg.a(lib_a-__call_atexit.o)
 *(.init_array*)
 .init_array    0x000000000800de74        0x4 /usr/lib/gcc/arm-none-eabi/9.2.1/thumb/v7e-m+fp/hard/crtbegin.o
                0x000000000800de78                PROVIDE (__init_array_end = .)
                0x000000000800de78                . = ALIGN (0x4)

.fini_array     0x000000000800de78        0x4
                0x000000000800de78                . = ALIGN (0x4)
                0x000000000800de78                PROVIDE (__fini_array_start = .)
 *(SORT_BY_NAME(.fini_array.*))
 *(.fini_array*)
 .fini_array    0x000000000800de78        0x4 /usr/lib/gcc/arm-none-eabi/9.2.1/thumb/v7e-m+fp/hard/crtbegin.o
                0x000000000800de7c                PROVIDE (__fini_array_end = .)
                0x000000000800de7c                . = ALIGN (0x4)
                0x000000000800de7c                _sidata = LOADADDR (.data)

.data           0x0000000020000000      0x9c0 load address 0x000000000800de7c
                0x0000000020000000                . = ALIGN (0x4)
                0x0000000020000000                _sdata = .
 *(.data)
 .data          0x0000000020000000      0x430 /usr/lib/gcc/arm-none-eabi/9.2.1/../../../arm-none-eabi/lib/thumb/v7e-m+fp/hard/libg.a(lib_a-impure.o)
                0x0000000020000000                _impure_ptr
 .data          0x0000000020000430        0x2 /usr/lib/gcc/arm-none-eabi/9.2.1/../../../arm-none-eabi/lib/thumb/v7e-m+fp/hard/libg.a(lib_a-lnumeric.o)
 *fill*         0x0000000020000432        0x2 
 .data          0x0000000020000434      0x16c /usr/lib/gcc/arm-none-eabi/9.2.1/../../../arm-none-eabi/lib/thumb/v7e-m+fp/hard/libg.a(lib_a-locale.o)
                0x0000000020000434                __global_locale
 .data          0x00000000200005a0      0x410 /usr/lib/gcc/arm-none-eabi/9.2.1/../../../arm-none-eabi/lib/thumb/v7e-m+fp/hard/libg.a(lib_a-mallocr.o)
                0x00000000200005a0                __malloc_av_
                0x00000000200009a8                __malloc_sbrk_base
                0x00000000200009ac                __malloc_trim_threshold
 *(.data*)
 .data.SystemCoreClock
                0x00000000200009b0        0x4 CMakeFiles/Demo.elf.dir/Core/Src/system_stm32f4xx.c.obj
                0x00000000200009b0                SystemCoreClock
 .data.uwTickFreq
                0x00000000200009b4        0x1 CMakeFiles/Demo.elf.dir/Drivers/STM32F4xx_HAL_Driver/Src/stm32f4xx_hal.c.obj
                0x00000000200009b4                uwTickFreq
 *fill*         0x00000000200009b5        0x3 
 .data.uwTickPrio
                0x00000000200009b8        0x4 CMakeFiles/Demo.elf.dir/Drivers/STM32F4xx_HAL_Driver/Src/stm32f4xx_hal.c.obj
                0x00000000200009b8                uwTickPrio
 .data.uxCriticalNesting
                0x00000000200009bc        0x4 CMakeFiles/Demo.elf.dir/Middlewares/Third_Party/FreeRTOS/Source/portable/GCC/ARM_CM4F/port.c.obj
 *(.RamFunc)
 *(.RamFunc*)
                0x00000000200009c0                . = ALIGN (0x4)
                0x00000000200009c0                _edata = .
                0x000000000800e83c                _siccmram = LOADADDR (.ccmram)

.tm_clone_table
                0x00000000200009c0        0x0 load address 0x000000000800e83c
 .tm_clone_table
                0x00000000200009c0        0x0 /usr/lib/gcc/arm-none-eabi/9.2.1/thumb/v7e-m+fp/hard/crtbegin.o
 .tm_clone_table
                0x00000000200009c0        0x0 /usr/lib/gcc/arm-none-eabi/9.2.1/thumb/v7e-m+fp/hard/crtend.o

.igot.plt       0x00000000200009c0        0x0 load address 0x000000000800e83c
 .igot.plt      0x00000000200009c0        0x0 /usr/lib/gcc/arm-none-eabi/9.2.1/thumb/v7e-m+fp/hard/crtbegin.o

.ccmram         0x0000000010000000        0x0 load address 0x000000000800e83c
                0x0000000010000000                . = ALIGN (0x4)
                0x0000000010000000                _sccmram = .
 *(.ccmram)
 *(.ccmram*)
                0x0000000010000000                . = ALIGN (0x4)
                0x0000000010000000                _eccmram = .
                0x0000000010000000                . = ALIGN (0x4)

.bss            0x00000000200009c0     0x4c34
                0x00000000200009c0                _sbss = .
                0x00000000200009c0                __bss_start__ = _sbss
 *(.bss)
 .bss           0x00000000200009c0       0x1c /usr/lib/gcc/arm-none-eabi/9.2.1/thumb/v7e-m+fp/hard/crtbegin.o
 .bss           0x00000000200009dc       0x34 /usr/lib/gcc/arm-none-eabi/9.2.1/../../../arm-none-eabi/lib/thumb/v7e-m+fp/hard/libg.a(lib_a-mallocr.o)
                0x00000000200009dc                __malloc_top_pad
                0x00000000200009e0                __malloc_current_mallinfo
                0x0000000020000a08                __malloc_max_sbrked_mem
                0x0000000020000a0c                __malloc_max_total_mem
 *(.bss*)
 .bss.hcan1     0x0000000020000a10       0x28 CMakeFiles/Demo.elf.dir/Core/Src/can.c.obj
                0x0000000020000a10                hcan1
 .bss.LEDHandle
                0x0000000020000a38        0x4 CMakeFiles/Demo.elf.dir/Core/Src/freertos.c.obj
                0x0000000020000a38                LEDHandle
 .bss.defaultTaskHandle
                0x0000000020000a3c        0x4 CMakeFiles/Demo.elf.dir/Core/Src/freertos.c.obj
                0x0000000020000a3c                defaultTaskHandle
 .bss.myTimerHandle
                0x0000000020000a40        0x4 CMakeFiles/Demo.elf.dir/Core/Src/freertos.c.obj
                0x0000000020000a40                myTimerHandle
 .bss.run_times.10512
                0x0000000020000a44        0x4 CMakeFiles/Demo.elf.dir/Core/Src/freertos.c.obj
 .bss.htim1     0x0000000020000a48       0x48 CMakeFiles/Demo.elf.dir/Core/Src/stm32f4xx_hal_timebase_tim.c.obj
                0x0000000020000a48                htim1
 .bss.__sbrk_heap_end
                0x0000000020000a90        0x4 CMakeFiles/Demo.elf.dir/Core/Src/sysmem.c.obj
 .bss.hdma_uart8_rx
                0x0000000020000a94       0x60 CMakeFiles/Demo.elf.dir/Core/Src/usart.c.obj
                0x0000000020000a94                hdma_uart8_rx
 .bss.hdma_uart8_tx
                0x0000000020000af4       0x60 CMakeFiles/Demo.elf.dir/Core/Src/usart.c.obj
                0x0000000020000af4                hdma_uart8_tx
 .bss.huart8    0x0000000020000b54       0x44 CMakeFiles/Demo.elf.dir/Core/Src/usart.c.obj
                0x0000000020000b54                huart8
 .bss.recv_end_flag
                0x0000000020000b98        0x1 CMakeFiles/Demo.elf.dir/Core/Src/usart.c.obj
                0x0000000020000b98                recv_end_flag
 *fill*         0x0000000020000b99        0x3 
 .bss.rx_buffer
                0x0000000020000b9c       0x64 CMakeFiles/Demo.elf.dir/Core/Src/usart.c.obj
                0x0000000020000b9c                rx_buffer
 .bss.rx_len    0x0000000020000c00        0x1 CMakeFiles/Demo.elf.dir/Core/Src/usart.c.obj
                0x0000000020000c00                rx_len
 *fill*         0x0000000020000c01        0x3 
 .bss.uwTick    0x0000000020000c04        0x4 CMakeFiles/Demo.elf.dir/Drivers/STM32F4xx_HAL_Driver/Src/stm32f4xx_hal.c.obj
                0x0000000020000c04                uwTick
 .bss.Idle_Stack.10312
                0x0000000020000c08      0x200 CMakeFiles/Demo.elf.dir/Middlewares/Third_Party/FreeRTOS/Source/CMSIS_RTOS_V2/cmsis_os2.c.obj
 .bss.Idle_TCB.10311
                0x0000000020000e08       0x5c CMakeFiles/Demo.elf.dir/Middlewares/Third_Party/FreeRTOS/Source/CMSIS_RTOS_V2/cmsis_os2.c.obj
 .bss.KernelState
                0x0000000020000e64        0x4 CMakeFiles/Demo.elf.dir/Middlewares/Third_Party/FreeRTOS/Source/CMSIS_RTOS_V2/cmsis_os2.c.obj
 .bss.Timer_Stack.10319
                0x0000000020000e68      0x400 CMakeFiles/Demo.elf.dir/Middlewares/Third_Party/FreeRTOS/Source/CMSIS_RTOS_V2/cmsis_os2.c.obj
 .bss.Timer_TCB.10318
                0x0000000020001268       0x5c CMakeFiles/Demo.elf.dir/Middlewares/Third_Party/FreeRTOS/Source/CMSIS_RTOS_V2/cmsis_os2.c.obj
 .bss.ucMaxSysCallPriority
                0x00000000200012c4        0x1 CMakeFiles/Demo.elf.dir/Middlewares/Third_Party/FreeRTOS/Source/portable/GCC/ARM_CM4F/port.c.obj
 *fill*         0x00000000200012c5        0x3 
 .bss.ulMaxPRIGROUPValue
                0x00000000200012c8        0x4 CMakeFiles/Demo.elf.dir/Middlewares/Third_Party/FreeRTOS/Source/portable/GCC/ARM_CM4F/port.c.obj
 .bss.pxEnd     0x00000000200012cc        0x4 CMakeFiles/Demo.elf.dir/Middlewares/Third_Party/FreeRTOS/Source/portable/MemMang/heap_4.c.obj
 .bss.ucHeap    0x00000000200012d0     0x3c00 CMakeFiles/Demo.elf.dir/Middlewares/Third_Party/FreeRTOS/Source/portable/MemMang/heap_4.c.obj
 .bss.xBlockAllocatedBit
                0x0000000020004ed0        0x4 CMakeFiles/Demo.elf.dir/Middlewares/Third_Party/FreeRTOS/Source/portable/MemMang/heap_4.c.obj
 .bss.xFreeBytesRemaining
                0x0000000020004ed4        0x4 CMakeFiles/Demo.elf.dir/Middlewares/Third_Party/FreeRTOS/Source/portable/MemMang/heap_4.c.obj
 .bss.xMinimumEverFreeBytesRemaining
                0x0000000020004ed8        0x4 CMakeFiles/Demo.elf.dir/Middlewares/Third_Party/FreeRTOS/Source/portable/MemMang/heap_4.c.obj
 .bss.xNumberOfSuccessfulAllocations
                0x0000000020004edc        0x4 CMakeFiles/Demo.elf.dir/Middlewares/Third_Party/FreeRTOS/Source/portable/MemMang/heap_4.c.obj
 .bss.xNumberOfSuccessfulFrees
                0x0000000020004ee0        0x4 CMakeFiles/Demo.elf.dir/Middlewares/Third_Party/FreeRTOS/Source/portable/MemMang/heap_4.c.obj
 .bss.xStart    0x0000000020004ee4        0x8 CMakeFiles/Demo.elf.dir/Middlewares/Third_Party/FreeRTOS/Source/portable/MemMang/heap_4.c.obj
 .bss.xQueueRegistry
                0x0000000020004eec       0x40 CMakeFiles/Demo.elf.dir/Middlewares/Third_Party/FreeRTOS/Source/queue.c.obj
                0x0000000020004eec                xQueueRegistry
 .bss.pxCurrentTCB
                0x0000000020004f2c        0x4 CMakeFiles/Demo.elf.dir/Middlewares/Third_Party/FreeRTOS/Source/tasks.c.obj
                0x0000000020004f2c                pxCurrentTCB
 .bss.pxDelayedTaskList
                0x0000000020004f30        0x4 CMakeFiles/Demo.elf.dir/Middlewares/Third_Party/FreeRTOS/Source/tasks.c.obj
 .bss.pxOverflowDelayedTaskList
                0x0000000020004f34        0x4 CMakeFiles/Demo.elf.dir/Middlewares/Third_Party/FreeRTOS/Source/tasks.c.obj